=== HYBRID FINISH: best cell + guide filters ===
slugs 4729 IS=2721 OOS=2008
books 9458 t=100s
trades 7968 t=123s
running best cell gate=0.97 trig=50 full universe...
SAVED C:\Users\alexandre bandarra\Desktop\global\strategy_lab\wallet_hunt\cache\_mm_hybrid_best_full.parquet  t=367s

--- BEST CELL (gate 0.97 / trig 50) ---
IS : {'label': 'IS', 'n': 2162, 'n_both': 2161, 'pvs': np.float64(0.9565612207395419), 'pair_frac': np.float64(0.9212449482827406), 'fills_sd': np.float64(34.54209065679926), 'net_mean': np.float64(3.5576225682937057), 'net_median': np.float64(0.023191994633273594), 'ci_lo': np.float64(3.019515197245171), 'ci_hi': np.float64(4.133975401873539), 'ex2': np.float64(3.4173890145295194), 'ci_ex2_lo': np.float64(2.9196278785947127), 'ci_ex2_hi': np.float64(3.9339468838480145), 'maker_pct_sh': np.float64(0.9758052343166299), 'taker_pct_sh': np.float64(0.0241947656833702), 'sh_maker': np.float64(770976.6913725273), 'sh_taker': np.float64(19116.11020221848), 'paired_pnl': np.float64(9.329137368291837), 'residual_pnl': np.float64(-6.231111234622538), 'rebate': np.float64(0.5349051975295055)}
OOS: {'label': 'OOS', 'n': 1881, 'n_both': 1694, 'pvs': np.float64(0.9838010369819546), 'pair_frac': np.float64(0.8964247976163416), 'fills_sd': np.float64(22.829877724614565), 'net_mean': np.float64(-0.32140485832000115), 'net_median': np.float64(-0.8585782090651946), 'ci_lo': np.float64(-0.7357754552315127), 'ci_hi': np.float64(0.07273804652898501), 'ex2': np.float64(-0.39750037490541484), 'ci_ex2_lo': np.float64(-0.7995740722739088), 'ci_ex2_hi': np.float64(0.012705050688791585), 'maker_pct_sh': np.float64(0.9866024954726725), 'taker_pct_sh': np.float64(0.013397504527327733), 'sh_maker': np.float64(429234.28831268527), 'sh_taker': np.float64(5828.759148027903), 'paired_pnl': np.float64(3.891294259423386), 'residual_pnl': np.float64(-4.532336096491836), 'rebate': np.float64(0.3422920959431302)}

--- REGIME FILTER (IS-select, OOS-test) ---
good UTC hours (IS, n>=10): [0, 1, 2, 3, 4, 5, 6, 7, 8, 9, 10, 11, 12, 13, 14, 15, 16, 17, 18, 19, 20, 21, 22, 23]
good weekdays (IS, n>=20): [0, 1, 2, 3, 4, 5, 6]
regime OOS [2008 slugs]: {'label': 'OOS+regime', 'n': 1881, 'n_both': 1694, 'pvs': np.float64(0.9838010369819546), 'pair_frac': np.float64(0.8964247976163416), 'fills_sd': np.float64(22.829877724614565), 'net_mean': np.float64(-0.32140485832000115), 'net_median': np.float64(-0.8585782090651946), 'ci_lo': np.float64(-0.735316938739986), 'ci_hi': np.float64(0.1014636265835213), 'ex2': np.float64(-0.39750037490541484), 'ci_ex2_lo': np.float64(-0.7994191741707486), 'ci_ex2_hi': np.float64(-0.0007862946859068387), 'maker_pct_sh': np.float64(0.9866024954726725), 'taker_pct_sh': np.float64(0.013397504527327733), 'sh_maker': np.float64(429234.28831268527), 'sh_taker': np.float64(5828.759148027903), 'paired_pnl': np.float64(3.891294259423386), 'residual_pnl': np.float64(-4.532336096491836), 'rebate': np.float64(0.3422920959431302)}

--- CONSEC-LOSS PAUSE K=2 N=1 ---
consec-loss OOS [1682 slugs]: {'label': 'OOS+consec', 'n': 1560, 'n_both': 1387, 'pvs': np.float64(0.9854046732936337), 'pair_frac': np.float64(0.8944647785555153), 'fills_sd': np.float64(22.116666666666667), 'net_mean': np.float64(-0.34212502046037885), 'net_median': np.float64(-0.910875125200589), 'ci_lo': np.float64(-0.8036170069717236), 'ci_hi': np.float64(0.13461635463998806), 'ex2': np.float64(-0.4339253516466902), 'ci_ex2_lo': np.float64(-0.866105934569226), 'ci_ex2_hi': np.float64(-0.004110314744230306), 'maker_pct_sh': np.float64(0.9865964615585312), 'taker_pct_sh': np.float64(0.013403538441468542), 'sh_maker': np.float64(346317.9104997815), 'sh_taker': np.float64(4704.948382867778), 'paired_pnl': np.float64(3.6536015136025917), 'residual_pnl': np.float64(-4.306115769911699), 'rebate': np.float64(0.3329979908651745)}

regime+consec OOS [1682 slugs]: {'label': 'OOS+regime+consec', 'n': 1560, 'n_both': 1387, 'pvs': np.float64(0.9854046732936337), 'pair_frac': np.float64(0.8944647785555153), 'fills_sd': np.float64(22.116666666666667), 'net_mean': np.float64(-0.34212502046037885), 'net_median': np.float64(-0.910875125200589), 'ci_lo': np.float64(-0.7766723100473144), 'ci_hi': np.float64(0.11856809274189421), 'ex2': np.float64(-0.4339253516466902), 'ci_ex2_lo': np.float64(-0.8755096662255588), 'ci_ex2_hi': np.float64(0.005689094563388913), 'maker_pct_sh': np.float64(0.9865964615585312), 'taker_pct_sh': np.float64(0.013403538441468542), 'sh_maker': np.float64(346317.9104997815), 'sh_taker': np.float64(4704.948382867778), 'paired_pnl': np.float64(3.6536015136025917), 'residual_pnl': np.float64(-4.306115769911699), 'rebate': np.float64(0.3329979908651745)}

=== VERDICT (OOS ci_lo>0 AND ex2>0) ===
  [best cell raw] OOS ci_lo=-0.7451221780586987  ex2=-0.39750037490541484  -> NO-GO
  [regime] OOS ci_lo=-0.7064104868688788  ex2=-0.39750037490541484  -> NO-GO
  [consec] OOS ci_lo=-0.7927739896847296  ex2=-0.4339253516466902  -> NO-GO
  [regime+consec] OOS ci_lo=-0.7896120904623177  ex2=-0.4339253516466902  -> NO-GO

total t=369s
