F7-off 5m fires: 4956
  per-asset:
asset
BTC    2306
ETH    1575
SOL    1075

== BTC (n_fires=2306, sampled=1500) ==
  (a) 1s kline any-in [fire-300s, fire+300s]: 95.7%  >=500 samples: 95.7%  median_n=601
  (L25 load 28.5s, 600 (slug,oc) entries)
  (b) L25 any-sample in [fire_us, slot_end]: 100.0% (of 300 slugs)
  (c) trades for slug: 93.3%  joint(kline+trades, L25=100%): 86.4%

== ETH (n_fires=1575, sampled=1500) ==
  (a) 1s kline any-in [fire-300s, fire+300s]: 94.5%  >=500 samples: 94.4%  median_n=601
  (L25 load 8.1s, 600 (slug,oc) entries)
  (b) L25 any-sample in [fire_us, slot_end]: 100.0% (of 300 slugs)
  (c) trades for slug: 90.0%  joint(kline+trades, L25=100%): 83.8%

== SOL (n_fires=1075, sampled=1075) ==
  (a) 1s kline any-in [fire-300s, fire+300s]: 93.1%  >=500 samples: 92.8%  median_n=601
  (L25 load 4.1s, 600 (slug,oc) entries)
  (b) L25 any-sample in [fire_us, slot_end]: 100.0% (of 300 slugs)
  (c) trades for slug: 87.7%  joint(kline+trades, L25=100%): 80.7%

== SUMMARY ==
  BTC: {'n': 2306, 'kline': np.float64(95.73333333333333), 'l25': 100.0, 'trades': 93.33333333333333, 'joint': np.float64(86.4)}
  ETH: {'n': 1575, 'kline': np.float64(94.46666666666667), 'l25': 100.0, 'trades': 90.0, 'joint': np.float64(83.8)}
  SOL: {'n': 1075, 'kline': np.float64(93.11627906976744), 'l25': 100.0, 'trades': 87.66666666666667, 'joint': np.float64(80.74418604651163)}
