Total new candidates: 249
Will analyze ALL 249 (sorted by appearances + 30d profit)

================================================================================
VERDICT BREAKDOWN (249 wallets analyzed)
================================================================================
verdict
OTHER           139
SPORTS_MIXED     60
POLITICAL        31
SPORTS_MLB       18
UPDOWN_MIXED      1
Name: count, dtype: int64

================================================================================
UPDOWN-FOCUSED (1)
================================================================================
pseudonym                               proxy_wallet      verdict  pct_updown                 asset_mix_updown  pct_maker  lb_profit_30d  lb_profit_7d  lb_profit_1d  lb_appearances  activity_count  value_now  med_notional  n_mlb  n_election
   0x8dxd 0x63ce342161250d705dc0b16df89036c8e5f9ba9a UPDOWN_MIXED        22.8 {"btc": 35, "eth": 69, "sol": 4}        0.2            NaN           NaN           NaN               2             500        0.0          4.14      0           0

================================================================================
TOP 10 BY 30d PROFIT (all verdicts)
================================================================================
                                               pseudonym                               proxy_wallet      verdict  pct_updown               asset_mix_updown  pct_maker  lb_profit_30d  lb_profit_7d  lb_profit_1d  lb_appearances  activity_count    value_now  med_notional  n_mlb  n_election
                                              bossoskil1 0xa5ea13a81d2b7e8e424b182bdc1db08e756bd96a SPORTS_MIXED         0.0 {"btc": 0, "eth": 0, "sol": 0}        0.2   3.073877e+06 104559.319269  98052.636968               6             500  815076.1628          0.53     30           0
                                                 tubeyou 0x1887879a1bda615e88f280b582514c7d54e2678a        OTHER         0.0 {"btc": 0, "eth": 0, "sol": 0}        0.5   2.751059e+06           NaN           NaN               3             189      92.3529         11.07      0           1
                                             surfandturf 0x9f2fe025f84839ca81dd8e0338892605702d2ca8 SPORTS_MIXED         0.0 {"btc": 0, "eth": 0, "sol": 0}        0.2   2.620203e+06  37993.712029  28297.270473               6             500  125364.4038          4.16      0           0
0x492442EaB586F242B53bDa933fD5dE859c8A3782-1766317541188 0x492442eab586f242b53bda933fd5de859c8a3782 SPORTS_MIXED         0.0 {"btc": 0, "eth": 0, "sol": 0}        1.4   2.018422e+06           NaN           NaN               2             500       0.0000         57.01      0           0
                                                  Pestle 0x241f846866c2de4fb67cdb0ca6b963d85e56ef50        OTHER         0.0 {"btc": 0, "eth": 0, "sol": 0}        1.0   1.756849e+06           NaN           NaN               1             500       9.1696          8.69      0           2
                                       LaBradfordSmith22 0x9495425feeb0c250accb89275c97587011b19a27 SPORTS_MIXED         0.0 {"btc": 0, "eth": 0, "sol": 0}        0.2   1.713748e+06  67506.720461  91371.004671               7             500  730670.4491         23.34    156           0
                                               beachboy4 0xc2e7800b5af46e6093872b177b7a5e7f0563be51 SPORTS_MIXED         0.0 {"btc": 0, "eth": 0, "sol": 0}        0.8   1.665170e+06           NaN           NaN               4             500 2949529.5089         14.49      0           0
0x2a2C53bD278c04DA9962Fcf96490E17F3DfB9Bc1-1772479215461 0x2a2c53bd278c04da9962fcf96490e17f3dfb9bc1 SPORTS_MIXED         0.0 {"btc": 0, "eth": 0, "sol": 0}        0.4   1.636784e+06  35183.728142           NaN               5             500  589037.6328         14.51     25           0
                                               swisstony 0x204f72f35326db932158cba6adff0b9a1da95e14   SPORTS_MLB         0.0 {"btc": 0, "eth": 0, "sol": 0}        0.0   1.317681e+06 119552.464108           NaN               7             500  345910.4166          9.41    245           0
                                                     RN1 0x2005d16a84ceefa912d4e380cd32e7ff827875ea   SPORTS_MLB         0.0 {"btc": 0, "eth": 0, "sol": 0}        0.2   1.127007e+06           NaN           NaN               6             500  133505.6245          4.50    453           0

Saved: C:\Users\alexandre bandarra\Desktop\global\strategy_lab\wallet_hunt\cache\_lb_new_wallet_classification.csv
Saved: C:\Users\alexandre bandarra\Desktop\global\strategy_lab\wallet_hunt\cache\_lb_new_updown_focused.csv
