Harvesting counterparties from decoded wallets...
  unique counterparties: 31881
  in known set: 14

Top 30 unknown counterparties by # crosses:
                              counterparty  total_crosses   total_usdc  n_our_wallets_crossed                                                                 crossed_with
0xd44e29936409019f93993de8bd603ef6cb1bb15e          15379 3.587234e+04                      4                                  0x04b6d7e9,0x7dfc8aa2,0xce25e214,0xeebde7a0
0xe9076a87c5ed90ef16e6fe6529c943baeca0cff6          12631 4.818884e+06                      7 0x04b6d7e9,0x7dfc8aa2,0x89b5cdaa,0xb27bc932,0xce25e214,0xcfb103c3,0xeebde7a0
0xee55214ee3a9ee22a404663c76ca832577df7b04          11927 4.166312e+04                      5                       0x04b6d7e9,0x7dfc8aa2,0x89b5cdaa,0xce25e214,0xeebde7a0
0xb55fa1296e6ec55d0ce53d93b9237389f11764d4          11131 2.438812e+06                      7 0x04b6d7e9,0x7dfc8aa2,0x89b5cdaa,0xb27bc932,0xce25e214,0xcfb103c3,0xeebde7a0
0xd9013df863c1ba932780857b020dfdeacedf8e14          11035 4.016340e+04                      5                       0x04b6d7e9,0x7dfc8aa2,0xce25e214,0xcfb103c3,0xeebde7a0
0x48ac40fc545cf327edd5365435c3a9f385614a7e           9766 3.650864e+04                      5                       0x04b6d7e9,0x7dfc8aa2,0xce25e214,0xcfb103c3,0xeebde7a0
0x76d4d4703add6e94cfdb1107f3d991d85ff2c512           9207 2.694181e+05                      7 0x04b6d7e9,0x7dfc8aa2,0x89b5cdaa,0xb27bc932,0xce25e214,0xcfb103c3,0xeebde7a0
0xfb0f17657c9c24293b918adb86362a4d8fc90b02           7697 7.251572e+04                      7 0x04b6d7e9,0x7dfc8aa2,0x89b5cdaa,0xb27bc932,0xce25e214,0xcfb103c3,0xeebde7a0
0x38e598961dd0456a7fb2e758bd433d3e59fb8a4a           7648 9.607817e+03                      5                       0x04b6d7e9,0x7dfc8aa2,0xce25e214,0xcfb103c3,0xeebde7a0
0xf8e35e78265c83de7e18204502b3842710bcfd17           7408 1.267215e+06                      6            0x04b6d7e9,0x7dfc8aa2,0xb27bc932,0xce25e214,0xcfb103c3,0xeebde7a0
0x25bf6c226717bd53e8b7efdb2ae565e1f69eddfa           7061 8.190215e+03                      6            0x04b6d7e9,0x7dfc8aa2,0xb27bc932,0xce25e214,0xcfb103c3,0xeebde7a0
0xd2e8a0b4c4d67622a9f0f6ec45842f8ba2bcd107           7058 7.003535e+04                      4                                  0x04b6d7e9,0x7dfc8aa2,0xce25e214,0xeebde7a0
0xe0229e10a858860218b6132f4234602c47bd6603           6654 6.657009e+04                      6            0x04b6d7e9,0x7dfc8aa2,0x89b5cdaa,0xb27bc932,0xce25e214,0xeebde7a0
0x48ea6b561bdef5c384f83b1e05fde6b7af973e30           6341 4.336930e+04                      4                                  0x7dfc8aa2,0x89b5cdaa,0xce25e214,0xeebde7a0
0x674887d1ac838099a48b629dff53f25b7b87ee08           4989 4.110009e+04                      6            0x04b6d7e9,0x7dfc8aa2,0x89b5cdaa,0xb27bc932,0xce25e214,0xeebde7a0
0x60889af507ec3f9da136f38b1c58080bec32f361           4571 2.146888e+05                      7 0x04b6d7e9,0x7dfc8aa2,0x89b5cdaa,0xb27bc932,0xce25e214,0xcfb103c3,0xeebde7a0
0xf3531b23b504cf0aed4ff21325232b2a2d496685           4545 2.058613e+05                      7 0x04b6d7e9,0x7dfc8aa2,0x89b5cdaa,0xb27bc932,0xce25e214,0xcfb103c3,0xeebde7a0
0xc89d5c0f4d12aa83475b2b7804995578c46d9dc0           4533 3.389953e+04                      5                       0x04b6d7e9,0x7dfc8aa2,0x89b5cdaa,0xce25e214,0xeebde7a0
0xd6c74402154ebc22e9902e04d8a9ca86a1c3a6a3           4495 2.534442e+04                      6            0x04b6d7e9,0x7dfc8aa2,0x89b5cdaa,0xb27bc932,0xce25e214,0xeebde7a0
0x9a5e7b2c91192300314d4a736947530a3577aeae           4436 7.704945e+03                      7 0x04b6d7e9,0x7dfc8aa2,0x89b5cdaa,0xb27bc932,0xce25e214,0xcfb103c3,0xeebde7a0
0x1015bb260154f51e5f432cb0a3227c1619fcbac8           4309 7.641263e+04                      7 0x04b6d7e9,0x7dfc8aa2,0x89b5cdaa,0xb27bc932,0xce25e214,0xcfb103c3,0xeebde7a0
0x4d4e60750b6aba6407e4c7b5330031a95af91867           4272 3.194731e+04                      6            0x04b6d7e9,0x7dfc8aa2,0x89b5cdaa,0xb27bc932,0xce25e214,0xeebde7a0
0x7b32b6372709f19360d22271643f4e2a32a1377d           4122 1.377546e+04                      4                                  0x04b6d7e9,0x7dfc8aa2,0xce25e214,0xeebde7a0
0x3375550a4d4c4b68d5b2de7fe9d02a352455a69c           4100 1.030512e+05                      5                       0x04b6d7e9,0x7dfc8aa2,0xce25e214,0xcfb103c3,0xeebde7a0
0xf6d2f340298aaa0107d180b73aa93069f80686e7           3967 1.732010e+04                      7 0x04b6d7e9,0x7dfc8aa2,0x89b5cdaa,0xb27bc932,0xce25e214,0xcfb103c3,0xeebde7a0
0x20d2309cd92b797ae7ca175ed828ed8a27fbe29d           3922 1.598835e+05                      6            0x04b6d7e9,0x7dfc8aa2,0x89b5cdaa,0xb27bc932,0xce25e214,0xeebde7a0
0x476639d9845d7a0261cb005dae6473f089ff5a03           3806 4.650723e+04                      6            0x04b6d7e9,0x7dfc8aa2,0x89b5cdaa,0xb27bc932,0xce25e214,0xeebde7a0
0xf22f6ba87a4f8c20fc696c4b07898c659dabd06e           3761 5.241283e+04                      3                                             0x7dfc8aa2,0xce25e214,0xeebde7a0
0xbc5887953750f812be60e57ba6e178c847d65e72           3759 9.866759e+03                      5                       0x04b6d7e9,0x7dfc8aa2,0xce25e214,0xcfb103c3,0xeebde7a0
0x679c22f5d9b8d1216acbb7bf432960bf5a10afff           3756 7.926566e+03                      7 0x04b6d7e9,0x7dfc8aa2,0x89b5cdaa,0xb27bc932,0xce25e214,0xcfb103c3,0xeebde7a0

Hitting LB-API for top 100 unknown counterparties...

================================================================================
TOP UNKNOWN COUNTERPARTIES with LB-API profit data
================================================================================
                                               pseudonym                               counterparty  total_crosses  lb_profit_all  lb_profit_30d  lb_profit_7d  lb_profit_1d  lb_volume_30d                                                                 crossed_with
0xb55fa1296E6ec55D0cE53d93B9237389f11764d4-1777575277609 0xb55fa1296e6ec55d0ce53d93b9237389f11764d4          11131  209637.931147  217426.573546  11960.889259    -44.902757   1.849275e+07 0x04b6d7e9,0x7dfc8aa2,0x89b5cdaa,0xb27bc932,0xce25e214,0xcfb103c3,0xeebde7a0
                                                JetFadil 0xe0229e10a858860218b6132f4234602c47bd6603           6654  129925.345523   22222.052801           NaN           NaN   2.970168e+06            0x04b6d7e9,0x7dfc8aa2,0x89b5cdaa,0xb27bc932,0xce25e214,0xeebde7a0
0x48AC40Fc545CF327eDD5365435c3a9f385614a7e-1774337184189 0x48ac40fc545cf327edd5365435c3a9f385614a7e           9766   74022.908709   19286.847532   -971.864879    204.082646   3.988582e+06                       0x04b6d7e9,0x7dfc8aa2,0xce25e214,0xcfb103c3,0xeebde7a0
0xd9013df863C1Ba932780857B020DFdEAcedf8E14-1774337630675 0xd9013df863c1ba932780857b020dfdeacedf8e14          11035   76815.412401   14836.963209   -734.340856    174.010040   4.657719e+06                       0x04b6d7e9,0x7dfc8aa2,0xce25e214,0xcfb103c3,0xeebde7a0
                    bd0c7f3c-1195-4b8d-8fe1-00d84ac655c4 0xd2e8a0b4c4d67622a9f0f6ec45842f8ba2bcd107           7058   24323.498242   14660.872339           NaN           NaN   2.459005e+06                                  0x04b6d7e9,0x7dfc8aa2,0xce25e214,0xeebde7a0
                                               aoe2gamer 0xfb0f17657c9c24293b918adb86362a4d8fc90b02           7697   14795.958804   13284.738341   1420.670735     32.242897   5.194669e+06 0x04b6d7e9,0x7dfc8aa2,0x89b5cdaa,0xb27bc932,0xce25e214,0xcfb103c3,0xeebde7a0
                                                   sixx7 0xee55214ee3a9ee22a404663c76ca832577df7b04          11927   38953.778726    6770.343907    246.745470   -131.849539   4.260310e+06                       0x04b6d7e9,0x7dfc8aa2,0x89b5cdaa,0xce25e214,0xeebde7a0
                                                  0x0f16 0xccba8418921a3827cd66a966a71c0e75c6fc8ae4           2038            NaN    4747.744522           NaN           NaN            NaN            0x04b6d7e9,0x7dfc8aa2,0xb27bc932,0xce25e214,0xcfb103c3,0xeebde7a0
                                               snoopdoge 0x38e598961dd0456a7fb2e758bd433d3e59fb8a4a           7648   76439.218386     727.119214     86.936762     85.069029   3.804691e+06                       0x04b6d7e9,0x7dfc8aa2,0xce25e214,0xcfb103c3,0xeebde7a0
                                              hydroflask 0xf8e35e78265c83de7e18204502b3842710bcfd17           7408   -6689.072985    -691.291713  -2576.759903   -302.030665   1.228675e+07            0x04b6d7e9,0x7dfc8aa2,0xb27bc932,0xce25e214,0xcfb103c3,0xeebde7a0
                                           sherlockhomie 0xd44e29936409019f93993de8bd603ef6cb1bb15e          15379  220443.563750   -1374.098330   1458.785440    -22.253433   3.378663e+06                                  0x04b6d7e9,0x7dfc8aa2,0xce25e214,0xeebde7a0
                                              pmarket514 0x25bf6c226717bd53e8b7efdb2ae565e1f69eddfa           7061   -6318.981492   -5065.599550   -587.900582    -34.117761   1.990833e+06            0x04b6d7e9,0x7dfc8aa2,0xb27bc932,0xce25e214,0xcfb103c3,0xeebde7a0
              0x76d4d4703add6e94cfdb1107f3d991d85ff2c512 0x76d4d4703add6e94cfdb1107f3d991d85ff2c512           9207  -30033.856214  -26633.607726    381.359655     69.474249   1.050920e+07 0x04b6d7e9,0x7dfc8aa2,0x89b5cdaa,0xb27bc932,0xce25e214,0xcfb103c3,0xeebde7a0
              0xe9076a87c5ed90ef16e6fe6529c943baeca0cff6 0xe9076a87c5ed90ef16e6fe6529c943baeca0cff6          12631 -697474.712436 -397285.178479 -33403.904696    841.030908   2.578659e+07 0x04b6d7e9,0x7dfc8aa2,0x89b5cdaa,0xb27bc932,0xce25e214,0xcfb103c3,0xeebde7a0

Saved: C:\Users\alexandre bandarra\Desktop\global\strategy_lab\wallet_hunt\cache\_lb_counterparties_scored.csv
