C:\Users\alexandre bandarra\Desktop\global\strategy_lab\wallet_hunt\lb_api_deepdive_v2.py:5: SyntaxWarning: "\d" is an invalid escape sequence. Such sequences will not work in the future. Did you mean "\\d"? A raw string is also an option.
  short-form (5m/15m/1h):  ^(btc|eth|sol|doge|xrp|...)-updown-(\d+(m|h))-(\d+)$

=== 0xb55fa129... [anon-217k] [WINNER]

=== 0xe0229e10... [JetFadil] [WINNER]

=== 0x48ac40fc... [anon-19k] [WINNER]

=== 0xd9013df8... [anon-14k] [WINNER]
  TRADES: 3324  updown%=99.4  assets={'btc': 1180, 'eth': 1097, 'sol': 633, 'xrp': 395}
  TFs: {'5m': 1386, 'long-hourly-et': 892, '15m': 889, '4h': 138}
  Other types: rebates=1 redeems=175 splits=0 merges=0
  BUY%=100.0  SELL%=0.0  price_med=$0.45  range=[$0.001–$0.999]
  Price buckets: <10c=15%  10-60c=52%  >60c=33%
  Slugs: 172  both=0%  only_buy=100%  only_sell=0%  hold_med=221s
  Window: 3.2h updown / 3.2h total | Peak: UTC 1:00
  Notional med=$9.1  p75=$22.38  p95=$81.39
  -> VERDICT: DIRECTIONAL_TAKER

=== 0xfb0f1765... [aoe2gamer] [WINNER-allcross]
  TRADES: 3459  updown%=100.0  assets={'btc': 2271, 'eth': 1188}
  TFs: {'5m': 2254, '15m': 1205}
  Other types: rebates=1 redeems=40 splits=0 merges=0
  BUY%=100.0  SELL%=0.0  price_med=$0.56  range=[$0.15–$0.99]
  Price buckets: <10c=0%  10-60c=55%  >60c=45%
  Slugs: 40  both=0%  only_buy=100%  only_sell=0%  hold_med=264s
  Window: 1.2h updown / 1.2h total | Peak: UTC 1:00
  TRADES: 3451  updown%=100.0  assets={'btc': 2217, 'eth': 1234}  Notional med=$2.8  p75=$4.54  p95=$7.9

  -> VERDICT: DIRECTIONAL_TAKER  TFs: {'5m': 2437, '15m': 1014}


=== 0xee55214e... [sixx7] [WINNER]
  Other types: rebates=1 redeems=48 splits=0 merges=0
  BUY%=100.0  SELL%=0.0  price_med=$0.58  range=[$0.15–$0.99]
  TRADES: 3370  updown%=100.0  assets={'btc': 3370}  Price buckets: <10c=0%  10-60c=52%  >60c=48%
  TFs: {'5m': 3370}

  Slugs: 48  both=0%  only_buy=100%  only_sell=0%  hold_med=264s  Other types: rebates=0 redeems=130 splits=0 merges=0

  Window: 1.4h updown / 1.4h total | Peak: UTC 0:00  BUY%=100.0  SELL%=0.0  price_med=$0.64  range=[$0.01–$0.99]

  Price buckets: <10c=2%  10-60c=42%  >60c=56%  Notional med=$2.8  p75=$4.7  p95=$7.93

  Slugs: 129  both=0%  only_buy=100%  only_sell=0%  hold_med=236s  -> VERDICT: DIRECTIONAL_TAKER

  Window: 10.7h updown / 22.5h total | Peak: UTC 12:00
=== 0xd44e2993... [sherlockhomie] [MINT_AND_SELL_d44]

  Notional med=$13.06  p75=$16.03  p95=$19.07
  -> VERDICT: DIRECTIONAL_TAKER

=== 0xe9076a87... [anon-LOSER] [BIG_LOSER]
  TRADES: 3226  updown%=93.8  assets={'btc': 1798, 'eth': 1144, 'bnb': 48, 'sol': 18, 'doge': 9, 'xrp': 5, 'hype': 5}  TRADES: 3467  updown%=100.0  assets={'btc': 1456, 'eth': 843, 'sol': 641, 'xrp': 527}

  TFs: {'5m': 2756, '15m': 225, 'long-hourly-et': 29, 'long-4pm-et': 7, 'long-other': 6, '4h': 4}  TFs: {'15m': 3467}

  Other types: rebates=1 redeems=32 splits=0 merges=0  Other types: rebates=1 redeems=271 splits=0 merges=0

  BUY%=100.0  SELL%=0.0  price_med=$0.42  range=[$0.02–$0.998]
  BUY%=82.6  SELL%=17.4  price_med=$0.47  range=[$0.001–$0.999]
  Price buckets: <10c=3%  10-60c=73%  >60c=24%  Price buckets: <10c=13%  10-60c=63%  >60c=24%

  Slugs: 36  both=0%  only_buy=100%  only_sell=0%  hold_med=772s  Slugs: 254  both=61%  only_buy=38%  only_sell=1%  hold_med=300s

  Window: 2.1h updown / 2.1h total | Peak: UTC 0:00  Window: 6.3h updown / 6.3h total | Peak: UTC 20:00

  Notional med=$1.89  p75=$3.4  p95=$5.9  Notional med=$5.31  p75=$19.35  p95=$100.58

  -> VERDICT: DIRECTIONAL_TAKER  -> VERDICT: MIXED_MAKER


=== 0x76d4d470... [anon-loser2] [MEDIUM_LOSER]
=== 0xf8e35e78... [hydroflask] [SMALL_LOSER]

  TRADES: 3412  updown%=100.0  assets={'btc': 2415, 'eth': 511, 'sol': 314, 'xrp': 172}
  TFs: {'15m': 2103, '5m': 1309}
  Other types: rebates=1 redeems=53 splits=0 merges=33
  BUY%=100.0  SELL%=0.0  price_med=$0.46  range=[$0.0087–$0.999]
  Price buckets: <10c=3%  10-60c=67%  >60c=30%
  Slugs: 60  both=0%  only_buy=100%  only_sell=0%  hold_med=430s
  Window: 2.5h updown / 2.5h total | Peak: UTC 23:00
  Notional med=$2.94  p75=$6.12  p95=$15.9
  -> VERDICT: DIRECTIONAL_TAKER

=== 0xb27bc932... [0xb27bc932_known] [REFERENCE_PURE_PAIR_ARB]
  TRADES: 3481  updown%=100.0  assets={'btc': 3481}
  TFs: {'5m': 3481}
  Other types: rebates=1 redeems=18 splits=0 merges=0
  BUY%=61.1  SELL%=38.9  price_med=$0.48  range=[$0.01–$0.99]
  Price buckets: <10c=6%  10-60c=57%  >60c=38%
  Slugs: 19  both=100%  only_buy=0%  only_sell=0%  hold_med=264s
  Window: 1.5h updown / 1.5h total | Peak: UTC 0:00
  Notional med=$3.09  p75=$4.67  p95=$14.13
  -> VERDICT: MIXED_MAKER
  TRADES: 3488  updown%=100.0  assets={'btc': 3488}
  TFs: {'5m': 3488}
  Other types: rebates=1 redeems=11 splits=0 merges=0
  BUY%=100.0  SELL%=0.0  price_med=$0.49  range=[$0.01–$0.98]
  Price buckets: <10c=12%  10-60c=53%  >60c=35%
  Slugs: 11  both=0%  only_buy=100%  only_sell=0%  hold_med=240s
  Window: 0.8h updown / 20.8h total | Peak: UTC 4:00
  Notional med=$3.32  p75=$11.08  p95=$39.0
  -> VERDICT: DIRECTIONAL_TAKER
  TRADES: 2828  updown%=100.0  assets={'btc': 2075, 'sol': 444, 'eth': 309}
  TFs: {'5m': 2317, '15m': 511}
  Other types: rebates=1 redeems=99 splits=0 merges=572
  BUY%=100.0  SELL%=0.0  price_med=$0.47  range=[$0.03–$0.97]
  Price buckets: <10c=11%  10-60c=56%  >60c=33%
  Slugs: 105  both=0%  only_buy=100%  only_sell=0%  hold_med=245s
  Window: 2.1h updown / 2.1h total | Peak: UTC 0:00
  Notional med=$2.59  p75=$6.32  p95=$20.8
  -> VERDICT: DIRECTIONAL_TAKER
  TRADES: 3405  updown%=100.0  assets={'btc': 2717, 'eth': 688}
  TFs: {'5m': 2912, '15m': 493}
  Other types: rebates=1 redeems=37 splits=0 merges=57
  BUY%=100.0  SELL%=0.0  price_med=$0.44  range=[$0.01–$0.99]
  Price buckets: <10c=14%  10-60c=53%  >60c=34%
  Slugs: 37  both=0%  only_buy=100%  only_sell=0%  hold_med=256s
  Window: 1.2h updown / 1.2h total | Peak: UTC 1:00
  Notional med=$3.14  p75=$8.55  p95=$42.16
  -> VERDICT: DIRECTIONAL_TAKER

Saved: C:\Users\alexandre bandarra\Desktop\global\strategy_lab\wallet_hunt\cache\_lb_new_wallets_deepdive_v2.json
Saved: C:\Users\alexandre bandarra\Desktop\global\strategy_lab\wallet_hunt\cache\_lb_new_wallets_deepdive_v2.csv

================================================================================
VERDICT SUMMARY
================================================================================
           label           verdict  pct_updown                                             tf_mix                                asset_mix  pct_both  pct_only_buy  pct_only_sell  merge/trade  split/trade
       anon-217k DIRECTIONAL_TAKER        99.4 {"5m": 1386, "long-hourly-et": 892, "15m": 889, "4 {"btc": 1180, "eth": 1097, "sol": 633, "       0.0         100.0            0.0       0.0000          0.0
        anon-19k DIRECTIONAL_TAKER       100.0                          {"5m": 2254, "15m": 1205}               {"btc": 2271, "eth": 1188}       0.0         100.0            0.0       0.0000          0.0
        anon-14k DIRECTIONAL_TAKER       100.0                          {"5m": 2437, "15m": 1014}               {"btc": 2217, "eth": 1234}       0.0         100.0            0.0       0.0000          0.0
        JetFadil DIRECTIONAL_TAKER       100.0                                       {"5m": 3370}                            {"btc": 3370}       0.0         100.0            0.0       0.0000          0.0
   sherlockhomie DIRECTIONAL_TAKER       100.0                                      {"15m": 3467} {"btc": 1456, "eth": 843, "sol": 641, "x       0.0         100.0            0.0       0.0000          0.0
      anon-LOSER       MIXED_MAKER        93.8 {"5m": 2756, "15m": 225, "long-hourly-et": 29, "lo {"btc": 1798, "eth": 1144, "bnb": 48, "s      61.4          37.8            0.8       0.0000          0.0
           sixx7 DIRECTIONAL_TAKER       100.0                          {"15m": 2103, "5m": 1309} {"btc": 2415, "eth": 511, "sol": 314, "x       0.0         100.0            0.0       0.0097          0.0
       aoe2gamer       MIXED_MAKER       100.0                                       {"5m": 3481}                            {"btc": 3481}     100.0           0.0            0.0       0.0000          0.0
0xb27bc932_known DIRECTIONAL_TAKER       100.0                                       {"5m": 3488}                            {"btc": 3488}       0.0         100.0            0.0       0.0000          0.0
     anon-loser2 DIRECTIONAL_TAKER       100.0                           {"5m": 2317, "15m": 511}    {"btc": 2075, "sol": 444, "eth": 309}       0.0         100.0            0.0       0.2023          0.0
      hydroflask DIRECTIONAL_TAKER       100.0                           {"5m": 2912, "15m": 493}                {"btc": 2717, "eth": 688}       0.0         100.0            0.0       0.0167          0.0
