
=== 0xb55fa129... [anon-217k] [WINNER]
  activity records: 3500
  TRADES: 3322  updown%=26.9  assets={'ethereum': 351, 'bitcoin': 242, 'solana': 194, 'xrp': 107}  TFs={'hourly-et': 894}
  Other types: rebates=1 redeems=177 splits=0 merges=0
  BUY%=100.0  SELL%=0.0  Price: med=$0.205  range=[$0.001–$0.999]
  Price buckets: <10c=38%  10-60c=39%  >60c=23%
  Slugs: 16  both_sides=0%  only_buys=100%  hold_span_med=2128s
  Peak hour UTC: 0:00 (385 trades)
  Window: 3.2h
  STRATEGY HEURISTIC: NOT UPDOWN — sports/political bettor

=== 0xe0229e10... [JetFadil] [WINNER]
  activity records: 3500
  TRADES: 3370  updown%=0.0  assets={}  TFs={}
  Other types: rebates=0 redeems=130 splits=0 merges=0
  BUY%=0.0  SELL%=0.0  Price: med=$0.000  range=[$0.000–$0.000]
  Price buckets: <10c=0%  10-60c=0%  >60c=0%
  Slugs: 0  both_sides=0%  only_buys=0%  hold_span_med=0s
  Window: 22.5h
  STRATEGY HEURISTIC: NOT UPDOWN — sports/political bettor

=== 0x48ac40fc... [anon-19k] [WINNER]
  activity records: 3500
  TRADES: 3459  updown%=0.0  assets={}  TFs={}
  Other types: rebates=1 redeems=40 splits=0 merges=0
  BUY%=0.0  SELL%=0.0  Price: med=$0.000  range=[$0.000–$0.000]
  Price buckets: <10c=0%  10-60c=0%  >60c=0%
  Slugs: 0  both_sides=0%  only_buys=0%  hold_span_med=0s
  Window: 1.3h
  STRATEGY HEURISTIC: NOT UPDOWN — sports/political bettor

=== 0xd9013df8... [anon-14k] [WINNER]
  activity records: 3500
  TRADES: 3451  updown%=0.0  assets={}  TFs={}
  Other types: rebates=1 redeems=48 splits=0 merges=0
  BUY%=0.0  SELL%=0.0  Price: med=$0.000  range=[$0.000–$0.000]
  Price buckets: <10c=0%  10-60c=0%  >60c=0%
  Slugs: 0  both_sides=0%  only_buys=0%  hold_span_med=0s
  Window: 1.5h
  STRATEGY HEURISTIC: NOT UPDOWN — sports/political bettor

=== 0xfb0f1765... [aoe2gamer] [WINNER-allcross]
  activity records: 3500
  TRADES: 3480  updown%=0.0  assets={}  TFs={}
  Other types: rebates=1 redeems=19 splits=0 merges=0
  BUY%=0.0  SELL%=0.0  Price: med=$0.000  range=[$0.000–$0.000]
  Price buckets: <10c=0%  10-60c=0%  >60c=0%
  Slugs: 0  both_sides=0%  only_buys=0%  hold_span_med=0s
  Window: 1.5h
  STRATEGY HEURISTIC: NOT UPDOWN — sports/political bettor

=== 0xee55214e... [sixx7] [WINNER]
  activity records: 3500
  TRADES: 3411  updown%=0.0  assets={}  TFs={}
  Other types: rebates=1 redeems=54 splits=0 merges=33
  BUY%=0.0  SELL%=0.0  Price: med=$0.000  range=[$0.000–$0.000]
  Price buckets: <10c=0%  10-60c=0%  >60c=0%
  Slugs: 0  both_sides=0%  only_buys=0%  hold_span_med=0s
  Window: 2.5h
  STRATEGY HEURISTIC: NOT UPDOWN — sports/political bettor

=== 0xe9076a87... [anon-LOSER] [BIG_LOSER]
  activity records: 3500
  TRADES: 3228  updown%=1.4  assets={'bitcoin': 35, 'ethereum': 5, 'solana': 2}  TFs={'hourly-et': 29, 'other-updown': 9, '4pm-et': 7}
  Other types: rebates=1 redeems=269 splits=0 merges=0
  BUY%=73.3  SELL%=26.7  Price: med=$0.219  range=[$0.001–$0.999]
  Price buckets: <10c=29%  10-60c=62%  >60c=9%
  Slugs: 16  both_sides=38%  only_buys=44%  hold_span_med=114s
  Peak hour UTC: 1:00 (10 trades)
  Window: 6.3h
  STRATEGY HEURISTIC: NOT UPDOWN — sports/political bettor

=== 0x76d4d470... [anon-loser2] [MEDIUM_LOSER]
  activity records: 3500
  TRADES: 2835  updown%=0.0  assets={}  TFs={}
  Other types: rebates=1 redeems=99 splits=0 merges=565
  BUY%=0.0  SELL%=0.0  Price: med=$0.000  range=[$0.000–$0.000]
  Price buckets: <10c=0%  10-60c=0%  >60c=0%
  Slugs: 0  both_sides=0%  only_buys=0%  hold_span_med=0s
  Window: 2.1h
  STRATEGY HEURISTIC: NOT UPDOWN — sports/political bettor

=== 0xf8e35e78... [hydroflask] [SMALL_LOSER]
  activity records: 3500
  TRADES: 3405  updown%=0.0  assets={}  TFs={}
  Other types: rebates=1 redeems=37 splits=0 merges=57
  BUY%=0.0  SELL%=0.0  Price: med=$0.000  range=[$0.000–$0.000]
  Price buckets: <10c=0%  10-60c=0%  >60c=0%
  Slugs: 0  both_sides=0%  only_buys=0%  hold_span_med=0s
  Window: 1.3h
  STRATEGY HEURISTIC: NOT UPDOWN — sports/political bettor

=== 0xd44e2993... [sherlockhomie] [MINT_AND_SELL_d44]
  activity records: 3500
  TRADES: 3467  updown%=0.0  assets={}  TFs={}
  Other types: rebates=1 redeems=32 splits=0 merges=0
  BUY%=0.0  SELL%=0.0  Price: med=$0.000  range=[$0.000–$0.000]
  Price buckets: <10c=0%  10-60c=0%  >60c=0%
  Slugs: 0  both_sides=0%  only_buys=0%  hold_span_med=0s
  Window: 2.1h
  STRATEGY HEURISTIC: NOT UPDOWN — sports/political bettor

Saved JSON: C:\Users\alexandre bandarra\Desktop\global\strategy_lab\wallet_hunt\cache\_lb_new_wallets_deepdive.json
Saved CSV:  C:\Users\alexandre bandarra\Desktop\global\strategy_lab\wallet_hunt\cache\_lb_new_wallets_deepdive.csv
