  0xeebde7a0      ACC-H-ref               PURE_PAIR_ARB_MAKER           
  0xb27bc932      ACC-M-scale-ref         PURE_PAIR_ARB_MAKER           
  0xd44e2993      MAS-mini-ref            PURE_PAIR_ARB_MAKER           
  0x04b6d7e9      ACC-M-ref               PURE_PAIR_ARB_MAKER           
  0x89b5cdaa      DIRECTIONAL-ref         UNCLEAR                       
  0xf7f0b0b1      MAS-ref                 DIRECTIONAL_TAKER_BALANCED    
  0x7dfc8aa2      LOSER-anti-pattern      MIXED_PAIR_ARB                
  0xce25e214      LOSER-anti-pattern      PURE_PAIR_ARB_MAKER           
  0xcfb103c3      LOSER-anti-pattern      PURE_PAIR_ARB_MAKER           
  0x9dae874a      F2-taker                MIXED_MAKER_BIDS_AND_ASKS     
  0x7f599984      F2-taker                MIXED_MAKER_BIDS_AND_ASKS     
  0xa0a50783      F2-taker                MIXED_MAKER_BIDS_AND_ASKS     
  0xf3cfb6a6      infra-relay             NOT_UPDOWN_RECENT             
  0x0fe40e88      non-updown              PURE_PAIR_ARB_MAKER           
  0xeefe46de      small-taker             TAKER_MULTI_OUTCOMES          
  0x3e6bfd2f      non-updown              DIRECTIONAL_TAKER_BALANCED    

====================================================================================================
REFERENCE WALLETS — v3 deep-dive (the wallets that built our strategies)
====================================================================================================
     short            label               role                    verdict  pct_updown  n_slugs  pct_paired_buy  pct_paired_sell  pct_both_sides  pct_buy  px_med  sz_med  n_merge  n_split  n_rebate  merge_per_slug  trades_per_hour  slugs_per_hour                                                                            asset_mix                                          tf_mix
0x04b6d7e9       0x04b6d7e9          ACC-M-ref        PURE_PAIR_ARB_MAKER       100.0     21.0           100.0              0.0             0.0    100.0   0.450    3.69        0        0         1           0.000           2185.0            13.2                                                                        {"btc": 3477}           {"5m": 2824, "15m": 478, "long": 175}
0xb27bc932       0xb27bc932    ACC-M-scale-ref        PURE_PAIR_ARB_MAKER       100.0     11.0           100.0              0.0             0.0    100.0   0.490    3.32        0        0         1           0.000           4265.0            13.5                                                                        {"btc": 3488}                                    {"5m": 3488}
0xeebde7a0       Bonereaper          ACC-H-ref        PURE_PAIR_ARB_MAKER       100.0     42.0            85.7              0.0             0.0    100.0   0.470    3.96        0        0         0           0.000           2754.0            33.4                                                            {"btc": 2943, "eth": 516} {"5m": 2121, "15m": 1277, "long": 43, "4h": 18}
0xf7f0b0b1            wapol            MAS-ref DIRECTIONAL_TAKER_BALANCED        79.0    638.0            13.0              0.0             0.0    100.0   0.470    4.44        0        0         5           0.000              3.0             0.9 {"btc": 1641, "xrp": 326, "eth": 238, "sol": 156, "doge": 18, "bnb": 16, "hype": 15}                        {"5m": 2111, "15m": 299}
0xd44e2993    sherlockhomie       MAS-mini-ref        PURE_PAIR_ARB_MAKER       100.0     43.0           100.0              0.0             0.0    100.0   0.450    2.05        0        0         1           0.000           1347.0            16.7                                    {"btc": 1549, "eth": 855, "sol": 555, "xrp": 500}                                   {"15m": 3459}
0x89b5cdaa          ohanism    DIRECTIONAL-ref                    UNCLEAR       100.0    198.0            27.8              1.0            20.7     85.9   0.710    7.09        0        0         1           0.000           1083.0            64.9                                    {"btc": 1955, "eth": 723, "sol": 421, "xrp": 207}           {"5m": 2491, "15m": 702, "long": 113}
0x7f599984       0x7f599984           F2-taker  MIXED_MAKER_BIDS_AND_ASKS       100.0     83.0             2.4              0.0            39.8     72.2   0.390    3.10        0        0         2           0.000            124.0             3.0                                                                        {"btc": 3417}                          {"5m": 3412, "15m": 5}
0x9dae874a       Prgovindu1           F2-taker  MIXED_MAKER_BIDS_AND_ASKS       100.0     70.0             0.0              0.0            40.0     77.1   0.330    2.32        0        0         2           0.000            120.0             2.5                                                                        {"btc": 3429}                                    {"5m": 3429}
0xa0a50783       0xa0a50783           F2-taker  MIXED_MAKER_BIDS_AND_ASKS       100.0     80.0             0.0              0.0            38.8     78.7   0.364    2.73        0        0         2           0.000            101.0             2.4                                                                        {"btc": 3420}                          {"5m": 3413, "15m": 7}
0x7dfc8aa2 CramSchoolClub01 LOSER-anti-pattern             MIXED_PAIR_ARB       100.0    145.0            52.4              0.7             0.0     99.9   0.410    3.14        0        1         4           0.000             28.0             1.2                                                                        {"btc": 3393}                         {"5m": 3318, "15m": 75}
0xce25e214       0xce25e214 LOSER-anti-pattern        PURE_PAIR_ARB_MAKER       100.0    156.0            91.7              0.0             0.0    100.0   0.498    9.86        0        0         1           0.000            817.0            38.0                                   {"btc": 1598, "eth": 1077, "sol": 395, "xrp": 282}                       {"5m": 1962, "15m": 1390}
0xcfb103c3      xuanxuan008 LOSER-anti-pattern        PURE_PAIR_ARB_MAKER       100.0    237.0            99.6              0.0             0.0    100.0   0.510   15.53      327        0         0           1.380            134.0            10.1                                                                        {"btc": 3125}                                    {"5m": 3125}
0xeefe46de       hqhjqoqggg        small-taker       TAKER_MULTI_OUTCOMES       100.0     65.0            35.4              0.0             1.5     99.7   0.280    2.00        4        0         2           0.062            142.0             2.7                                                                        {"btc": 3454}                         {"5m": 3433, "15m": 21}
0x0fe40e88     gobblewobble         non-updown        PURE_PAIR_ARB_MAKER        80.1     24.0           100.0              0.0             0.0    100.0   0.380   23.19        0        0        11           0.000             11.0             0.1                                                            {"btc": 1854, "eth": 890}                                  {"long": 2744}
0x3e6bfd2f     btcbeliver01         non-updown DIRECTIONAL_TAKER_BALANCED       100.0     32.0            18.8              0.0             0.0    100.0   0.300    1.67        0        0         2           0.000            428.0             3.9                                                                        {"btc": 3479}                                    {"5m": 3479}
0xf3cfb6a6            relay        infra-relay          NOT_UPDOWN_RECENT         0.0      NaN             NaN              NaN             NaN      NaN     NaN     NaN        0        0         0             NaN              NaN             NaN                                                                                   {}                                              {}
