======================================================================
FULL SWEEP — LB-API on all known wallets
======================================================================
     short                        pseudonym  lb_profit_all  lb_profit_30d  lb_profit_7d  lb_profit_1d  lb_volume_30d  chain_per_day_expected  lb_per_day_30d
0x0fe40e88                     gobblewobble  397130.258085    4731.652562   3373.312771  -1069.139359   2.229107e+06                 19000.0      157.721752
0x3e6bfd2f                     btcbeliver01   29593.598901   29593.598901           NaN           NaN   2.110270e+05                166000.0      986.453297
0x7f599984 0x7F59998477864871448e312011fA5c   41344.306315   41344.306315           NaN           NaN   5.375469e+05                  6300.0     1378.143544
0x9dae874a                       Prgovindu1   49205.109683   49205.109683           NaN           NaN   5.518927e+05                  5900.0     1640.170323
0xa0a50783 0xA0a5078359daD63993a868F6d2Db82   46438.311366   46438.311366           NaN           NaN   4.896838e+05                  6000.0     1547.943712
0xeefe46de                       hqhjqoqggg   29406.162265   29406.162265           NaN           NaN   6.066025e+05                    94.0      980.205409
0xf247584e 0xf247584e41117bbBe4Cc06E4d2C957  544693.808769    6021.598264     60.912421           NaN   5.304029e+05                     NaN      200.719942
0xf3cfb6a6                                             NaN            NaN           NaN           NaN            NaN                     NaN             NaN
0xf7f0b0b1                            wapol  348054.253660   -1050.899979           NaN           NaN   3.955727e+04                 30000.0      -35.029999

Saved: C:\Users\alexandre bandarra\Desktop\global\strategy_lab\wallet_hunt\cache\_lb_api_discrepancy_table.csv

======================================================================
LEADERBOARD ENDPOINT DISCOVERY
======================================================================
  [200] http://lb-api.polymarket.com/profit?window=1d
       preview={'len': 50, 'first': {'proxyWallet': '0xa5ea13a81d2b7e8e424b182bdc1db08e756bd96a', 'amount': 98052.63696809998, 'pseudonym': 'bossoskil1', 'name': 'bossoskil1', 'bio': '', 'profileImage': '', 'profileImageOptimized': ''}}
  [200] http://lb-api.polymarket.com/profit?window=1d&limit=50
       preview={'len': 50, 'first': {'proxyWallet': '0xa5ea13a81d2b7e8e424b182bdc1db08e756bd96a', 'amount': 98052.63696809998, 'pseudonym': 'bossoskil1', 'name': 'bossoskil1', 'bio': '', 'profileImage': '', 'profileImageOptimized': ''}}
  [404] http://lb-api.polymarket.com/profit/leaderboard?window=1d
  [404] http://lb-api.polymarket.com/profit/top?window=1d
  [200] http://lb-api.polymarket.com/profit?window=1d&top=50
       preview={'len': 50, 'first': {'proxyWallet': '0xa5ea13a81d2b7e8e424b182bdc1db08e756bd96a', 'amount': 98052.63696809998, 'pseudonym': 'bossoskil1', 'name': 'bossoskil1', 'bio': '', 'profileImage': '', 'profileImageOptimized': ''}}
  [200] http://lb-api.polymarket.com/volume?window=1d
       preview={'len': 50, 'first': {'proxyWallet': '0xb687f00464e33934f5d591f224e71c3559ecaee5', 'pseudonym': 'alwayslatetotheparty', 'amount': 1426440.3, 'name': 'alwayslatetotheparty', 'bio': '', 'profileImage': '', 'profileImageOptimized': ''}}
  [404] https://data-api.polymarket.com/leaderboard?window=1d&type=profit
  [404] https://data-api.polymarket.com/leaderboard?window=1d
  [404] https://data-api.polymarket.com/leaderboard/profit?window=1d
  [404] https://data-api.polymarket.com/top-traders?window=1d
  [404] https://gamma-api.polymarket.com/leaderboard?window=1d
  [404] https://gamma-api.polymarket.com/leaderboard
  [404] https://polymarket.com/api/leaderboard?window=1d
  [404] https://polymarket.com/api/profile/leaderboard?window=1d
  [404] https://clob.polymarket.com/leaderboard?window=1d
