
=== BTC 15m ===
  universe: 2036 markets
  trades loaded: 24,002,995  (73.6s)
  Up trades: 12,234,736
  indexed 6886 slugs  (127.5s)
  --- BTC 15m results ---
asset  entry_off_s obs_mode  threshold  n_fires  hit_rate  pnl_flat_0.5  n_up  n_down
  BTC           60     full          0     1626    0.5006        -357.0  1626       0
  BTC           60     full        100     1626    0.5006        -357.0  1626       0
  BTC           60     full        500     1626    0.5006        -357.0  1626       0
  BTC           60     full       1000     1625    0.5009        -332.0  1625       0
  BTC           60     full       5000     1376    0.5894        5744.5  1376       0
  BTC           60    last5          0     1624    0.5018        -257.5  1621       3
  BTC           60    last5        100     1556    0.5231        1393.0  1554       2
  BTC           60    last5        500     1316    0.6178        7343.5  1315       1
  BTC           60    last5       1000     1204    0.6694        9797.0  1204       0
  BTC           60    last5       5000      808    0.8700       14598.5   808       0
  BTC          180     full          0     1626    0.5006        -357.0  1626       0
  BTC          180     full        100     1626    0.5006        -357.0  1626       0
  BTC          180     full        500     1626    0.5006        -357.0  1626       0
  BTC          180     full       1000     1625    0.5009        -332.0  1625       0
  BTC          180     full       5000     1340    0.5940        5902.0  1340       0
  BTC          180    last5          0     1623    0.5028        -183.0  1619       4
  BTC          180    last5        100     1605    0.5078         217.5  1602       3
  BTC          180    last5        500     1433    0.5659        4319.5  1430       3
  BTC          180    last5       1000     1267    0.6338        8073.5  1266       1
  BTC          180    last5       5000      631    0.8780       11648.0   631       0

=== ETH 15m ===
  universe: 2036 markets
  trades loaded: 6,042,172  (13.2s)
  Up trades: 3,079,453
  indexed 6852 slugs  (34.2s)
  --- ETH 15m results ---
asset  entry_off_s obs_mode  threshold  n_fires  hit_rate  pnl_flat_0.5  n_up  n_down
  ETH           60     full          0     1626    0.4951        -802.5  1626       0
  ETH           60     full        100     1626    0.4951        -802.5  1626       0
  ETH           60     full        500     1572    0.5121         547.5  1572       0
  ETH           60     full       1000     1368    0.5819        5202.0  1368       0
  ETH           60     full       5000      354    0.9463        7732.5   354       0
  ETH           60    last5          0     1623    0.5015        -282.0  1606      17
  ETH           60    last5        100     1341    0.5958        6025.5  1337       4
  ETH           60    last5        500     1021    0.7483       12293.0  1020       1
  ETH           60    last5       1000      837    0.8303       13477.5   836       1
  ETH           60    last5       5000      109    0.9908        2621.0   109       0
  ETH          180     full          0     1626    0.4951        -802.5  1626       0
  ETH          180     full        100     1625    0.4954        -777.5  1625       0
  ETH          180     full        500     1558    0.5141         699.5  1558       0
  ETH          180     full       1000     1311    0.5919        5637.0  1311       0
  ETH          180     full       5000      228    0.9605        5140.5   228       0
  ETH          180    last5          0     1622    0.4969        -653.0  1611      11
  ETH          180    last5        100     1423    0.5559        3579.5  1418       5
  ETH          180    last5        500      985    0.7228       10619.0   985       0
  ETH          180    last5       1000      653    0.8315       10553.5   653       0
  ETH          180    last5       5000       88    1.0000        2156.0    88       0

=== SOL 15m ===
  universe: 2036 markets
  trades loaded: 2,677,331  (8.2s)
  Up trades: 1,407,630
  indexed 6840 slugs  (28.3s)
  --- SOL 15m results ---
asset  entry_off_s obs_mode  threshold  n_fires  hit_rate  pnl_flat_0.5  n_up  n_down
  SOL           60     full          0     1626    0.5123         583.5  1625       1
  SOL           60     full        100     1594    0.5220        1334.0  1594       0
  SOL           60     full        500     1164    0.6838       10302.0  1164       0
  SOL           60     full       1000      820    0.8366       13457.0   820       0
  SOL           60     full       5000       65    1.0000        1592.5    65       0
  SOL           60    last5          0     1616    0.5309        2071.0  1587      29
  SOL           60    last5        100     1143    0.7157       11916.0  1140       3
  SOL           60    last5        500      733    0.8813       13652.0   732       1
  SOL           60    last5       1000      434    0.9677        9940.0   434       0
  SOL           60    last5       5000        8    1.0000         196.0     8       0
  SOL          180     full          0     1626    0.5129         633.0  1626       0
  SOL          180     full        100     1586    0.5252        1583.5  1586       0
  SOL          180     full        500     1069    0.6950       10053.5  1069       0
  SOL          180     full       1000      574    0.8310        9261.5   574       0
  SOL          180     full       5000       33    1.0000         808.5    33       0
  SOL          180    last5          0     1621    0.5262        1698.5  1591      30
  SOL          180    last5        100     1119    0.6944       10486.5  1118       1
  SOL          180    last5        500      481    0.8815        8963.0   481       0
  SOL          180    last5       1000      239    0.9540        5311.0   239       0
  SOL          180    last5       5000        6    1.0000         147.0     6       0
C:\Users\alexandre bandarra\Desktop\global\strategy_lab\discovery_2026_05_16\strat_A2_cvd_15m_late.py:156: FutureWarning: DataFrameGroupBy.apply operated on the grouping columns. This behavior is deprecated, and in a future version of pandas the grouping columns will be excluded from the operation. Either pass `include_groups=False` to exclude the groupings or explicitly select the grouping columns after groupby to silence this warning.
  agg = combined.groupby(["entry_off_s","obs_mode","threshold"]).apply(

=== A2 COMBINED (all assets) ===
 entry_off_s obs_mode  threshold  n_fires  hit_rate  pnl_flat_0.5
          60     full          0   4878.0  0.502667        -576.0
          60     full        100   4846.0  0.505794         174.5
          60     full        500   4362.0  0.553631       10492.5
          60     full       1000   3813.0  0.602154       18327.0
          60     full       5000   1795.0  0.674654       15069.5
          60    last5          0   4863.0  0.511370        1531.5
          60    last5        100   4040.0  0.601722       19334.5
          60    last5        500   3070.0  0.724115       33288.5
          60    last5       1000   2475.0  0.776121       33214.5
          60    last5       5000    925.0  0.885359       17415.5
         180     full          0   4878.0  0.502867        -526.5
         180     full        100   4837.0  0.506919         449.0
         180     full        500   4253.0  0.554408       10396.0
         180     full       1000   3510.0  0.588871       14566.5
         180     full       5000   1601.0  0.654562       11851.0
         180    last5          0   4866.0  0.508629         862.5
         180    last5        100   4147.0  0.574656       14283.5
         180    last5        500   2899.0  0.671574       23901.5
         180    last5       1000   2159.0  0.729041       23938.0
         180    last5       5000    725.0  0.893818       13951.0

=== A2 NO-LOOKAHEAD EXAMPLES (max trade ts_us must be < entry_us) ===
  BTC slug=btc-updown-15m-1777290300 off=60s mode=full
    lo_us=1777290300000000 entry_us=1777291140000000 slot_end_us=1777291200000000
    n_used=388 max_trade_ts_us=1777291138000000 OK=True
  ETH slug=eth-updown-15m-1777290300 off=60s mode=full
    lo_us=1777290300000000 entry_us=1777291140000000 slot_end_us=1777291200000000
    n_used=318 max_trade_ts_us=1777291136000000 OK=True
  SOL slug=sol-updown-15m-1777290300 off=60s mode=full
    lo_us=1777290300000000 entry_us=1777291140000000 slot_end_us=1777291200000000
    n_used=136 max_trade_ts_us=1777291136000000 OK=True

Wrote: C:\Users\alexandre bandarra\Desktop\global\strategy_lab\discovery_2026_05_16\_A2_per_asset_threshold.csv
