[H] Loading resolutions universe...
[H] 24438 markets after L25-window filter.
[H] Computing binance features (ret + recent sigma) per row...
[H] ret_obs_early coverage: 24438/24438
[H] sigma_recent_early coverage: 22497/24438

[H] === EARLY variant (fire @ ws_s + 120s) ===
   [H] BTC/early: 7499 candidate rows, 7499 unique slugs.
   [H] BTC/early: loading L25 batch 1/15 (500 slugs)...
   [H] BTC/early: loading L25 batch 2/15 (500 slugs)...
   [H] BTC/early: loading L25 batch 3/15 (500 slugs)...
   [H] BTC/early: loading L25 batch 4/15 (500 slugs)...
   [H] BTC/early: loading L25 batch 5/15 (500 slugs)...
   [H] BTC/early: loading L25 batch 6/15 (500 slugs)...
   [H] BTC/early: loading L25 batch 7/15 (500 slugs)...
   [H] BTC/early: loading L25 batch 8/15 (500 slugs)...
   [H] BTC/early: loading L25 batch 9/15 (500 slugs)...
   [H] BTC/early: loading L25 batch 10/15 (500 slugs)...
   [H] BTC/early: loading L25 batch 11/15 (500 slugs)...
   [H] BTC/early: loading L25 batch 12/15 (500 slugs)...
   [H] BTC/early: loading L25 batch 13/15 (500 slugs)...
   [H] BTC/early: loading L25 batch 14/15 (500 slugs)...
   [H] BTC/early: loading L25 batch 15/15 (499 slugs)...
[H] BTC/early: 25733 fired trades across all thresholds.
   [H] ETH/early: 7499 candidate rows, 7499 unique slugs.
   [H] ETH/early: loading L25 batch 1/15 (500 slugs)...
   [H] ETH/early: loading L25 batch 2/15 (500 slugs)...
   [H] ETH/early: loading L25 batch 3/15 (500 slugs)...
   [H] ETH/early: loading L25 batch 4/15 (500 slugs)...
   [H] ETH/early: loading L25 batch 5/15 (500 slugs)...
   [H] ETH/early: loading L25 batch 6/15 (500 slugs)...
   [H] ETH/early: loading L25 batch 7/15 (500 slugs)...
   [H] ETH/early: loading L25 batch 8/15 (500 slugs)...
   [H] ETH/early: loading L25 batch 9/15 (500 slugs)...
   [H] ETH/early: loading L25 batch 10/15 (500 slugs)...
   [H] ETH/early: loading L25 batch 11/15 (500 slugs)...
   [H] ETH/early: loading L25 batch 12/15 (500 slugs)...
   [H] ETH/early: loading L25 batch 13/15 (500 slugs)...
   [H] ETH/early: loading L25 batch 14/15 (500 slugs)...
   [H] ETH/early: loading L25 batch 15/15 (499 slugs)...
[H] ETH/early: 19312 fired trades across all thresholds.
   [H] SOL/early: 7499 candidate rows, 7499 unique slugs.
   [H] SOL/early: loading L25 batch 1/15 (500 slugs)...
   [H] SOL/early: loading L25 batch 2/15 (500 slugs)...
   [H] SOL/early: loading L25 batch 3/15 (500 slugs)...
   [H] SOL/early: loading L25 batch 4/15 (500 slugs)...
   [H] SOL/early: loading L25 batch 5/15 (500 slugs)...
   [H] SOL/early: loading L25 batch 6/15 (500 slugs)...
   [H] SOL/early: loading L25 batch 7/15 (500 slugs)...
   [H] SOL/early: loading L25 batch 8/15 (500 slugs)...
   [H] SOL/early: loading L25 batch 9/15 (500 slugs)...
   [H] SOL/early: loading L25 batch 10/15 (500 slugs)...
   [H] SOL/early: loading L25 batch 11/15 (500 slugs)...
   [H] SOL/early: loading L25 batch 12/15 (500 slugs)...
   [H] SOL/early: loading L25 batch 13/15 (500 slugs)...
   [H] SOL/early: loading L25 batch 14/15 (500 slugs)...
   [H] SOL/early: loading L25 batch 15/15 (499 slugs)...
[H] SOL/early: 18209 fired trades across all thresholds.

[H] === LATE-15m variant (fire @ slot_end - 60s) ===
   [H] BTC/late15: 1876 candidate rows, 1876 unique slugs.
   [H] BTC/late15: loading L25 batch 1/4 (500 slugs)...
   [H] BTC/late15: loading L25 batch 2/4 (500 slugs)...
   [H] BTC/late15: loading L25 batch 3/4 (500 slugs)...
   [H] BTC/late15: loading L25 batch 4/4 (376 slugs)...
[H] BTC/late15: 2303 fired trades across all thresholds.
   [H] ETH/late15: 1876 candidate rows, 1876 unique slugs.
   [H] ETH/late15: loading L25 batch 1/4 (500 slugs)...
   [H] ETH/late15: loading L25 batch 2/4 (500 slugs)...
   [H] ETH/late15: loading L25 batch 3/4 (500 slugs)...
   [H] ETH/late15: loading L25 batch 4/4 (376 slugs)...
[H] ETH/late15: 2210 fired trades across all thresholds.
   [H] SOL/late15: 1876 candidate rows, 1876 unique slugs.
   [H] SOL/late15: loading L25 batch 1/4 (500 slugs)...
   [H] SOL/late15: loading L25 batch 2/4 (500 slugs)...
   [H] SOL/late15: loading L25 batch 3/4 (500 slugs)...
   [H] SOL/late15: loading L25 batch 4/4 (376 slugs)...
[H] SOL/late15: 2256 fired trades across all thresholds.

[H] === overall sweep ===
  variant   thr      n     hit         pnl  pnl_mean
0   early  0.02  16315  0.5016 -11244.5843   -0.6892
1   early  0.05  16026  0.5015 -11267.0784   -0.7030
2   early  0.10  15646  0.5025 -10289.5682   -0.6576
3   early  0.15  15267  0.5028  -9821.3179   -0.6433
4  late15  0.02   3277  0.1730 -33946.6908  -10.3591
5  late15  0.05   2801  0.1585 -30854.4570  -11.0155
6  late15  0.10    430  0.6256    868.5848    2.0200
7  late15  0.15    261  0.5939    921.7850    3.5317

[H] === per-asset/timeframe ===
   variant   thr ticker timeframe     n     hit         pnl
0    early  0.02    BTC       15m  1478  0.4986  -1036.6649
1    early  0.02    BTC        5m  5200  0.5085   -509.7194
2    early  0.02    ETH       15m   949  0.5005   -694.1172
3    early  0.02    ETH        5m  4091  0.5016  -2905.4379
4    early  0.02    SOL       15m  1135  0.5128   -505.8754
5    early  0.02    SOL        5m  3462  0.4893  -5592.7695
6    early  0.05    BTC       15m  1446  0.4959  -1223.9270
7    early  0.05    BTC        5m  5099  0.5083   -538.0826
8    early  0.05    ETH       15m   925  0.5016   -637.6523
9    early  0.05    ETH        5m  3990  0.5020  -2784.2150
10   early  0.05    SOL       15m  1132  0.5124   -532.1036
11   early  0.05    SOL        5m  3434  0.4895  -5551.0979
12   early  0.10    BTC       15m  1402  0.5036   -665.1269
13   early  0.10    BTC        5m  4937  0.5086   -460.7708
14   early  0.10    ETH       15m   900  0.5022   -595.4769
15   early  0.10    ETH        5m  3854  0.5031  -2482.1206
16   early  0.10    SOL       15m  1129  0.5120   -552.0610
17   early  0.10    SOL        5m  3424  0.4895  -5534.0120
18   early  0.15    BTC       15m  1366  0.5044   -606.4262
19   early  0.15    BTC        5m  4805  0.5099   -138.7955
20   early  0.15    ETH       15m   872  0.5034   -519.4902
21   early  0.15    ETH        5m  3731  0.5017  -2632.5046
22   early  0.15    SOL       15m  1119  0.5103   -639.4750
23   early  0.15    SOL        5m  3374  0.4905  -5284.6264
24  late15  0.02    BTC       15m  1077  0.2015  -5966.7381
25  late15  0.02    ETH       15m  1087  0.1748 -11086.8764
26  late15  0.02    SOL       15m  1113  0.1438 -16893.0763
27  late15  0.05    BTC       15m   911  0.1844  -4952.2542
28  late15  0.05    ETH       15m   925  0.1622  -9848.2469
29  late15  0.05    SOL       15m   965  0.1306 -16053.9559
30  late15  0.10    BTC       15m   195  0.5590     81.0648
31  late15  0.10    ETH       15m   126  0.6746    727.7169
32  late15  0.10    SOL       15m   109  0.6881     59.8031
33  late15  0.15    BTC       15m   120  0.4917      8.8874
34  late15  0.15    ETH       15m    72  0.6667    746.0862
35  late15  0.15    SOL       15m    69  0.6957    166.8113

[H] best config: variant=late15 thr=0.15 n=261 hit=0.5939 pnl=$921.78
[H] verdict: ALPHA-CANDIDATE

[H] === NO-LOOKAHEAD SANITY (5 random fires) ===
  slug=eth-updown-15m-1777793400 variant=late15 fire_signal=DOWN edge=-0.0940 vwap=0.0127
  slug=btc-updown-5m-1778610600 variant=early fire_signal=DOWN edge=-0.4050 vwap=0.5000
  slug=btc-updown-15m-1777710600 variant=late15 fire_signal=DOWN edge=-0.0965 vwap=0.0085
  slug=sol-updown-5m-1777859100 variant=early fire_signal=UP edge=0.2649 vwap=0.5083
  slug=eth-updown-15m-1777410000 variant=early fire_signal=DOWN edge=-0.1096 vwap=0.5100
