=== SOL contra-imbalance test (100ms latency baked in via no-kline-use) ===
Signal: when Up-side top-5 imbalance > cutoff, fire DOWN at Down-book ask.
This test uses ONLY book data — no klines used, so NO microsecond lookahead.

--- SOL ---
  anchor=slot_end- 60s cutoff=0.60                    n= 373  hit=0.5925  pnl=$  -3138  ppt=$-8.41  p=1.000  CI=[$-9.90,$-6.88]
  anchor=slot_end- 60s cutoff=0.65                    n= 333  hit=0.5886  pnl=$  -2850  ppt=$-8.56  p=1.000  CI=[$-10.15,$-6.85]
  anchor=slot_end- 60s cutoff=0.70                    n= 289  hit=0.5986  pnl=$  -2450  ppt=$-8.48  p=1.000  CI=[$-10.08,$-6.70]
  anchor=slot_end- 60s cutoff=0.75                    n= 245  hit=0.6122  pnl=$  -2045  ppt=$-8.35  p=1.000  CI=[$-10.16,$-6.53]
  anchor=slot_end- 90s cutoff=0.60                    n= 378  hit=0.6323  pnl=$  -2070  ppt=$-5.48  p=1.000  CI=[$-8.26,$-1.40]
  anchor=slot_end- 90s cutoff=0.65                    n= 333  hit=0.6276  pnl=$  -2466  ppt=$-7.41  p=1.000  CI=[$-9.00,$-5.63]
  anchor=slot_end- 90s cutoff=0.70                    n= 280  hit=0.6321  pnl=$  -2191  ppt=$-7.83  p=1.000  CI=[$-9.45,$-6.21]
  anchor=slot_end- 90s cutoff=0.75                    n= 241  hit=0.6432  pnl=$  -1849  ppt=$-7.67  p=1.000  CI=[$-9.39,$-6.00]
  anchor=slot_end-120s cutoff=0.60                    n= 369  hit=0.6775  pnl=$  -1408  ppt=$-3.82  p=0.998  CI=[$-6.68,$+0.40]
  anchor=slot_end-120s cutoff=0.65                    n= 314  hit=0.6911  pnl=$  -1697  ppt=$-5.40  p=1.000  CI=[$-7.07,$-3.80]
  anchor=slot_end-120s cutoff=0.70                    n= 264  hit=0.7083  pnl=$  -1332  ppt=$-5.04  p=1.000  CI=[$-6.85,$-3.15]
  anchor=slot_end-120s cutoff=0.75                    n= 219  hit=0.7260  pnl=$  -1035  ppt=$-4.73  p=1.000  CI=[$-6.70,$-2.68]
  anchor=slot_end-180s cutoff=0.60                    n= 365  hit=0.7315  pnl=$  -1463  ppt=$-4.01  p=1.000  CI=[$-5.58,$-2.41]
  anchor=slot_end-180s cutoff=0.65                    n= 307  hit=0.7492  pnl=$  -1316  ppt=$-4.29  p=1.000  CI=[$-5.74,$-2.76]
  anchor=slot_end-180s cutoff=0.70                    n= 259  hit=0.7799  pnl=$   -979  ppt=$-3.78  p=1.000  CI=[$-5.26,$-2.34]
  anchor=slot_end-180s cutoff=0.75                    n= 208  hit=0.8029  pnl=$   -708  ppt=$-3.40  p=1.000  CI=[$-4.98,$-1.90]
  anchor=slot_end-300s cutoff=0.60                    n= 385  hit=0.7870  pnl=$   +236  ppt=$+0.61  p=0.274  CI=[$-1.21,$+2.60]
  anchor=slot_end-300s cutoff=0.65                    n= 327  hit=0.7890  pnl=$    +73  ppt=$+0.22  p=0.400  CI=[$-1.82,$+2.39]
  anchor=slot_end-300s cutoff=0.70                    n= 270  hit=0.7926  pnl=$   -214  ppt=$-0.79  p=0.800  CI=[$-2.68,$+1.21]
  anchor=slot_end-300s cutoff=0.75                    n= 221  hit=0.8326  pnl=$    -61  ppt=$-0.28  p=0.602  CI=[$-2.10,$+1.60]
  --- vwap filter sweep at anchor=60, cutoff=0.70 ---
  anchor=60 cut=0.70 vwap[0.00,1.00]                  n= 289  hit=0.5986  pnl=$  -2450  ppt=$-8.48  p=1.000  CI=[$-10.13,$-6.68]
  anchor=60 cut=0.70 vwap[0.00,0.70]                  n= 116  hit=0.0690  pnl=$  -2454  ppt=$-21.15  p=1.000  CI=[$-23.65,$-18.05]
  anchor=60 cut=0.70 vwap[0.00,0.50]                  n= 112  hit=0.0357  pnl=$  -2522  ppt=$-22.52  p=1.000  CI=[$-24.55,$-19.75]
  anchor=60 cut=0.70 vwap[0.00,0.30]                  n= 103  hit=0.0097  pnl=$  -2462  ppt=$-23.90  p=1.000  CI=[$-25.00,$-21.71]
  anchor=60 cut=0.70 vwap[0.00,0.20]                  n=  96  hit=0.0000  pnl=$  -2400  ppt=$-25.00  p=1.000  CI=[$-25.00,$-25.00]
  anchor=60 cut=0.70 vwap[0.00,0.10]                  n=  94  hit=0.0000  pnl=$  -2350  ppt=$-25.00  p=1.000  CI=[$-25.00,$-25.00]

--- BTC ---
  anchor=slot_end- 60s cutoff=0.60                    n= 342  hit=0.5965  pnl=$  +1029  ppt=$+3.01  p=0.483  CI=[$-7.51,$+21.65]
  anchor=slot_end- 60s cutoff=0.65                    n= 285  hit=0.5825  pnl=$  +1295  ppt=$+4.54  p=0.472  CI=[$-7.96,$+26.76]
  anchor=slot_end- 60s cutoff=0.70                    n= 232  hit=0.5690  pnl=$  +1121  ppt=$+4.83  p=0.508  CI=[$-10.16,$+29.70]
  anchor=slot_end- 60s cutoff=0.75                    n= 172  hit=0.5349  pnl=$  +1436  ppt=$+8.35  p=0.452  CI=[$-11.44,$+44.21]
  anchor=slot_end- 90s cutoff=0.60                    n= 365  hit=0.5753  pnl=$  -2247  ppt=$-6.16  p=1.000  CI=[$-8.58,$-3.56]
  anchor=slot_end- 90s cutoff=0.65                    n= 295  hit=0.5525  pnl=$  -2315  ppt=$-7.85  p=1.000  CI=[$-10.12,$-5.18]
  anchor=slot_end- 90s cutoff=0.70                    n= 238  hit=0.5630  pnl=$  -1789  ppt=$-7.52  p=1.000  CI=[$-10.11,$-4.73]
  anchor=slot_end- 90s cutoff=0.75                    n= 198  hit=0.5606  pnl=$  -1622  ppt=$-8.19  p=1.000  CI=[$-11.03,$-4.89]
  anchor=slot_end-120s cutoff=0.60                    n= 389  hit=0.6555  pnl=$  -1530  ppt=$-3.93  p=1.000  CI=[$-5.98,$-1.74]
  anchor=slot_end-120s cutoff=0.65                    n= 300  hit=0.6700  pnl=$  -1020  ppt=$-3.40  p=0.997  CI=[$-5.78,$-0.97]
  anchor=slot_end-120s cutoff=0.70                    n= 229  hit=0.6769  pnl=$   -878  ppt=$-3.83  p=0.999  CI=[$-6.27,$-1.23]
  anchor=slot_end-120s cutoff=0.75                    n= 158  hit=0.6962  pnl=$   -634  ppt=$-4.02  p=0.997  CI=[$-6.85,$-0.98]
  anchor=slot_end-180s cutoff=0.60                    n= 421  hit=0.6580  pnl=$   -219  ppt=$-0.52  p=0.502  CI=[$-4.98,$+6.50]
  anchor=slot_end-180s cutoff=0.65                    n= 326  hit=0.6472  pnl=$     +5  ppt=$+0.01  p=0.513  CI=[$-5.58,$+9.44]
  anchor=slot_end-180s cutoff=0.70                    n= 249  hit=0.6506  pnl=$   +430  ppt=$+1.73  p=0.448  CI=[$-5.38,$+12.76]
  anchor=slot_end-180s cutoff=0.75                    n= 178  hit=0.6404  pnl=$   +395  ppt=$+2.22  p=0.504  CI=[$-6.85,$+17.87]
  anchor=slot_end-300s cutoff=0.60                    n= 442  hit=0.6448  pnl=$   -290  ppt=$-0.66  p=0.602  CI=[$-4.09,$+3.70]
  anchor=slot_end-300s cutoff=0.65                    n= 329  hit=0.6657  pnl=$   -883  ppt=$-2.69  p=0.984  CI=[$-5.15,$+0.03]
  anchor=slot_end-300s cutoff=0.70                    n= 229  hit=0.7118  pnl=$   -267  ppt=$-1.16  p=0.761  CI=[$-4.01,$+1.98]
  anchor=slot_end-300s cutoff=0.75                    n= 149  hit=0.7584  pnl=$   -205  ppt=$-1.38  p=0.810  CI=[$-4.43,$+1.45]
  --- vwap filter sweep at anchor=60, cutoff=0.70 ---
  anchor=60 cut=0.70 vwap[0.00,1.00]                  n= 232  hit=0.5690  pnl=$  +1121  ppt=$+4.83  p=0.507  CI=[$-10.06,$+33.11]
  anchor=60 cut=0.70 vwap[0.00,0.70]                  n= 108  hit=0.1296  pnl=$  +1111  ppt=$+10.29  p=0.492  CI=[$-21.08,$+70.39]
  anchor=60 cut=0.70 vwap[0.00,0.50]                  n=  92  hit=0.0652  pnl=$  +1193  ppt=$+12.97  p=0.512  CI=[$-23.72,$+83.12]
  anchor=60 cut=0.70 vwap[0.00,0.30]                  n=  84  hit=0.0238  pnl=$  +1161  ppt=$+13.82  p=0.494  CI=[$-25.00,$+91.45]
  anchor=60 cut=0.70 vwap[0.00,0.20]                  n=  80  hit=0.0250  pnl=$  +1261  ppt=$+15.76  p=0.516  CI=[$-25.00,$+97.27]
  anchor=60 cut=0.70 vwap[0.00,0.10]                  n=  76  hit=0.0263  pnl=$  +1361  ppt=$+17.90  p=0.458  CI=[$-25.00,$+93.88]

--- ETH ---
  anchor=slot_end- 60s cutoff=0.60                    n= 355  hit=0.5803  pnl=$  -1245  ppt=$-3.51  p=0.523  CI=[$-10.12,$+8.29]
  anchor=slot_end- 60s cutoff=0.65                    n= 313  hit=0.5687  pnl=$   -966  ppt=$-3.09  p=0.483  CI=[$-10.59,$+10.10]
  anchor=slot_end- 60s cutoff=0.70                    n= 262  hit=0.5916  pnl=$   -314  ppt=$-1.20  p=0.515  CI=[$-9.80,$+14.48]
  anchor=slot_end- 60s cutoff=0.75                    n= 204  hit=0.5735  pnl=$    +33  ppt=$+0.16  p=0.519  CI=[$-10.82,$+20.46]
  anchor=slot_end- 90s cutoff=0.60                    n= 410  hit=0.5366  pnl=$  -1589  ppt=$-3.88  p=0.596  CI=[$-10.30,$+7.11]
  anchor=slot_end- 90s cutoff=0.65                    n= 348  hit=0.5345  pnl=$   -951  ppt=$-2.73  p=0.510  CI=[$-10.09,$+10.13]
  anchor=slot_end- 90s cutoff=0.70                    n= 292  hit=0.5411  pnl=$   -399  ppt=$-1.37  p=0.473  CI=[$-10.13,$+14.32]
  anchor=slot_end- 90s cutoff=0.75                    n= 232  hit=0.5560  pnl=$   +210  ppt=$+0.91  p=0.526  CI=[$-10.04,$+20.24]
  anchor=slot_end-120s cutoff=0.60                    n= 401  hit=0.5661  pnl=$  -3395  ppt=$-8.47  p=1.000  CI=[$-10.07,$-6.78]
  anchor=slot_end-120s cutoff=0.65                    n= 334  hit=0.5808  pnl=$  -2818  ppt=$-8.44  p=1.000  CI=[$-9.98,$-6.86]
  anchor=slot_end-120s cutoff=0.70                    n= 271  hit=0.5978  pnl=$  -2183  ppt=$-8.06  p=1.000  CI=[$-9.83,$-6.28]
  anchor=slot_end-120s cutoff=0.75                    n= 199  hit=0.5578  pnl=$  -1876  ppt=$-9.43  p=1.000  CI=[$-11.53,$-7.42]
  anchor=slot_end-180s cutoff=0.60                    n= 451  hit=0.6231  pnl=$  -1972  ppt=$-4.37  p=1.000  CI=[$-6.44,$-2.04]
  anchor=slot_end-180s cutoff=0.65                    n= 377  hit=0.6525  pnl=$  -1535  ppt=$-4.07  p=1.000  CI=[$-6.24,$-1.74]
  anchor=slot_end-180s cutoff=0.70                    n= 306  hit=0.6667  pnl=$  -1322  ppt=$-4.32  p=1.000  CI=[$-6.51,$-1.87]
  anchor=slot_end-180s cutoff=0.75                    n= 232  hit=0.6552  pnl=$  -1182  ppt=$-5.10  p=1.000  CI=[$-7.42,$-2.56]
  anchor=slot_end-300s cutoff=0.60                    n= 437  hit=0.6568  pnl=$   -654  ppt=$-1.50  p=0.893  CI=[$-3.91,$+1.23]
  anchor=slot_end-300s cutoff=0.65                    n= 354  hit=0.6610  pnl=$  -1117  ppt=$-3.16  p=0.998  CI=[$-5.49,$-0.79]
  anchor=slot_end-300s cutoff=0.70                    n= 262  hit=0.6947  pnl=$   -863  ppt=$-3.29  p=0.999  CI=[$-5.58,$-0.87]
  anchor=slot_end-300s cutoff=0.75                    n= 186  hit=0.7097  pnl=$   -754  ppt=$-4.05  p=1.000  CI=[$-6.29,$-1.54]
  --- vwap filter sweep at anchor=60, cutoff=0.70 ---
  anchor=60 cut=0.70 vwap[0.00,1.00]                  n= 262  hit=0.5916  pnl=$   -314  ppt=$-1.20  p=0.523  CI=[$-9.87,$+14.31]
  anchor=60 cut=0.70 vwap[0.00,0.70]                  n= 105  hit=0.0762  pnl=$   -231  ppt=$-2.20  p=0.496  CI=[$-22.99,$+36.52]
  anchor=60 cut=0.70 vwap[0.00,0.50]                  n=  99  hit=0.0505  pnl=$   -205  ppt=$-2.07  p=0.498  CI=[$-24.20,$+38.83]
  anchor=60 cut=0.70 vwap[0.00,0.30]                  n=  92  hit=0.0217  pnl=$   -241  ppt=$-2.62  p=0.510  CI=[$-25.00,$+42.13]
  anchor=60 cut=0.70 vwap[0.00,0.20]                  n=  83  hit=0.0241  pnl=$    -16  ppt=$-0.20  p=0.492  CI=[$-25.00,$+47.80]
  anchor=60 cut=0.70 vwap[0.00,0.10]                  n=  78  hit=0.0128  pnl=$    -25  ppt=$-0.32  p=0.488  CI=[$-25.00,$+49.03]

