=== FULL-WINDOW ANALYSIS (April 24 → May 19) ===
resolutions: 28,731  window: 2026-04-24 01:40:00+00:00 → 2026-05-19 23:30:00+00:00

=== ANALYSIS 1: Base outcome bias per (asset, tf, hour, dow) ===

Base-rate biased cells (binom p<0.05, |bias|>2%):
 (none — outcomes are balanced ~50% in all cells, no signal-free edge)

=== ANALYSIS 2: TIER A pattern (BTC 15m 06-11 weekday → buy DOWN) on FULL window ===
  Target markets in full window: 414
  Loading FULL L25 (no subsample) for 414 slugs...
    828 (slug,side) keys in 30s

  Naive 'always buy DOWN at 06-11 wd' over FULL window: 366 fills
    Win rate (DOWN): 0.5164
    Total PnL: $+118.03  (+0.32/trade)
    Days covered: 25.2
    Daily rate: $+4.68/day
    Monthly proj: $+140.30
    Median book lag: 85s

  Daily breakdown (last 25 days):
             n        wr         pnl
date                                
2026-04-24  22  0.636364  136.272202
2026-04-27  23  0.565217   80.496818
2026-04-28  23  0.608696  114.066868
2026-04-29  13  0.538462    9.063616
2026-04-30  22  0.454545  -61.798959
2026-05-01  19  0.421053  -88.392161
2026-05-04  15  0.466667  -36.321006
2026-05-05  13  0.461538  -36.174922
2026-05-06  20  0.350000 -166.559744
2026-05-07  20  0.700000  191.689673
2026-05-08  17  0.352941 -131.599364
2026-05-11  24  0.375000 -161.912423
2026-05-12  23  0.652174  172.955658
2026-05-13  24  0.500000   -9.317067
2026-05-14  22  0.590909   86.880458
2026-05-15  18  0.388889 -107.052508
2026-05-18  24  0.583333   88.434409
2026-05-19  24  0.541667   37.303226

  Permutation p (real vs random sign-flip): 0.4115
  Annualized Sharpe (daily): 0.92
  Max drawdown (cumulative): $-491.07

=== Summary ===
  Data: 28,731 chainlink-resolved markets, April 24 → May 19 (26 days)
  Used FULL L25 (no 1Hz subsample) — every-change snapshots
  TIER A test ran on 366 markets — every BTC 15m 06-11 weekday in the window
  NO sampling, NO trading_events dependency
