=== Momo GA: full leak-free analysis across momo_v1 + momo_v2 ===
events: 58,701  window: 2026-05-06 23:06:00.702382+00:00 → 2026-05-19 22:45:39.383514+00:00

================================================================================
=== Family: momo_v1_HOLD (pattern: _momo_HOLD$) ===
================================================================================
  events: 1,383  unique sleeves: 6
  per sleeve:
{'poly_updown_btc_15m_momo_HOLD': 68, 'poly_updown_btc_5m_momo_HOLD': 524, 'poly_updown_eth_15m_momo_HOLD': 62, 'poly_updown_eth_5m_momo_HOLD': 341, 'poly_updown_sol_15m_momo_HOLD': 62, 'poly_updown_sol_5m_momo_HOLD': 326}
  candidate cells (n_sel>=30): 11
  deployable: 6
  multi-fold: 1  single-fold: 5

  TIER A (FDR + held>0): 0 cells

  TIER B (single-fold late-starters): 0 cells

================================================================================
=== Family: momo_v1_HEDGE (pattern: _momo_HEDGE$) ===
================================================================================
  events: 1,431  unique sleeves: 6
  per sleeve:
{'poly_updown_btc_15m_momo_HEDGE': 72, 'poly_updown_btc_5m_momo_HEDGE': 544, 'poly_updown_eth_15m_momo_HEDGE': 66, 'poly_updown_eth_5m_momo_HEDGE': 353, 'poly_updown_sol_15m_momo_HEDGE': 64, 'poly_updown_sol_5m_momo_HEDGE': 332}
  candidate cells (n_sel>=30): 11
  deployable: 5
  multi-fold: 0  single-fold: 5

  TIER A (FDR + held>0): 0 cells

  TIER B (single-fold late-starters): 0 cells

================================================================================
=== Family: momo_v1_SELL (pattern: _momo_SELL$) ===
================================================================================
  events: 1,422  unique sleeves: 6
  per sleeve:
{'poly_updown_btc_15m_momo_SELL': 70, 'poly_updown_btc_5m_momo_SELL': 551, 'poly_updown_eth_15m_momo_SELL': 64, 'poly_updown_eth_5m_momo_SELL': 346, 'poly_updown_sol_15m_momo_SELL': 65, 'poly_updown_sol_5m_momo_SELL': 326}
  candidate cells (n_sel>=30): 11
  deployable: 6
  multi-fold: 1  single-fold: 5

  TIER A (FDR + held>0): 0 cells

  TIER B (single-fold late-starters): 0 cells

================================================================================
=== Family: momo_v2_HOLD (pattern: _momo_v2_HOLD) ===
================================================================================
  events: 1,302  unique sleeves: 6
  per sleeve:
{'poly_updown_btc_15m_momo_v2_HOLD': 95, 'poly_updown_btc_5m_momo_v2_HOLD': 471, 'poly_updown_eth_15m_momo_v2_HOLD': 88, 'poly_updown_eth_5m_momo_v2_HOLD': 316, 'poly_updown_sol_15m_momo_v2_HOLD': 61, 'poly_updown_sol_5m_momo_v2_HOLD': 271}
  candidate cells (n_sel>=30): 8
  deployable: 5
  multi-fold: 4  single-fold: 1

  TIER A (FDR + held>0): 0 cells

  TIER B (single-fold late-starters): 0 cells

================================================================================
=== Family: momo_v2_HEDGE (pattern: _momo_v2_HEDGE) ===
================================================================================
  events: 1,386  unique sleeves: 6
  per sleeve:
{'poly_updown_btc_15m_momo_v2_HEDGE': 107, 'poly_updown_btc_5m_momo_v2_HEDGE': 519, 'poly_updown_eth_15m_momo_v2_HEDGE': 92, 'poly_updown_eth_5m_momo_v2_HEDGE': 330, 'poly_updown_sol_15m_momo_v2_HEDGE': 61, 'poly_updown_sol_5m_momo_v2_HEDGE': 277}
  candidate cells (n_sel>=30): 6
  deployable: 2
  multi-fold: 2  single-fold: 0

  TIER A (FDR + held>0): 0 cells

  TIER B (single-fold late-starters): 0 cells

================================================================================
=== Family: momo_v2_SELL (pattern: _momo_v2_SELL) ===
================================================================================
  events: 1,401  unique sleeves: 6
  per sleeve:
{'poly_updown_btc_15m_momo_v2_SELL': 98, 'poly_updown_btc_5m_momo_v2_SELL': 541, 'poly_updown_eth_15m_momo_v2_SELL': 92, 'poly_updown_eth_5m_momo_v2_SELL': 333, 'poly_updown_sol_15m_momo_v2_SELL': 61, 'poly_updown_sol_5m_momo_v2_SELL': 276}
  candidate cells (n_sel>=30): 8
  deployable: 6
  multi-fold: 5  single-fold: 1

  TIER A (FDR + held>0): 2 cells
                      sleeve_id signal hour_bucket dow_group action  n_sel  selection_pnl  held_pnl  perm_p_sel
poly_updown_btc_5m_momo_v2_SELL   DOWN       00-05   weekday INVERT     33     370.645756 70.289420      0.0025
poly_updown_eth_5m_momo_v2_SELL   DOWN       12-17   weekday INVERT     33     288.993203 77.686558      0.0205

  TIER B (single-fold late-starters): 0 cells

================================================================================
=== Family: sniper (pattern: _sniper$) ===
================================================================================
  events: 2,812  unique sleeves: 6
  per sleeve:
{'poly_updown_btc_15m_sniper': 401, 'poly_updown_btc_5m_sniper': 647, 'poly_updown_eth_15m_sniper': 366, 'poly_updown_eth_5m_sniper': 460, 'poly_updown_sol_15m_sniper': 390, 'poly_updown_sol_5m_sniper': 548}
  candidate cells (n_sel>=30): 23
  deployable: 11
  multi-fold: 5  single-fold: 6

  TIER A (FDR + held>0): 2 cells
                 sleeve_id signal hour_bucket dow_group action  n_sel  selection_pnl   held_pnl  perm_p_sel
poly_updown_btc_15m_sniper     UP       12-17   weekday   KEEP     33     238.739532 205.235994      0.0085
poly_updown_sol_15m_sniper     UP       12-17   weekday   KEEP     33     235.166587 186.451299      0.0175

  TIER B (single-fold late-starters): 0 cells

================================================================================
=== Family: sniper_INV (pattern: _sniper_INV) ===
================================================================================
  events: 518  unique sleeves: 1
  per sleeve:
{'poly_updown_sol_5m_sniper_INV': 518}
  candidate cells (n_sel>=30): 5
  deployable: 2
  multi-fold: 2  single-fold: 0

  TIER A (FDR + held>0): 0 cells

  TIER B (single-fold late-starters): 0 cells

================================================================================
=== Family: sniper_DOWN_INV (pattern: _sniper_DOWN_INV) ===
================================================================================
  events: 213  unique sleeves: 1
  per sleeve:
{'poly_updown_eth_5m_sniper_DOWN_INV': 213}
  candidate cells (n_sel>=30): 2
  deployable: 1
  multi-fold: 1  single-fold: 0

  TIER A (FDR + held>0): 0 cells

  TIER B (single-fold late-starters): 0 cells

================================================================================
=== Family: volume_INV_NIGHT (pattern: _volume_INV_NIGHT) ===
================================================================================
  events: 6,024  unique sleeves: 6
  per sleeve:
{'poly_updown_btc_15m_volume_INV_NIGHT': 553, 'poly_updown_btc_5m_volume_INV_NIGHT': 1646, 'poly_updown_eth_15m_volume_INV_NIGHT': 554, 'poly_updown_eth_5m_volume_INV_NIGHT': 1440, 'poly_updown_sol_15m_volume_INV_NIGHT': 538, 'poly_updown_sol_5m_volume_INV_NIGHT': 1293}
  candidate cells (n_sel>=30): 41
  deployable: 22
  multi-fold: 21  single-fold: 1

  TIER A (FDR + held>0): 1 cells
                           sleeve_id signal hour_bucket dow_group action  n_sel  selection_pnl   held_pnl  perm_p_sel
poly_updown_btc_15m_volume_INV_NIGHT     UP       06-11   weekday INVERT     48     547.675173 244.083602      0.0005

  TIER B (single-fold late-starters): 0 cells

================================================================================
=== Family: v3 (pattern: _v3$) ===
================================================================================
  events: 529  unique sleeves: 3
  per sleeve:
{'poly_updown_btc_5m_v3': 239, 'poly_updown_eth_5m_v3': 41, 'poly_updown_sol_5m_v3': 249}
  candidate cells (n_sel>=30): 3
  deployable: 2
  multi-fold: 1  single-fold: 1

  TIER A (FDR + held>0): 0 cells

  TIER B (single-fold late-starters): 0 cells

================================================================================
=== Family: v3_1 (pattern: _v3_1) ===
================================================================================
  events: 436  unique sleeves: 3
  per sleeve:
{'poly_updown_btc_5m_v3_1': 209, 'poly_updown_eth_5m_v3_1': 20, 'poly_updown_sol_5m_v3_1': 207}
  candidate cells (n_sel>=30): 2
  deployable: 1
  multi-fold: 0  single-fold: 1

  TIER A (FDR + held>0): 0 cells

  TIER B (single-fold late-starters): 0 cells

================================================================================
=== Family: v3_2 (pattern: _v3_2) ===
================================================================================
  events: 442  unique sleeves: 3
  per sleeve:
{'poly_updown_btc_5m_v3_2': 158, 'poly_updown_eth_5m_v3_2': 24, 'poly_updown_sol_5m_v3_2': 260}
  candidate cells (n_sel>=30): 1
  deployable: 0

================================================================================
=== Family: v3_3 (pattern: _v3_3) ===
================================================================================
  events: 397  unique sleeves: 3
  per sleeve:
{'poly_updown_btc_5m_v3_3': 158, 'poly_updown_eth_5m_v3_3': 24, 'poly_updown_sol_5m_v3_3': 215}
  candidate cells (n_sel>=30): 0

================================================================================
=== Family: v4 (pattern: _v4$) ===
================================================================================
  events: 351  unique sleeves: 3
  per sleeve:
{'poly_updown_btc_5m_v4': 155, 'poly_updown_eth_5m_v4': 17, 'poly_updown_sol_5m_v4': 179}
  candidate cells (n_sel>=30): 0

================================================================================
=== AGGREGATE SUMMARY ===
================================================================================
          family  n_events  n_cells_total  n_cells_deployable  tier_a_cells  tier_b_cells  tier_a_sel_pnl  tier_a_held_pnl  tier_b_sel_pnl  tier_b_held_pnl  held_days  sel_days  tier_a_monthly  tier_b_monthly
    momo_v1_HOLD      1383             11                   6             0             0        0.000000         0.000000               0                0   2.580553 10.322211        0.000000             0.0
   momo_v1_HEDGE      1431             11                   5             0             0        0.000000         0.000000               0                0   2.580553 10.322211        0.000000             0.0
    momo_v1_SELL      1422             11                   6             0             0        0.000000         0.000000               0                0   2.580553 10.322211        0.000000             0.0
    momo_v2_HOLD      1302              8                   5             0             0        0.000000         0.000000               0                0   2.479905  9.919619        0.000000             0.0
   momo_v2_HEDGE      1386              6                   2             0             0        0.000000         0.000000               0                0   2.479905  9.919619        0.000000             0.0
    momo_v2_SELL      1401              8                   6             2             0      659.638959       147.975979               0                0   2.479905  9.919620     1790.100630             0.0
          sniper      2812             23                  11             2             0      473.906119       391.687294               0                0   2.586775 10.347100     4542.574694             0.0
      sniper_INV       518              5                   2             0             0        0.000000         0.000000               0                0   2.536827 10.147306        0.000000             0.0
 sniper_DOWN_INV       213              2                   1             0             0        0.000000         0.000000               0                0   2.580546 10.322183        0.000000             0.0
volume_INV_NIGHT      6024             41                  22             1             0      547.675173       244.083602               0                0   2.484051  9.936205     2947.808905             0.0
              v3       529              3                   2             0             0        0.000000         0.000000               0                0   2.543770 10.175081        0.000000             0.0
            v3_1       436              2                   1             0             0        0.000000         0.000000               0                0   2.543770 10.175081        0.000000             0.0
            v3_2       442              1                   0             0             0        0.000000         0.000000               0                0   2.545857 10.183428        0.000000             0.0

TOTAL TIER A: held=$+783.75  monthly=$+9,280.48
TOTAL TIER B: held=$+0.00  monthly=$+0.00

Run dir: C:\Users\alexandre bandarra\Desktop\global\strategy_lab\ga_optimizer\runs\momo_ga_1779280445
