=== Path B GA: filter-learning on production events ===
[loading] production events...
  total events: 58,701
  window: 2026-05-06 23:06:00.702382+00:00 → 2026-05-19 22:45:39.383514+00:00
  unique cells (sleeve_id,signal,hour_bucket,dow_group): 899
  train: 38,155 (2026-05-06 23:06:00.702382+00:00 → 2026-05-17 04:48:13.494186+00:00)
  val  : 8,805 (2026-05-17 04:48:15.859863+00:00 → 2026-05-17 10:06:22.671381+00:00)
  held : 11,741 (2026-05-17 10:06:26.653077+00:00 → 2026-05-19 22:45:39.383514+00:00)

[cells] building cell index on full universe...
  309 cells with n>=20

[baseline] greedy best-per-cell:
  KEEP-all total: $-9194.34
  INVERT-all total: $-8615.97
  BEST per-cell total: $+43761.70
  chosen actions: KEEP=122 INVERT=127 SKIP=60
[Path B GA] n_cells = 309
[Path B] gen   0  train_pnl=$  +39457 (n=32822 wr=0.475)  val_pnl=$    -539 (n=2101 wr=0.425)  [K=133 I=124 S=52]  (2.6s)
Traceback (most recent call last):
  File "<frozen runpy>", line 198, in _run_module_as_main
  File "<frozen runpy>", line 88, in _run_code
  File "C:\Users\alexandre bandarra\Desktop\global\strategy_lab\ga_optimizer\path_b\runner.py", line 72, in <module>
    main()
    ~~~~^^
  File "C:\Users\alexandre bandarra\Desktop\global\strategy_lab\ga_optimizer\path_b\runner.py", line 64, in main
    result = run_path_b_ga(cells, events_train, events_val, events_held, config, run_dir)
  File "C:\Users\alexandre bandarra\Desktop\global\strategy_lab\ga_optimizer\path_b\ga_filter.py", line 161, in run_path_b_ga
    if best_train["fitness"] > best_overall["fitness"]:
                               ~~~~~~~~~~~~^^^^^^^^^^^
KeyError: 'fitness'
