V2 UPSIDE — max-clip sweep + real-depth fill (5m)
5m slugs 40356
  BTC 200/1345 t=51s
  BTC 400/1345 t=92s
  BTC 600/1345 t=148s
  BTC 800/1345 t=194s
  BTC 1000/1345 t=233s
  BTC 1200/1345 t=276s
  BTC 1345/1345 t=327s
  ETH 200/1346 t=354s
  ETH 400/1346 t=364s
  ETH 600/1346 t=375s
  ETH 800/1346 t=383s
  ETH 1000/1346 t=393s
  ETH 1200/1346 t=403s
  ETH 1346/1346 t=412s
  SOL 200/1346 t=431s
  SOL 400/1346 t=438s
  SOL 600/1346 t=445s
  SOL 800/1346 t=452s
  SOL 1000/1346 t=459s
  SOL 1200/1346 t=467s
  SOL 1346/1346 t=471s

saved 56518 rows t=472s
======================================================================
UPSIDE CURVE — net/slug (fired) vs max_clip, OOS, THR=3
======================================================================

--- fill model: level0(size==0->DEEP, V2-headline fill) ---
  max_clip=  1: n= 672 net/slug=+1.264 CI[+0.488,+2.152] med=-0.902 %pos=43% both%=27%
  max_clip=  2: n= 672 net/slug=+2.371 CI[+1.025,+3.955] med=-3.049 %pos=43% both%=27%
  max_clip=  3: n= 672 net/slug=+3.113 CI[+1.292,+5.343] med=-3.620 %pos=43% both%=27%
  max_clip=  4: n= 672 net/slug=+3.716 CI[+1.352,+6.749] med=-3.740 %pos=42% both%=27%
  max_clip=  6: n= 672 net/slug=+4.265 CI[+1.625,+7.569] med=-3.784 %pos=42% both%=27%
  max_clip=  8: n= 672 net/slug=+4.550 CI[+1.779,+7.961] med=-3.799 %pos=42% both%=27%
  max_clip=999: n= 672 net/slug=+5.166 CI[+2.131,+8.866] med=-3.799 %pos=42% both%=27%

--- fill model: REAL-DEPTH ---
  max_clip=  1: n= 773 net/slug=+0.525 CI[-0.112,+1.243] med=-5.000 %pos=39% both%=28% depth_short/slug=0.0
  max_clip=  2: n= 773 net/slug=+1.157 CI[-0.017,+2.549] med=-5.000 %pos=38% both%=28% depth_short/slug=0.0
  max_clip=  3: n= 773 net/slug=+1.699 CI[+0.010,+3.658] med=-5.000 %pos=37% both%=28% depth_short/slug=0.0
  max_clip=  4: n= 773 net/slug=+2.058 CI[-0.090,+4.723] med=-5.000 %pos=36% both%=28% depth_short/slug=0.0
  max_clip=  6: n= 773 net/slug=+2.361 CI[-0.111,+5.403] med=-5.000 %pos=36% both%=28% depth_short/slug=0.0
  max_clip=  8: n= 773 net/slug=+2.461 CI[-0.161,+5.630] med=-5.000 %pos=36% both%=28% depth_short/slug=0.0
  max_clip=999: n= 773 net/slug=+2.970 CI[+0.080,+6.393] med=-5.000 %pos=36% both%=28% depth_short/slug=0.0

REAL-DEPTH clips/side supported (max_clip=inf): median=2 p25=1 p75=4 p95=9

total t=473s
