
=== BTC 2026-03-30..2026-04-21: cand L=466 C=541 both=330 ===
  L gated ev<0.55   n= 154 $/tr=+2.166 t=+2.32 CI=[+0.301,+3.948]
  C gated ev<0.55   n= 159 $/tr=+0.746 t=+0.83 CI=[-1.092,+2.509]

=== ETH 2026-03-30..2026-04-21: cand L=734 C=814 both=539 ===
  L gated ev<0.55   n= 275 $/tr=+1.380 t=+1.92 CI=[-0.040,+2.812]
  C gated ev<0.55   n= 272 $/tr=+1.126 t=+1.55 CI=[-0.296,+2.511]

=== SOL 2026-03-30..2026-04-21: cand L=873 C=977 both=601 ===
  L gated ev<0.55   n= 333 $/tr=+2.101 t=+3.38 CI=[+0.887,+3.250]
  C gated ev<0.55   n= 312 $/tr=+1.170 t=+1.63 CI=[-0.268,+2.562]

=== DOGE 2026-04-06..2026-04-21: cand L=986 C=1119 both=722 ===
  L gated ev<0.55   n= 271 $/tr=+0.381 t=+0.51 CI=[-1.125,+1.839]
  C gated ev<0.55   n= 284 $/tr=+0.030 t=+0.04 CI=[-1.503,+1.587]

=== XRP 2026-04-07..2026-04-21: cand L=609 C=675 both=420 ===
  L gated ev<0.55   n= 222 $/tr=+2.253 t=+2.98 CI=[+0.793,+3.695]
  C gated ev<0.55   n= 200 $/tr=+1.271 t=+1.44 CI=[-0.456,+2.937]

=== BNB 2026-04-06..2026-04-21: cand L=290 C=319 both=194 ===
  L gated ev<0.55   n=  49 $/tr=+4.474 t=+2.25 CI=[+0.487,+8.235]
  C gated ev<0.55   n=  56 $/tr=+4.459 t=+2.47 CI=[+0.877,+7.945]

==============================================================================
POOLED gated ev<0.55:
  ARM L (leaky, all prior drivers)  n=1304 $/tr=+1.714 t=+5.23 CI=[+1.063,+2.336]
  ARM C (causal end-asof, == live)  n=1283 $/tr=+1.015 t=+2.92 CI=[+0.317,+1.691]

SELECTION DIFF (candidates, delta>=3): L-only=1152  C-only=1639  both=2806  lead-flips-among-both=36
PAIRED C-L on shared filled fires: n=2070 mean=+0.0376 CI=[-0.0634,+0.1359]  nonzero=22

DECLARED VERDICT RULE: ARM C gated pooled CI>0 -> edge NOT a lookahead artifact; (C-L) = bias to subtract from prior magnitude claims.
