
=== ETH 15m: 1113 windows ===
  [ckpt] ETH 15m: rows=1336

=== ETH 5m: 3350 windows ===
  [ckpt] ETH 5m: rows=3633

=== SOL 15m: 1082 windows ===
  [ckpt] SOL 15m: rows=1561

=== SOL 5m: 3335 windows ===
  [ckpt] SOL 5m: rows=3898

saved 10428 rows

===== (1) ENTRY-OFFSET PLATEAU (cheap, |delta|>=3, exit +60), pooled =====
  +  1s  ALL n= 231 $/tr=+2.752 t=+3.85 CI=[+1.350,+4.132] won=0.66 | CLEAN n= 222 $/tr=+3.443 t=+5.28 CI=[+2.168,+4.678] won=0.68
  +  2s  ALL n= 399 $/tr=+2.097 t=+3.83 CI=[+1.034,+3.149] won=0.58 | CLEAN n= 370 $/tr=+1.692 t=+3.56 CI=[+0.752,+2.629] won=0.58
  +  3s  ALL n= 542 $/tr=+2.366 t=+4.94 CI=[+1.423,+3.280] won=0.58 | CLEAN n= 498 $/tr=+2.196 t=+5.40 CI=[+1.393,+2.992] won=0.58
  +  5s  ALL n= 596 $/tr=+1.872 t=+3.92 CI=[+0.944,+2.781] won=0.59 | CLEAN n= 530 $/tr=+1.752 t=+4.61 CI=[+1.021,+2.492] won=0.59
  +  8s  ALL n= 642 $/tr=+1.383 t=+3.05 CI=[+0.483,+2.276] won=0.55 | CLEAN n= 561 $/tr=+0.601 t=+1.78 CI=[-0.077,+1.263] won=0.54
  + 10s  ALL n= 614 $/tr=+0.992 t=+2.06 CI=[+0.065,+1.931] won=0.51 | CLEAN n= 525 $/tr=+0.116 t=+0.33 CI=[-0.573,+0.800] won=0.49
  + 15s  ALL n= 645 $/tr=+1.645 t=+3.42 CI=[+0.690,+2.582] won=0.50 | CLEAN n= 539 $/tr=+0.198 t=+0.58 CI=[-0.463,+0.872] won=0.46

===== (1b) per coin-tf, +3 vs +5 vs +8 =====
  ETH 15m: +3 ALL n=  80 $/tr=+1.885 t=+1.76 CI=[-0.213,+3.944] won=0.64 | CLEAN n=  74 $/tr=+2.070 t=+2.56 CI=[+0.510,+3.617] won=0.65
            +5 ALL n= 112 $/tr=+1.402 t=+1.36 CI=[-0.690,+3.372] won=0.59 | CLEAN n= 101 $/tr=+1.245 t=+1.60 CI=[-0.295,+2.804] won=0.59
            +8 ALL n= 138 $/tr=+1.895 t=+2.16 CI=[+0.143,+3.657] won=0.63 | CLEAN n= 125 $/tr=+0.991 t=+1.59 CI=[-0.284,+2.227] won=0.62
  ETH 5m: +3 ALL n= 164 $/tr=+2.174 t=+2.29 CI=[+0.246,+4.071] won=0.53 | CLEAN n= 153 $/tr=+1.850 t=+2.13 CI=[+0.139,+3.527] won=0.52
            +5 ALL n= 160 $/tr=+1.379 t=+1.39 CI=[-0.636,+3.385] won=0.54 | CLEAN n= 144 $/tr=+1.542 t=+1.80 CI=[-0.112,+3.169] won=0.55
            +8 ALL n= 177 $/tr=+1.061 t=+1.13 CI=[-0.772,+2.969] won=0.49 | CLEAN n= 155 $/tr=+0.309 t=+0.40 CI=[-1.225,+1.842] won=0.47
  SOL 15m: +3 ALL n= 103 $/tr=+3.256 t=+3.37 CI=[+1.383,+5.150] won=0.67 | CLEAN n=  95 $/tr=+2.953 t=+4.03 CI=[+1.466,+4.337] won=0.67
            +5 ALL n= 133 $/tr=+3.026 t=+3.82 CI=[+1.456,+4.550] won=0.68 | CLEAN n= 123 $/tr=+2.834 t=+5.03 CI=[+1.739,+3.914] won=0.69
            +8 ALL n= 146 $/tr=+1.164 t=+1.44 CI=[-0.483,+2.782] won=0.57 | CLEAN n= 133 $/tr=+0.691 t=+1.22 CI=[-0.475,+1.761] won=0.56
  SOL 5m: +3 ALL n= 195 $/tr=+2.255 t=+2.72 CI=[+0.642,+3.921] won=0.56 | CLEAN n= 176 $/tr=+2.142 t=+3.07 CI=[+0.772,+3.575] won=0.56
            +5 ALL n= 191 $/tr=+1.755 t=+1.90 CI=[-0.041,+3.581] won=0.55 | CLEAN n= 162 $/tr=+1.434 t=+1.94 CI=[-0.009,+2.810] won=0.55
            +8 ALL n= 181 $/tr=+1.482 t=+1.59 CI=[-0.373,+3.335] won=0.54 | CLEAN n= 148 $/tr=+0.497 t=+0.75 CI=[-0.800,+1.795] won=0.51

===== (2) DELTA-BAND SWEEP at +5s (cheap), pooled =====
  delta in [  3,999]  ALL n= 596 $/tr=+1.872 t=+3.92 CI=[+0.933,+2.802] won=0.59 | CLEAN n= 530 $/tr=+1.752 t=+4.61 CI=[+0.993,+2.474] won=0.59
  delta in [  3, 12]  ALL n= 580 $/tr=+1.798 t=+3.71 CI=[+0.829,+2.728] won=0.58 | CLEAN n= 515 $/tr=+1.614 t=+4.18 CI=[+0.864,+2.363] won=0.58
  delta in [  4, 12]  ALL n= 312 $/tr=+2.787 t=+4.14 CI=[+1.497,+4.104] won=0.62 | CLEAN n= 272 $/tr=+2.464 t=+4.76 CI=[+1.426,+3.450] won=0.62
  delta in [  5, 12]  ALL n= 163 $/tr=+2.414 t=+2.40 CI=[+0.345,+4.335] won=0.60 | CLEAN n= 139 $/tr=+3.579 t=+4.73 CI=[+2.133,+5.017] won=0.63
  delta in [  5,999]  ALL n= 179 $/tr=+2.604 t=+2.76 CI=[+0.691,+4.447] won=0.61 | CLEAN n= 154 $/tr=+3.864 t=+5.44 CI=[+2.502,+5.244] won=0.65
  delta in [  4, 10]  ALL n= 296 $/tr=+2.939 t=+4.36 CI=[+1.603,+4.247] won=0.62 | CLEAN n= 262 $/tr=+2.363 t=+4.45 CI=[+1.310,+3.379] won=0.62
  delta in [  3,  8]  ALL n= 537 $/tr=+1.770 t=+3.59 CI=[+0.810,+2.727] won=0.58 | CLEAN n= 481 $/tr=+1.381 t=+3.48 CI=[+0.586,+2.169] won=0.57
  delta in [  8,999]  ALL n=  59 $/tr=+2.794 t=+1.58 CI=[-0.675,+6.061] won=0.68 | CLEAN n=  49 $/tr=+5.394 t=+4.49 CI=[+2.953,+7.637] won=0.76
  delta in [  5, 15]  ALL n= 172 $/tr=+2.478 t=+2.58 CI=[+0.604,+4.404] won=0.60 | CLEAN n= 148 $/tr=+3.583 t=+4.93 CI=[+2.117,+4.984] won=0.64

READ: a knob is robust only as a PLATEAU (neighbors agree). +5s is current; band [3,inf) current.
CAVEAT: BBO top-of-book; SEARCH window. Any improved knob must re-confirm on L25 Apr22-Jun8.
