benchmark 12 min — feeds: rtds, pyth, arb(btc/eth/sol)
[arb] btc 0x6ce18586 description: 'BTC / USD' via arb1.arbitrum.io
[arb] eth 0x639Fe6ab description: 'ETH / USD' via arb1.arbitrum.io
[arb] sol 0x24ceA4b8 description: 'SOL / USD' via arb1.arbitrum.io
  t-11.8min rows=92
  t-11.7min rows=191
  t-11.5min rows=287
  t-11.3min rows=384
  t-11.2min rows=489
  t-11.0min rows=573
  t-10.8min rows=670
  t-10.7min rows=775
  t-10.5min rows=871
  t-10.3min rows=969
  t-10.2min rows=1063
  t-10.0min rows=1156
  t-9.8min rows=1261
  t-9.7min rows=1351
  t-9.5min rows=1451
  t-9.3min rows=1561
  t-9.2min rows=1648
  t-9.0min rows=1741
  t-8.8min rows=1838
  t-8.7min rows=1930
  t-8.5min rows=2024
  t-8.3min rows=2118
  t-8.2min rows=2220
  t-8.0min rows=2317
[pyth] reconnect: Response ended prematurely
  t-7.8min rows=2397
  t-7.7min rows=2492
  t-7.5min rows=2588
  t-7.3min rows=2684
  t-7.2min rows=2783
  t-7.0min rows=2882
  t-6.8min rows=2960
  t-6.7min rows=3059
  t-6.5min rows=3146
  t-6.3min rows=3251
[pyth] reconnect: Response ended prematurely
  t-6.2min rows=3332
  t-6.0min rows=3416
  t-5.8min rows=3518
  t-5.7min rows=3602
  t-5.5min rows=3672
[pyth] reconnect: Response ended prematurely
  t-5.3min rows=3742
  t-5.2min rows=3836
  t-5.0min rows=3923
  t-4.8min rows=4022
  t-4.7min rows=4120
  t-4.5min rows=4211
  t-4.3min rows=4306
  t-4.2min rows=4399
  t-4.0min rows=4495
  t-3.8min rows=4588
  t-3.7min rows=4678
  t-3.5min rows=4768
  t-3.3min rows=4859
  t-3.2min rows=4949
  t-3.0min rows=5039
  t-2.8min rows=5131
  t-2.7min rows=5221
  t-2.5min rows=5317
  t-2.3min rows=5407
[pyth] reconnect: Response ended prematurely
  t-2.2min rows=5488
  t-2.0min rows=5581
  t-1.8min rows=5677
  t-1.7min rows=5764
  t-1.5min rows=5848
  t-1.3min rows=5962
  t-1.2min rows=6064
  t-1.0min rows=6154
  t-0.8min rows=6250
  t-0.7min rows=6347
  t-0.5min rows=6445
  t-0.3min rows=6529
  t-0.2min rows=6622
  t--0.0min rows=6713
saved 6713 rows -> C:\Users\alexandre bandarra\Desktop\global\strategy_lab\directional\_results\feed_bench_1781278131.parquet

=== rows per feed/sym ===
sym    btc   eth   sol
feed                  
arb      7     8     5
pyth  1522  1522  1522
rtds   708   710   709

=== transport delay (local_arrival - feed_ts) p50/p90 ms ===
             0.5      0.9
feed sym                 
arb  btc  4030.0  16399.0
     eth  4443.0   4823.0
     sol  4829.0  37382.0
pyth btc  8175.0  10168.0
     eth  8175.0  10168.0
     sol  8175.0  10168.0
rtds btc  4105.0   4471.0
     eth  4091.0   4481.0
     sol  4080.0   4462.0

=== price lead/lag vs RTDS (negative = feed LEADS rtds) ===
  btc pyth: best shift -3.0s (err 0.7bp)  -> LAGS rtds
  eth pyth: best shift -3.0s (err 1.0bp)  -> LAGS rtds
  sol pyth: best shift -3.2s (err 1.1bp)  -> LAGS rtds

=== move-event first-detection (RTDS moves >=5bp/2s) ===
  btc pyth: n=1  median +6.79s  p25 +6.79s p75 +6.79s (negative = pyth saw the move BEFORE rtds)
  eth pyth: n=2  median +6.35s  p25 +6.10s p75 +6.60s (negative = pyth saw the move BEFORE rtds)
  sol pyth: n=10  median +2.57s  p25 -8.93s p75 +5.64s (negative = pyth saw the move BEFORE rtds)
