grid rows=132177  coins={'ETH': 67804, 'SOL': 64373}  tfs={'5m': 76839, '15m': 55338}

################ ETH 15m (windows~1113) ################
--- per-offset, |gap|>=0.08, ALL vs cheap(ev<0.55) ---
  +   5s | ALL n= 277 $/tr=+1.197 t=+2.19 CI=[+0.123,+2.264] won=0.60       | cheap n= 271 $/tr=+1.162 t=+2.09 CI=[+0.055,+2.273] won=0.59
  +  35s | ALL n= 227 $/tr=+0.505 t=+0.79 CI=[-0.731,+1.702] won=0.49       | cheap n= 162 $/tr=+0.762 t=+0.88 CI=[-0.874,+2.486] won=0.48
  +  65s | ALL n= 252 $/tr=-1.150 t=-1.82 CI=[-2.421,+0.087] won=0.44       | cheap n= 137 $/tr=-1.067 t=-1.00 CI=[-3.169,+1.107] won=0.42
  +  95s | ALL n= 280 $/tr=-0.412 t=-0.74 CI=[-1.493,+0.693] won=0.43       | cheap n= 139 $/tr=+0.189 t=+0.18 CI=[-1.790,+2.282] won=0.42
  + 125s | ALL n= 276 $/tr=-0.577 t=-0.97 CI=[-1.768,+0.609] won=0.43       | cheap n= 139 $/tr=-0.248 t=-0.23 CI=[-2.180,+1.848] won=0.40
  + 155s | ALL n= 275 $/tr=-0.854 t=-1.53 CI=[-1.979,+0.295] won=0.43       | cheap n= 132 $/tr=-1.352 t=-1.27 CI=[-3.423,+0.743] won=0.40
  + 185s | ALL n= 268 $/tr=+0.128 t=+0.22 CI=[-1.013,+1.326] won=0.50       | cheap n= 128 $/tr=-0.109 t=-0.10 CI=[-2.182,+2.129] won=0.47
  + 215s | ALL n= 261 $/tr=+0.803 t=+1.13 CI=[-0.510,+2.235] won=0.50       | cheap n= 120 $/tr=+1.750 t=+1.24 CI=[-0.914,+4.725] won=0.52
  + 245s | ALL n= 272 $/tr=-0.829 t=-1.27 CI=[-2.127,+0.422] won=0.43       | cheap n= 120 $/tr=-0.271 t=-0.21 CI=[-2.776,+2.211] won=0.44
  + 275s | ALL n= 251 $/tr=+0.344 t=+0.32 CI=[-1.501,+2.630] won=0.46       | cheap n= 114 $/tr=+0.559 t=+0.25 CI=[-3.252,+5.743] won=0.39
  + 305s | ALL n= 232 $/tr=+0.302 t=+0.26 CI=[-1.737,+2.698] won=0.48       | cheap n= 106 $/tr=+0.278 t=+0.11 CI=[-3.870,+5.661] won=0.36
  + 335s | ALL n= 231 $/tr=+0.736 t=+0.61 CI=[-1.344,+3.304] won=0.47       | cheap n= 110 $/tr=+1.214 t=+0.50 CI=[-3.049,+6.636] won=0.41
  + 365s | ALL n= 241 $/tr=+0.819 t=+0.69 CI=[-1.340,+3.426] won=0.46       | cheap n= 108 $/tr=+0.966 t=+0.38 CI=[-3.466,+6.536] won=0.36
  + 395s | ALL n= 235 $/tr=+1.420 t=+1.08 CI=[-0.955,+4.141] won=0.51       | cheap n= 101 $/tr=+2.558 t=+0.86 CI=[-2.744,+8.903] won=0.42
  + 425s | ALL n= 235 $/tr=+0.051 t=+0.05 CI=[-1.769,+1.910] won=0.46       | cheap n= 101 $/tr=-0.968 t=-0.47 CI=[-4.871,+2.995] won=0.34
  + 455s | ALL n= 223 $/tr=-0.433 t=-0.45 CI=[-2.224,+1.462] won=0.43       | cheap n=  99 $/tr=-0.671 t=-0.33 CI=[-4.442,+3.420] won=0.32
  + 485s | ALL n= 250 $/tr=-1.437 t=-1.53 CI=[-3.196,+0.459] won=0.43       | cheap n= 112 $/tr=-2.455 t=-1.28 CI=[-6.014,+1.427] won=0.33
  + 515s | ALL n= 232 $/tr=-1.095 t=-1.01 CI=[-3.086,+1.062] won=0.44       | cheap n= 111 $/tr=-1.662 t=-0.77 CI=[-5.661,+2.680] won=0.33
  + 545s | ALL n= 230 $/tr=-0.431 t=-0.38 CI=[-2.589,+1.805] won=0.45       | cheap n= 122 $/tr=-1.938 t=-0.94 CI=[-5.784,+2.160] won=0.34
  + 575s | ALL n= 204 $/tr=+0.748 t=+0.62 CI=[-1.473,+3.185] won=0.48       | cheap n=  95 $/tr=+0.512 t=+0.21 CI=[-4.159,+5.649] won=0.40
  + 605s | ALL n= 215 $/tr=+3.341 t=+1.07 CI=[-1.479,+10.500] won=0.47      | cheap n= 108 $/tr=+6.920 t=+1.12 CI=[-2.510,+20.701] won=0.40
  + 635s | ALL n= 222 $/tr=+5.672 t=+1.72 CI=[+0.219,+13.003] won=0.53      | cheap n= 111 $/tr=+10.307 t=+1.57 CI=[-0.362,+25.205] won=0.38
  + 665s | ALL n= 213 $/tr=+5.613 t=+1.54 CI=[-0.485,+13.595] won=0.48      | cheap n= 107 $/tr=+11.282 t=+1.57 CI=[-0.696,+26.915] won=0.34
  + 695s | ALL n= 216 $/tr=+5.130 t=+1.47 CI=[-0.611,+12.706] won=0.49      | cheap n= 114 $/tr=+8.779 t=+1.33 CI=[-1.802,+23.222] won=0.33
  + 725s | ALL n= 199 $/tr=+12.064 t=+1.79 CI=[+1.989,+27.702] won=0.56     | cheap n= 111 $/tr=+20.335 t=+1.69 CI=[+2.397,+46.759] won=0.41
  + 755s | ALL n= 172 $/tr=+13.936 t=+1.73 CI=[+1.612,+31.860] won=0.53     | cheap n=  81 $/tr=+29.512 t=+1.74 CI=[+3.767,+67.675] won=0.42
--- first-cross one-shot per window (threshold sweep), cheap-gated ---
  thr=0.04 | firstcross cheap n= 847 $/tr=+0.248 t=+0.79 CI=[-0.371,+0.864] won=0.52     | MIDfirstcross cheap n= 554 $/tr=-1.110 t=-2.56 CI=[-1.958,-0.244] won=0.42
  thr=0.06 | firstcross cheap n= 719 $/tr=+0.100 t=+0.27 CI=[-0.634,+0.803] won=0.50     | MIDfirstcross cheap n= 488 $/tr=-0.960 t=-1.73 CI=[-2.017,+0.110] won=0.41
  thr=0.08 | firstcross cheap n= 584 $/tr=+1.381 t=+1.96 CI=[+0.141,+2.891] won=0.53     | MIDfirstcross cheap n= 403 $/tr=+0.448 t=+0.43 CI=[-1.441,+2.675] won=0.44
  thr=0.10 | firstcross cheap n= 473 $/tr=+3.562 t=+1.32 CI=[-0.093,+9.528] won=0.50     | MIDfirstcross cheap n= 336 $/tr=+3.806 t=+1.00 CI=[-1.499,+12.516] won=0.42
  thr=0.12 | firstcross cheap n= 379 $/tr=+4.475 t=+1.32 CI=[-0.253,+12.527] won=0.46    | MIDfirstcross cheap n= 279 $/tr=+5.079 t=+1.10 CI=[-1.397,+15.927] won=0.38

################ ETH 5m (windows~3348) ################
--- per-offset, |gap|>=0.08, ALL vs cheap(ev<0.55) ---
  +   5s | ALL n= 468 $/tr=+1.065 t=+1.91 CI=[+0.003,+2.163] won=0.53       | cheap n= 392 $/tr=+1.193 t=+1.89 CI=[-0.090,+2.446] won=0.52
  +  25s | ALL n= 622 $/tr=+0.882 t=+1.77 CI=[-0.094,+1.873] won=0.52       | cheap n= 382 $/tr=+1.737 t=+2.32 CI=[+0.284,+3.263] won=0.50
  +  45s | ALL n= 758 $/tr=+0.876 t=+1.92 CI=[-0.006,+1.728] won=0.53       | cheap n= 428 $/tr=+1.848 t=+2.46 CI=[+0.337,+3.240] won=0.51
  +  65s | ALL n= 823 $/tr=+1.128 t=+2.53 CI=[+0.236,+1.967] won=0.51       | cheap n= 439 $/tr=+2.459 t=+3.17 CI=[+0.933,+3.967] won=0.51
  +  85s | ALL n= 878 $/tr=+1.252 t=+2.73 CI=[+0.343,+2.141] won=0.52       | cheap n= 442 $/tr=+3.094 t=+3.69 CI=[+1.570,+4.756] won=0.53
  + 105s | ALL n= 884 $/tr=+0.943 t=+2.02 CI=[+0.056,+1.812] won=0.51       | cheap n= 428 $/tr=+2.265 t=+2.56 CI=[+0.523,+3.974] won=0.49
  + 125s | ALL n= 935 $/tr=+0.746 t=+1.62 CI=[-0.137,+1.652] won=0.53       | cheap n= 458 $/tr=+2.029 t=+2.38 CI=[+0.444,+3.718] won=0.49
  + 145s | ALL n= 946 $/tr=+0.502 t=+1.04 CI=[-0.436,+1.478] won=0.51       | cheap n= 470 $/tr=+1.477 t=+1.67 CI=[-0.218,+3.303] won=0.46
  + 165s | ALL n= 916 $/tr=+1.151 t=+2.15 CI=[+0.074,+2.158] won=0.55       | cheap n= 450 $/tr=+2.161 t=+2.14 CI=[+0.259,+4.185] won=0.49
  + 185s | ALL n= 925 $/tr=+0.379 t=+0.63 CI=[-0.774,+1.565] won=0.53       | cheap n= 493 $/tr=+0.253 t=+0.24 CI=[-1.775,+2.346] won=0.43
  + 205s | ALL n= 852 $/tr=+1.262 t=+1.69 CI=[-0.181,+2.764] won=0.55       | cheap n= 444 $/tr=+1.620 t=+1.19 CI=[-0.919,+4.369] won=0.42
  + 225s | ALL n= 860 $/tr=+2.034 t=+1.35 CI=[-0.590,+5.263] won=0.54       | cheap n= 457 $/tr=+2.964 t=+1.06 CI=[-1.816,+9.312] won=0.39
--- first-cross one-shot per window (threshold sweep), cheap-gated ---
  thr=0.04 | firstcross cheap n=2148 $/tr=+0.189 t=+0.65 CI=[-0.374,+0.787] won=0.47     | MIDfirstcross cheap n=1395 $/tr=+0.952 t=+1.07 CI=[-0.594,+2.957] won=0.44
  thr=0.06 | firstcross cheap n=1769 $/tr=+1.455 t=+2.17 CI=[+0.352,+2.948] won=0.48     | MIDfirstcross cheap n=1207 $/tr=+0.944 t=+0.92 CI=[-0.766,+3.210] won=0.42
  thr=0.08 | firstcross cheap n=1413 $/tr=+1.820 t=+2.17 CI=[+0.409,+3.668] won=0.48     | MIDfirstcross cheap n= 971 $/tr=+1.862 t=+1.50 CI=[-0.259,+4.463] won=0.44
  thr=0.10 | firstcross cheap n=1111 $/tr=+3.256 t=+3.10 CI=[+1.528,+5.551] won=0.50     | MIDfirstcross cheap n= 777 $/tr=+3.187 t=+2.12 CI=[+0.745,+6.552] won=0.46
  thr=0.12 | firstcross cheap n= 861 $/tr=+3.560 t=+4.92 CI=[+2.164,+4.997] won=0.50     | MIDfirstcross cheap n= 635 $/tr=+3.313 t=+3.56 CI=[+1.496,+5.139] won=0.49

################ SOL 15m (windows~1082) ################
--- per-offset, |gap|>=0.08, ALL vs cheap(ev<0.55) ---
  +   5s | ALL n= 132 $/tr=+3.120 t=+4.18 CI=[+1.695,+4.581] won=0.68       | cheap n= 130 $/tr=+3.205 t=+4.25 CI=[+1.748,+4.724] won=0.68
  +  35s | ALL n=  70 $/tr=+0.577 t=+0.40 CI=[-2.231,+3.412] won=0.57       | cheap n=  62 $/tr=+0.313 t=+0.20 CI=[-2.798,+3.374] won=0.58
  +  65s | ALL n=  72 $/tr=+0.436 t=+0.28 CI=[-2.514,+3.554] won=0.44       | cheap n=  62 $/tr=+0.033 t=+0.02 CI=[-3.468,+3.527] won=0.42
  +  95s | ALL n=  91 $/tr=-1.811 t=-1.39 CI=[-4.350,+0.667] won=0.44       | cheap n=  80 $/tr=-1.942 t=-1.37 CI=[-4.708,+0.848] won=0.44
  + 125s | ALL n=  97 $/tr=-0.488 t=-0.34 CI=[-3.318,+2.250] won=0.44       | cheap n=  84 $/tr=-1.386 t=-0.87 CI=[-4.455,+1.709] won=0.42
  + 155s | ALL n= 121 $/tr=-0.435 t=-0.44 CI=[-2.259,+1.564] won=0.47       | cheap n= 102 $/tr=-1.438 t=-1.34 CI=[-3.450,+0.695] won=0.42
  + 185s | ALL n= 132 $/tr=-0.046 t=-0.04 CI=[-2.065,+2.006] won=0.48       | cheap n= 110 $/tr=-1.694 t=-1.45 CI=[-3.937,+0.653] won=0.41
  + 215s | ALL n= 146 $/tr=+0.336 t=+0.36 CI=[-1.512,+2.192] won=0.47       | cheap n= 130 $/tr=-1.046 t=-1.09 CI=[-2.933,+0.887] won=0.42
  + 245s | ALL n= 169 $/tr=-1.128 t=-1.19 CI=[-2.954,+0.716] won=0.38       | cheap n= 150 $/tr=-2.247 t=-2.24 CI=[-4.144,-0.213] won=0.34
  + 275s | ALL n= 172 $/tr=-2.128 t=-2.36 CI=[-3.876,-0.315] won=0.38       | cheap n= 152 $/tr=-3.315 t=-3.55 CI=[-5.094,-1.422] won=0.33
  + 305s | ALL n= 182 $/tr=-2.741 t=-3.09 CI=[-4.443,-0.979] won=0.36       | cheap n= 166 $/tr=-2.765 t=-3.03 CI=[-4.495,-0.909] won=0.34
  + 335s | ALL n= 183 $/tr=-3.587 t=-4.30 CI=[-5.228,-1.971] won=0.33       | cheap n= 169 $/tr=-4.178 t=-4.88 CI=[-5.791,-2.520] won=0.30
  + 365s | ALL n= 191 $/tr=-0.453 t=-0.30 CI=[-3.101,+2.720] won=0.35       | cheap n= 170 $/tr=-1.061 t=-0.64 CI=[-4.179,+2.433] won=0.30
  + 395s | ALL n= 198 $/tr=-1.590 t=-1.15 CI=[-4.084,+1.334] won=0.33       | cheap n= 181 $/tr=-2.099 t=-1.40 CI=[-4.795,+1.222] won=0.30
  + 425s | ALL n= 204 $/tr=-0.673 t=-0.47 CI=[-3.335,+2.292] won=0.34       | cheap n= 184 $/tr=-1.046 t=-0.67 CI=[-3.877,+2.253] won=0.32
  + 455s | ALL n= 203 $/tr=-0.120 t=-0.09 CI=[-2.547,+2.602] won=0.36       | cheap n= 187 $/tr=-0.423 t=-0.29 CI=[-3.092,+2.504] won=0.34
  + 485s | ALL n= 243 $/tr=+0.622 t=+0.49 CI=[-1.811,+3.136] won=0.39       | cheap n= 229 $/tr=+0.420 t=+0.31 CI=[-2.124,+3.137] won=0.38
  + 515s | ALL n= 241 $/tr=-0.680 t=-0.55 CI=[-3.107,+1.760] won=0.34       | cheap n= 226 $/tr=-1.086 t=-0.82 CI=[-3.566,+1.655] won=0.31
  + 545s | ALL n= 220 $/tr=-0.916 t=-0.71 CI=[-3.371,+1.683] won=0.35       | cheap n= 205 $/tr=-1.288 t=-0.94 CI=[-4.028,+1.474] won=0.34
  + 575s | ALL n= 237 $/tr=+1.906 t=+1.01 CI=[-1.439,+6.171] won=0.42       | cheap n= 218 $/tr=+1.671 t=+0.82 CI=[-1.749,+6.162] won=0.38
  + 605s | ALL n= 241 $/tr=+6.644 t=+2.06 CI=[+1.253,+13.615] won=0.39      | cheap n= 215 $/tr=+7.130 t=+1.98 CI=[+1.110,+15.064] won=0.37
  + 635s | ALL n= 227 $/tr=+5.014 t=+1.46 CI=[-0.722,+12.456] won=0.36      | cheap n= 209 $/tr=+5.171 t=+1.39 CI=[-0.844,+13.335] won=0.34
  + 665s | ALL n= 241 $/tr=+4.130 t=+1.19 CI=[-1.791,+11.685] won=0.32      | cheap n= 222 $/tr=+4.199 t=+1.11 CI=[-2.213,+12.453] won=0.28
  + 695s | ALL n= 236 $/tr=+0.072 t=+0.02 CI=[-5.044,+6.744] won=0.32       | cheap n= 209 $/tr=-0.310 t=-0.09 CI=[-6.184,+7.443] won=0.27
  + 725s | ALL n= 218 $/tr=+2.999 t=+1.00 CI=[-2.328,+9.293] won=0.33       | cheap n= 193 $/tr=+3.861 t=+1.15 CI=[-2.097,+10.615] won=0.31
  + 755s | ALL n= 217 $/tr=+1.251 t=+0.39 CI=[-3.918,+8.013] won=0.37       | cheap n= 198 $/tr=+1.074 t=+0.31 CI=[-4.648,+8.413] won=0.33
--- first-cross one-shot per window (threshold sweep), cheap-gated ---
  thr=0.04 | firstcross cheap n= 955 $/tr=+0.176 t=+0.53 CI=[-0.459,+0.846] won=0.48     | MIDfirstcross cheap n= 880 $/tr=-1.559 t=-4.16 CI=[-2.257,-0.816] won=0.37
  thr=0.06 | firstcross cheap n= 899 $/tr=+0.197 t=+0.47 CI=[-0.606,+1.029] won=0.49     | MIDfirstcross cheap n= 834 $/tr=-1.359 t=-2.93 CI=[-2.231,-0.395] won=0.39
  thr=0.08 | firstcross cheap n= 748 $/tr=-0.632 t=-1.17 CI=[-1.648,+0.453] won=0.43     | MIDfirstcross cheap n= 694 $/tr=-1.668 t=-2.86 CI=[-2.806,-0.492] won=0.36
  thr=0.10 | firstcross cheap n= 564 $/tr=+0.138 t=+0.17 CI=[-1.371,+1.759] won=0.42     | MIDfirstcross cheap n= 522 $/tr=-0.400 t=-0.46 CI=[-2.094,+1.361] won=0.37
  thr=0.12 | firstcross cheap n= 397 $/tr=+1.759 t=+1.50 CI=[-0.488,+4.128] won=0.43     | MIDfirstcross cheap n= 371 $/tr=+1.524 t=+1.20 CI=[-0.809,+4.028] won=0.38

################ SOL 5m (windows~3331) ################
--- per-offset, |gap|>=0.08, ALL vs cheap(ev<0.55) ---
  +   5s | ALL n= 407 $/tr=+1.285 t=+2.14 CI=[+0.165,+2.434] won=0.54       | cheap n= 384 $/tr=+1.153 t=+1.84 CI=[-0.089,+2.360] won=0.52
  +  25s | ALL n= 477 $/tr=+0.946 t=+1.46 CI=[-0.321,+2.232] won=0.47       | cheap n= 443 $/tr=+1.033 t=+1.49 CI=[-0.314,+2.369] won=0.47
  +  45s | ALL n= 573 $/tr=+0.279 t=+0.47 CI=[-0.884,+1.449] won=0.46       | cheap n= 536 $/tr=+0.286 t=+0.45 CI=[-0.954,+1.523] won=0.45
  +  65s | ALL n= 674 $/tr=+0.052 t=+0.09 CI=[-1.096,+1.155] won=0.43       | cheap n= 611 $/tr=+0.011 t=+0.02 CI=[-1.245,+1.267] won=0.42
  +  85s | ALL n= 635 $/tr=+0.620 t=+0.97 CI=[-0.625,+1.901] won=0.44       | cheap n= 584 $/tr=+0.872 t=+1.28 CI=[-0.477,+2.255] won=0.44
  + 105s | ALL n= 706 $/tr=+1.268 t=+1.91 CI=[-0.005,+2.545] won=0.45       | cheap n= 643 $/tr=+1.401 t=+1.95 CI=[+0.040,+2.828] won=0.45
  + 125s | ALL n= 739 $/tr=+1.534 t=+2.07 CI=[+0.140,+2.966] won=0.47       | cheap n= 654 $/tr=+1.691 t=+2.05 CI=[+0.096,+3.364] won=0.45
  + 145s | ALL n= 793 $/tr=+1.252 t=+1.50 CI=[-0.367,+2.977] won=0.43       | cheap n= 695 $/tr=+1.292 t=+1.37 CI=[-0.493,+3.222] won=0.40
  + 165s | ALL n= 810 $/tr=-0.855 t=-1.07 CI=[-2.360,+0.811] won=0.41       | cheap n= 715 $/tr=-1.162 t=-1.30 CI=[-2.896,+0.577] won=0.39
  + 185s | ALL n= 839 $/tr=-0.479 t=-0.56 CI=[-2.198,+1.236] won=0.40       | cheap n= 726 $/tr=-0.820 t=-0.84 CI=[-2.685,+1.159] won=0.37
  + 205s | ALL n= 874 $/tr=+0.529 t=+0.48 CI=[-1.445,+2.767] won=0.38       | cheap n= 756 $/tr=+0.453 t=+0.36 CI=[-1.909,+2.963] won=0.35
  + 225s | ALL n= 852 $/tr=-2.088 t=-1.71 CI=[-4.392,+0.397] won=0.36       | cheap n= 716 $/tr=-2.974 t=-2.07 CI=[-5.603,-0.116] won=0.29
--- first-cross one-shot per window (threshold sweep), cheap-gated ---
  thr=0.04 | firstcross cheap n=2857 $/tr=-0.521 t=-2.00 CI=[-1.012,-0.009] won=0.44     | MIDfirstcross cheap n=2371 $/tr=-1.212 t=-2.54 CI=[-2.100,-0.267] won=0.37
  thr=0.06 | firstcross cheap n=2611 $/tr=-0.202 t=-0.63 CI=[-0.844,+0.469] won=0.44     | MIDfirstcross cheap n=2066 $/tr=-0.905 t=-1.82 CI=[-1.865,+0.101] won=0.38
  thr=0.08 | firstcross cheap n=2144 $/tr=+0.071 t=+0.17 CI=[-0.744,+0.899] won=0.43     | MIDfirstcross cheap n=1685 $/tr=+0.282 t=+0.47 CI=[-0.888,+1.481] won=0.40
  thr=0.10 | firstcross cheap n=1649 $/tr=+0.502 t=+0.94 CI=[-0.496,+1.589] won=0.43     | MIDfirstcross cheap n=1296 $/tr=+1.016 t=+1.37 CI=[-0.426,+2.511] won=0.40
  thr=0.12 | firstcross cheap n=1196 $/tr=+1.264 t=+1.90 CI=[-0.037,+2.595] won=0.42     | MIDfirstcross cheap n= 949 $/tr=+1.797 t=+2.03 CI=[+0.124,+3.491] won=0.42

===== MID-WINDOW VERDICT (off>=120, ev<0.55, |gap|>=0.08) per coin-tf =====
  ETH 15m: n=2450 $/tr=+3.460 t=+3.28 CI=[+1.485,+5.696] won=0.39
  ETH 5m: n=2772 $/tr=+1.729 t=+2.86 CI=[+0.595,+2.949] won=0.45
  SOL 15m: n=3909 $/tr=+0.247 t=+0.47 CI=[-0.745,+1.346] won=0.34
  SOL 5m: n=4262 $/tr=-0.284 t=-0.64 CI=[-1.184,+0.597] won=0.37

READ: edge exists at an offset/threshold only if cheap-gated $/tr>0 with CI>0. MID pocket needs off>=120 cell CI>0.
