
=== BTC 15m OOS 2026-03-30..2026-04-21: 1132 slots, offsets=[5, 120, 240, 360, 480, 600, 720] ===

=== ETH 15m OOS 2026-03-30..2026-04-21: 1113 slots, offsets=[5, 120, 240, 360, 480, 600, 720] ===

===== $/tr BY OFFSET (pooled BTC+ETH, 15m) =====
  +   5s  filled: ALL n= 307 $/tr=+1.257 t=+2.50 CI=[+0.235,+2.233] won=0.56 | CLEAN n= 289 $/tr=+1.126 t=+2.97 CI=[+0.380,+1.855] won=0.56
          gated:  ALL n= 176 $/tr=+2.044 t=+2.49 CI=[+0.382,+3.672] won=0.56 | CLEAN n= 158 $/tr=+1.895 t=+3.14 CI=[+0.713,+3.008] won=0.56
  + 120s  filled: ALL n= 185 $/tr=+0.068 t=+0.10 CI=[-1.208,+1.391] won=0.57 | CLEAN n= 180 $/tr=+0.764 t=+1.22 CI=[-0.429,+2.057] won=0.59
          gated:  ALL n=  91 $/tr=+1.146 t=+0.90 CI=[-1.193,+3.586] won=0.48 | CLEAN n=  88 $/tr=+2.038 t=+1.70 CI=[-0.167,+4.476] won=0.50
  + 240s  filled: ALL n= 145 $/tr=+0.024 t=+0.03 CI=[-1.414,+1.405] won=0.56 | CLEAN n= 141 $/tr=+0.546 t=+0.82 CI=[-0.700,+1.842] won=0.57
          gated:  ALL n=  73 $/tr=-0.308 t=-0.23 CI=[-2.834,+2.339] won=0.38 | CLEAN n=  70 $/tr=+0.750 t=+0.60 CI=[-1.681,+3.195] won=0.40
  + 360s  filled: ALL n= 166 $/tr=+0.495 t=+0.42 CI=[-1.545,+3.048] won=0.60 | CLEAN n= 159 $/tr=+0.770 t=+0.65 CI=[-1.224,+3.324] won=0.60
          gated:  ALL n=  78 $/tr=+1.158 t=+0.47 CI=[-3.064,+6.497] won=0.32 | CLEAN n=  73 $/tr=+2.088 t=+0.83 CI=[-2.059,+7.578] won=0.33
  + 480s  filled: ALL n= 169 $/tr=-0.739 t=-0.85 CI=[-2.391,+0.999] won=0.57 | CLEAN n= 153 $/tr=-0.157 t=-0.20 CI=[-1.657,+1.482] won=0.58
          gated:  ALL n=  74 $/tr=-2.991 t=-1.60 CI=[-6.604,+0.795] won=0.22 | CLEAN n=  65 $/tr=-0.991 t=-0.56 CI=[-4.209,+2.571] won=0.23
  + 600s  filled: ALL n= 176 $/tr=+6.847 t=+1.22 CI=[-1.557,+19.975] won=0.63 | CLEAN n= 165 $/tr=+3.384 t=+1.35 CI=[-0.854,+8.920] won=0.67
          gated:  ALL n=  75 $/tr=+17.744 t=+1.36 CI=[-1.730,+47.224] won=0.27 | CLEAN n=  64 $/tr=+10.689 t=+1.69 CI=[-0.128,+23.946] won=0.30
  + 720s  filled: ALL n= 122 $/tr=+10.043 t=+0.99 CI=[-2.371,+31.921] won=0.63 | CLEAN n= 102 $/tr=+1.563 t=+0.98 CI=[-1.284,+4.955] won=0.70
          gated:  ALL n=  52 $/tr=+22.256 t=+0.93 CI=[-6.620,+72.671] won=0.25 | CLEAN n=  35 $/tr=+3.370 t=+0.74 CI=[-4.689,+12.692] won=0.29

  -- gated & delta>=5 by offset --
  +   5s  ALL n=  59 $/tr=+2.989 t=+2.44 CI=[+0.476,+5.232] won=0.54 | CLEAN n=  55 $/tr=+4.182 t=+4.67 CI=[+2.468,+5.893] won=0.56
  + 120s  ALL n=  28 $/tr=+3.077 t=+0.93 CI=[-2.959,+9.784] won=0.43 | CLEAN n=  27 $/tr=+4.117 t=+1.26 CI=[-1.730,+10.818] won=0.44
  + 240s  ALL n=  15 $/tr=-0.306 t=-0.09 CI=[-6.842,+6.249] won=0.47 | CLEAN n=  15 $/tr=-0.306 t=-0.09 CI=[-6.854,+6.292] won=0.47
  + 360s  ALL n=  27 $/tr=+4.828 t=+0.76 CI=[-4.818,+18.540] won=0.22 | CLEAN n=  25 $/tr=+6.809 t=+1.02 CI=[-3.162,+21.767] won=0.24
  + 480s  ALL n=  13 $/tr=-1.753 t=-0.49 CI=[-8.753,+4.687] won=0.31 | CLEAN n=  12 $/tr=+0.188 t=+0.06 CI=[-6.229,+6.115] won=0.33
  + 600s  ALL n=  15 $/tr=-3.706 t=-0.71 CI=[-12.396,+7.239] won=0.20 | CLEAN n=  12 $/tr=+1.621 t=+0.29 CI=[-6.818,+13.517] won=0.25
  + 720s  ALL n=  13 $/tr=-4.002 t=-0.78 CI=[-13.144,+6.229] won=0.38 | CLEAN n=   9 $/tr=-2.537 t=-0.59 CI=[-10.363,+5.189] won=0.44

  -- TOKEN-LAG gate by offset --
  +   5s  ALL n= 123 $/tr=+2.133 t=+2.05 CI=[+0.068,+4.149] won=0.59 | CLEAN n= 105 $/tr=+1.924 t=+2.99 CI=[+0.696,+3.223] won=0.60
  + 120s  ALL n=  46 $/tr=+0.907 t=+0.44 CI=[-2.914,+4.988] won=0.57 | CLEAN n=  41 $/tr=+4.067 t=+2.37 CI=[+0.980,+7.668] won=0.63
  + 240s  ALL n=  37 $/tr=-0.401 t=-0.19 CI=[-4.447,+3.741] won=0.65 | CLEAN n=  33 $/tr=+1.778 t=+0.89 CI=[-2.084,+5.578] won=0.70
  + 360s  ALL n=  34 $/tr=+0.375 t=+0.07 CI=[-7.739,+11.464] won=0.41 | CLEAN n=  27 $/tr=+1.963 t=+0.31 CI=[-7.149,+15.945] won=0.41
  + 480s  ALL n=  73 $/tr=-2.918 t=-2.08 CI=[-5.597,-0.177] won=0.52 | CLEAN n=  57 $/tr=-1.969 t=-1.78 CI=[-4.189,+0.140] won=0.53
  + 600s  ALL n=  85 $/tr=+10.889 t=+0.99 CI=[-4.081,+35.328] won=0.58 | CLEAN n=  75 $/tr=+3.435 t=+1.01 CI=[-2.254,+10.811] won=0.64
  + 720s  ALL n=  69 $/tr=+15.426 t=+0.86 CI=[-5.077,+53.808] won=0.65 | CLEAN n=  51 $/tr=-0.955 t=-0.65 CI=[-3.524,+2.043] won=0.76

  -- MID-WINDOW pooled (off>=120) lag-gated vs not --
  all mid            ALL n= 963 $/tr=+2.496 t=+1.49 CI=[-0.160,+6.267] won=0.59 | CLEAN n= 900 $/tr=+1.145 t=+1.99 CI=[+0.075,+2.342] won=0.61
  mid lagging        ALL n= 344 $/tr=+5.281 t=+1.16 CI=[-1.749,+15.388] won=0.57 | CLEAN n= 284 $/tr=+1.321 t=+1.12 CI=[-0.787,+3.793] won=0.62
  mid NOT lagging    ALL n= 619 $/tr=+0.948 t=+1.47 CI=[-0.157,+2.376] won=0.60 | CLEAN n= 616 $/tr=+1.064 t=+1.65 CI=[-0.040,+2.460] won=0.61
  mid lagging&<0.55  ALL n= 181 $/tr=+9.722 t=+1.13 CI=[-3.556,+29.314] won=0.24 | CLEAN n= 136 $/tr=+2.750 t=+1.13 CI=[-1.652,+7.844] won=0.27

READ: mid-window offsets (>=120) $/tr>0 CI>0 -> lag edge persists mid-window. CAVEAT: BBO top-of-book.
