
=== XRP OOS 2026-04-07..2026-04-21: candidate fires (delta>=3) = 609 ===
  filled fires: 481 (of 609 candidates)  old-fallback-incidence=0
  frac_held: mean=0.037 held_full=0.037 clean(frac==0)=0.963 entry_carried=0.476 exit_carried=0.422
  ALL filled                 ALL   n= 481 $/tr=+0.899 t=+2.09 CI=[+0.046,+1.723] won=0.590
                             CLEAN n= 463 $/tr=+1.157 t=+3.03 CI=[+0.397,+1.893]
  GATED vwap<0.55            ALL   n= 218 $/tr=+2.096 t=+2.74 CI=[+0.660,+3.530] won=0.550
                             CLEAN n= 201 $/tr=+2.664 t=+4.14 CI=[+1.437,+3.891]
  GATED vwap<0.55 & d>=5     ALL   n=  73 $/tr=+3.681 t=+2.39 CI=[+0.601,+6.731] won=0.548
                             CLEAN n=  64 $/tr=+5.254 t=+4.44 CI=[+2.913,+7.668]

VERDICT: gated $/tr>0 with CI>0 on Mar30-Apr21 (disjoint) = scalp survives clean OOS (corrected exit).
CAVEAT: BBO top-of-book fill (no L25 depth walk) -> entry slightly optimistic; re-check on full L25 if it passes.

===== STOP SIM (paired pnl_stop - pnl60), gated vwap<0.55 =====
  ALL                    stopON n= 218 $/tr=+0.431 t=+0.53 CI=[-1.202,+2.016]
                         stopOFFn= 218 $/tr=+2.096 t=+2.74 CI=[+0.602,+3.610]
                         DIFF  mean=-1.6653 CI=[-2.8306,-0.6044] SIG-  (OLD CLAIM +0.88/tr)
  CLEAN (frac_held==0)   stopON n= 201 $/tr=+0.857 t=+1.20 CI=[-0.551,+2.235]
                         stopOFFn= 201 $/tr=+2.664 t=+4.14 CI=[+1.404,+3.889]
                         DIFF  mean=-1.8062 CI=[-3.1354,-0.6605] SIG-  (OLD CLAIM +0.88/tr)

===== TIME-OF-DAY OOS (pooled, gated vwap<0.55, n=218) =====
  base (all hours)        ALL   n= 218 $/tr=+2.096 t=+2.74 CI=[+0.542,+3.595]
                          CLEAN n= 201 $/tr=+2.664 t=+4.14 CI=[+1.402,+3.914]
  22-02 UTC               ALL   n=  44 $/tr=+1.730 t=+1.00 CI=[-1.729,+5.020]
                          CLEAN n=  42 $/tr=+1.899 t=+1.16 CI=[-1.284,+4.920]
  exclude dead {12,17}    ALL   n= 205 $/tr=+1.966 t=+2.47 CI=[+0.356,+3.449]
                          CLEAN n= 189 $/tr=+2.675 t=+4.00 CI=[+1.393,+3.991]
  exclude {2,12,16,17,18} ALL   n= 174 $/tr=+2.837 t=+3.48 CI=[+1.252,+4.386]
                          CLEAN n= 165 $/tr=+3.484 t=+4.84 CI=[+2.079,+4.853]
  dead hours {12,17} only ALL   n=  13 $/tr=+4.141 t=+1.48 CI=[-1.251,+9.386]
                          CLEAN n=  12 $/tr=+2.476 t=+1.01 CI=[-2.471,+6.637]
READ: time-of-day gate validated OOS if 22-02 > base and exclude-dead >= base on Mar30-Apr21.
