
=== BTC: gated fires=1834 — scanning L25 ===
  snapshots: entry=1177 exit=1379 (of 1834 fires)
   stake     n fillfrac  vwap_e  vwap_x exitfrac     $/tr      t               CI95  ROI%/dep     $/day
      25   393     1.00   0.491   0.573     1.00   +3.865  +9.07 [ +3.042, +4.683]   +15.513     +30.7
      50   385     1.00   0.491   0.572     1.00   +7.519  +8.71 [ +5.797, +9.187]   +15.104     +58.6
     100   376     1.00   0.493   0.570     1.00  +14.016  +8.06 [+10.513,+17.336]   +14.086    +106.7
     200   347     0.99   0.494   0.558     1.00  +23.261  +6.45 [+16.166,+30.133]   +11.719    +163.4
     400   306     0.99   0.495   0.547     1.00  +36.324  +4.80 [+21.649,+50.751]    +9.180    +225.0
     800   245     0.99   0.498   0.522     1.00  +29.443  +1.73 [ -3.279,+61.933]    +3.736    +146.0
    1600   173     0.97   0.506   0.482     0.98  -70.423  -1.69 [-152.232, +9.442]    -4.523    -246.6
    3200    90     0.88   0.511   0.466     0.92 -125.266  -1.10 [-352.827,+99.013]    -4.468    -228.2

=== ETH: gated fires=2762 — scanning L25 ===
  snapshots: entry=1855 exit=2125 (of 2762 fires)
   stake     n fillfrac  vwap_e  vwap_x exitfrac     $/tr      t               CI95  ROI%/dep     $/day
      25   586     1.00   0.484   0.549     0.99   +3.097  +8.70 [ +2.402, +3.800]   +12.389     +36.7
      50   545     1.00   0.485   0.544     0.99   +5.603  +7.67 [ +4.161, +7.034]   +11.225     +61.8
     100   486     1.00   0.487   0.531     0.99   +8.223  +5.30 [ +5.177,+11.268]    +8.248     +80.9
     200   401     1.00   0.489   0.513     0.99   +8.299  +2.49 [ +1.625,+14.996]    +4.167     +67.4
     400   301     0.99   0.494   0.472     0.96  -19.601  -2.43 [-35.101, -3.593]    -4.931    -119.4
     800   200     0.98   0.507   0.444     0.81  -58.132  -2.52 [-103.769,-12.820]    -7.424    -235.4
    1600    81     0.90   0.518   0.428     0.61  -90.470  -0.96 [-276.279,+89.539]    -6.261    -148.3
    3200    33     0.62   0.528   0.430     0.57 +135.024  +0.53 [-358.422,+615.216]    +6.787     +90.2

=== SOL: gated fires=3833 — scanning L25 ===
  snapshots: entry=2603 exit=2937 (of 3833 fires)
   stake     n fillfrac  vwap_e  vwap_x exitfrac     $/tr      t               CI95  ROI%/dep     $/day
      25   558     1.00   0.506   0.562     0.98   +2.687  +7.72 [ +1.999, +3.358]   +10.747     +30.3
      50   452     1.00   0.510   0.547     0.98   +3.665  +4.73 [ +2.179, +5.195]    +7.333     +33.5
     100   351     1.00   0.517   0.523     0.98   +1.285  +0.71 [ -2.273, +4.792]    +1.287      +9.1
     200   212     0.99   0.524   0.479     0.97  -15.995  -3.31 [-25.379, -6.304]    -8.044     -68.6
     400    72     0.97   0.521   0.431     0.88  -67.093  -4.25 [-96.974,-36.376]   -17.252     -97.8
     800    23     0.89   0.523   0.392     0.69 -181.698  -2.28 [-333.843,-29.017]   -25.481     -84.6
    1600     6     0.35   0.527   0.454     0.59 -176.403  -0.84 [-554.731,+178.436]   -31.275     -21.4
    3200     6     0.18   0.527   0.454     0.59 -176.403  -0.84 [-554.731,+171.314]   -31.275     -21.4

====================================================================================================
POOLED (BTC+ETH+SOL, gated vwap_e<0.55):
   stake      n fillfrac  vwap_e  vwap_x exitfrac     $/tr      t                 CI95  ROI%/dep     $/day  depl/day$
      25   1537     1.00   0.494   0.560     0.99   +3.144 +14.61 [ +2.726, +3.556]   +12.589     +97.8       +777
      50   1382     1.00   0.495   0.553     0.99   +5.503 +12.11 [ +4.630, +6.392]   +11.028    +153.9      +1396
     100   1213     1.00   0.497   0.541     0.99   +8.011  +8.15 [ +6.095, +9.919]    +8.037    +196.7      +2448
     200    960     0.99   0.498   0.522     0.99   +8.342  +3.73 [ +3.956,+12.755]    +4.195    +162.1      +3864
     400    679     0.99   0.497   0.501     0.97   +0.566  +0.11 [ -9.722,+11.315]    +0.143      +7.8      +5440
     800    468     0.98   0.503   0.482     0.90  -18.359  -1.31 [-45.705, +7.980]    -2.347    -173.9      +7410
    1600    260     0.94   0.510   0.465     0.86  -79.114  -1.95 [-156.924, +1.785]    -5.277    -416.4      +7890
    3200    129     0.78   0.516   0.456     0.82  -61.059  -0.59 [-259.104,+137.685]    -2.451    -159.4      +6505

READ: $/tr decays as vwap_e rises & vwap_x falls (depth slippage). $/day = $/tr × fills/day;
  capacity-optimal stake = where $/day peaks; max usable = last stake with CI95 lo>0.
  ROI%/dep -> 0 = depth saturated. fillfrac<1 = stake exceeds available ask depth (size-capped).
CAVEAT: in-sample window -> ABSOLUTE $/tr optimistic; anchor $25 to OOS +$0.9-1.5; DECAY shape is the result.
