=== BTC: gated fires=1834 (1248 5m / 586 15m) — scanning L25 ===
=== ETH: gated fires=2762 (1919 5m / 843 15m) — scanning L25 ===
=== SOL: gated fires=3833 (2667 5m / 1166 15m) — scanning L25 ===

======================================================================================================================
PER-MARKET CAPACITY TABLE (in-sample L25; gated entry_vwap<0.55). $/tr & $/mo(IS) are IN-SAMPLE; OOS table below.
market     stake     n fires/d fillf    $/tr                CI95   $/day $/mo(IS)   MaxDD$ DD/stk
BTC 15m       25   170     3.4  0.99   +2.59[  +1.66,  +3.55]    +8.9     +267    +37.7    1.5
BTC 15m       50   164     3.3  0.99   +5.10[  +3.19,  +7.09]   +16.9     +508    +69.8    1.4
BTC 15m      100   161     3.3  0.99   +8.63[  +4.87, +12.60]   +28.1     +844   +149.0    1.5
BTC 15m      150   156     3.2  0.99  +12.21[  +6.41, +17.97]   +38.6    +1157   +218.8    1.5
BTC 15m      200   148     3.0  0.99  +14.24[  +6.15, +22.58]   +42.7    +1280   +314.0    1.6
BTC 15m      300   139     2.8  0.99  +17.45[  +5.04, +30.28]   +49.1    +1473   +588.8    2.0
BTC 15m      400   128     2.6  0.99  +16.78[  -0.75, +34.46]   +43.5    +1304   +701.1    1.8
BTC 15m      600   111     2.2  0.98  +14.83[ -13.88, +42.28]   +33.3    +1000  +1328.0    2.2
BTC 15m      800   105     2.1  0.98   -0.84[ -40.59, +38.75]    -1.8      -54  +1856.9    2.3
  -> max stake with CI95 lo>0 (in-sample): 300
BTC 5m        25   223     4.5  1.00   +4.84[  +3.53,  +6.03]   +21.8     +655    +31.6    1.3
BTC 5m        50   221     4.5  1.00   +9.31[  +6.72, +11.79]   +41.7    +1250    +63.1    1.3
BTC 5m       100   215     4.4  1.00  +18.05[ +12.94, +23.10]   +78.6    +2357   +128.1    1.3
BTC 5m       150   206     4.2  1.00  +23.76[ +16.09, +31.63]   +99.1    +2972   +196.4    1.3
BTC 5m       200   199     4.0  0.99  +29.97[ +19.48, +40.73]  +120.7    +3622   +309.3    1.5
BTC 5m       300   189     3.8  0.99  +44.84[ +29.44, +60.67]  +171.6    +5147   +319.6    1.1
BTC 5m       400   178     3.6  0.99  +50.38[ +28.73, +71.97]  +181.5    +5446   +458.9    1.1
BTC 5m       600   159     3.2  0.99  +48.28[ +12.07, +83.03]  +155.4    +4662   +866.7    1.4
BTC 5m       800   140     2.8  0.99  +52.16[  +1.79,+101.76]  +147.8    +4434  +1159.8    1.4
  -> max stake with CI95 lo>0 (in-sample): 800
ETH 15m       25   298     6.0  1.00   +2.87[  +2.06,  +3.67]   +17.3     +520    +32.0    1.3
ETH 15m       50   279     5.6  1.00   +4.83[  +3.19,  +6.51]   +27.3     +819    +67.9    1.4
ETH 15m      100   257     5.2  1.00   +6.88[  +3.50, +10.44]   +35.8    +1073   +135.9    1.4
ETH 15m      150   236     4.8  1.00   +5.83[  +0.30, +11.15]   +27.8     +835   +285.3    1.9
ETH 15m      200   222     4.5  1.00   +3.51[  -3.71, +10.84]   +15.8     +473   +539.5    2.7
ETH 15m      300   199     4.0  1.00  -10.12[ -21.97,  +1.87]   -40.8    -1223  +2783.5    9.3
ETH 15m      400   184     3.7  0.99  -25.37[ -42.47,  -8.61]   -94.5    -2835  +5459.4   13.6
ETH 15m      600   156     3.2  0.99  -41.58[ -73.15, -10.03]  -131.3    -3939  +7232.7   12.1
ETH 15m      800   138     2.8  0.99  -65.63[-118.01, -13.55]  -183.3    -5500  +9812.4   12.3
  -> max stake with CI95 lo>0 (in-sample): 150
ETH 5m        25   288     5.8  1.00   +3.33[  +2.17,  +4.50]   +19.4     +583    +46.2    1.8
ETH 5m        50   266     5.4  1.00   +6.41[  +4.10,  +8.73]   +34.5    +1035    +82.6    1.7
ETH 5m       100   229     4.6  1.00   +9.73[  +4.62, +14.81]   +45.1    +1354   +233.5    2.3
ETH 5m       150   201     4.1  1.00  +11.82[  +3.82, +20.08]   +48.1    +1443   +313.9    2.1
ETH 5m       200   179     3.6  1.00  +14.24[  +3.13, +24.88]   +51.6    +1548   +384.2    1.9
ETH 5m       300   141     2.9  0.99   +4.70[ -15.29, +24.27]   +13.4     +403  +1118.2    3.7
ETH 5m       400   117     2.4  0.99  -10.53[ -40.27, +18.89]   -24.9     -748  +2299.0    5.7
ETH 5m       600    84     1.7  0.98  -41.49[ -94.73, +15.00]   -70.6    -2117  +4832.6    8.1
ETH 5m       800    62     1.3  0.96  -41.44[-126.90, +48.00]   -52.0    -1560  +4164.3    5.2
  -> max stake with CI95 lo>0 (in-sample): 200
SOL 15m       25   260     5.3  1.00   +2.05[  +1.26,  +2.80]   +10.8     +323    +41.5    1.7
SOL 15m       50   206     4.2  1.00   +2.62[  +0.84,  +4.36]   +10.9     +328   +140.2    2.8
SOL 15m      100   143     2.9  1.00   -1.15[  -5.40,  +3.05]    -3.3     -100   +385.3    3.9
SOL 15m      150   100     2.0  1.00   -5.81[ -13.14,  +1.46]   -11.8     -353   +625.4    4.2
SOL 15m      200    72     1.5  1.00  -21.42[ -32.12, -10.45]   -31.2     -936  +1551.7    7.8
SOL 15m      300    55     1.1  1.00  -49.14[ -69.90, -27.87]   -54.7    -1641  +2603.1    8.7
SOL 15m      400    43     0.9  0.99  -69.74[-109.03, -31.51]   -60.7    -1821  +3035.5    7.6
SOL 15m      600    32     0.6  0.98 -153.06[-236.69, -66.15]   -99.1    -2974  +4906.0    8.2
SOL 15m      800    21     0.4  0.97 -203.23[-366.80, -33.24]   -86.4    -2592  +4221.5    5.3
  -> max stake with CI95 lo>0 (in-sample): 50
SOL 5m        25   298     6.0  1.00   +3.25[  +2.14,  +4.37]   +19.6     +587    +77.7    3.1
SOL 5m        50   246     5.0  1.00   +4.54[  +2.20,  +6.91]   +22.6     +678   +138.4    2.8
SOL 5m       100   208     4.2  1.00   +2.96[  -2.13,  +8.22]   +12.5     +374   +449.0    4.5
SOL 5m       150   181     3.7  0.99   -2.42[ -10.94,  +5.91]    -8.9     -266  +1327.2    8.8
SOL 5m       200   140     2.8  0.99  -13.21[ -26.12,  +0.05]   -37.4    -1123  +2594.1   13.0
SOL 5m       300    72     1.5  0.98  -40.23[ -67.88, -13.52]   -58.6    -1759  +3214.2   10.7
SOL 5m       400    29     0.6  0.94  -63.17[-113.46, -10.16]   -37.1    -1112  +1837.5    4.6
SOL 5m       600     5     0.1  0.65  -82.86[-253.64, +83.33]    -8.4     -252   +634.1    1.1
  -> max stake with CI95 lo>0 (in-sample): 50

======================================================================================================================
PROSPECT @ recommended stake (= largest in-sample CI-positive stake). 1-MONTH PROFIT OOS-ANCHORED (x0.35; band x0.30-0.45).
market      rec$ fires/d  $/tr IS $/tr OOS  $/mo IS  $/mo OOS       $/mo band MaxDD$ IS
BTC 15m      300     2.8   +17.45    +6.11    +1473      +516[  +442,  +663]    +588.8
BTC 5m       800     2.8   +52.16   +18.26    +4434     +1552[ +1330, +1996]   +1159.8
ETH 15m      150     4.8    +5.83    +2.04     +835      +292[  +251,  +376]    +285.3
ETH 5m       200     3.6   +14.24    +4.98    +1548      +542[  +464,  +697]    +384.2
SOL 15m       50     4.2    +2.62    +0.92     +328      +115[   +98,  +148]    +140.2
SOL 5m        50     5.0    +4.54    +1.59     +678      +237[  +203,  +305]    +138.4
TOTAL                                         +9297     +3254[ +2789, +4183]   +2696.6

NOTES: MaxDD is IN-SAMPLE over the 49.4d window = a FLOOR (real DD worse). fillf<1 = size-capped on asks.
  fires/d already nets the ~64% entry-fill rate (fires w/o an L25 book at fire+85ms are dropped).
  DOGE/XRP/BNB EXCLUDED: no production L25 depth -> not depth-sizeable (BBO top-of-book only).
