
=== ETH 15m: 212 candidate fires ===
  [ckpt] ETH 15m: fires=60

=== ETH 5m: 522 candidate fires ===
  [ckpt] ETH 5m: fires=82

=== SOL 15m: 248 candidate fires ===
  [ckpt] SOL 15m: fires=67

=== SOL 5m: 625 candidate fires ===
  [ckpt] SOL 5m: fires=105

=== BTC 15m: 130 candidate fires ===
  [ckpt] BTC 15m: fires=32

=== BTC 5m: 336 candidate fires ===
  [ckpt] BTC 5m: fires=49

saved 395 fires

===== EXIT POLICY $/tr (pooled, cheap-gated fires) =====
  f45              n= 395 $/tr=+1.621 t=+4.58 CI=[+0.918,+2.318]
  f60              n= 395 $/tr=+1.924 t=+4.83 CI=[+1.143,+2.694]
  f90              n= 395 $/tr=+2.146 t=+4.43 CI=[+1.192,+3.075]
  5s_.02           n= 395 $/tr=+1.184 t=+2.36 CI=[+0.212,+2.154]
  5s_.03           n= 395 $/tr=+0.928 t=+1.81 CI=[-0.080,+1.920]
  5s_.05           n= 395 $/tr=+0.108 t=+0.20 CI=[-0.983,+1.166]
  5s_.08           n= 395 $/tr=-1.024 t=-1.68 CI=[-2.214,+0.175]
  5s_arm05_.03     n= 395 $/tr=+0.875 t=+1.52 CI=[-0.285,+1.990]
  5s_arm05_.05     n= 395 $/tr=+0.168 t=+0.28 CI=[-1.053,+1.353]
  5s_peak          n= 395 $/tr=+16.955 t=+34.10 CI=[+15.971,+17.909]
  1s_.03           n= 395 $/tr=-3.289 t=-5.11 CI=[-4.527,-2.039]
  1s_.05           n= 395 $/tr=-4.928 t=-7.39 CI=[-6.262,-3.612]
  1s_arm05_.05     n= 395 $/tr=-4.098 t=-5.97 CI=[-5.421,-2.763]
  1s_peak          n= 395 $/tr=+17.704 t=+36.03 CI=[+16.754,+18.638]

===== PAIRED vs FIXED_60 (policy - f60), pooled =====
  f45              n= 395 $/tr=-0.303 t=-1.13 CI=[-0.838,+0.236]
  f90              n= 395 $/tr=+0.222 t=+0.74 CI=[-0.354,+0.815]
  5s_.02           n= 395 $/tr=-0.740 t=-1.28 CI=[-1.876,+0.372]
  5s_.03           n= 395 $/tr=-0.996 t=-1.70 CI=[-2.109,+0.121]
  5s_.05           n= 395 $/tr=-1.816 t=-2.99 CI=[-3.009,-0.671]
  5s_.08           n= 395 $/tr=-2.948 t=-4.48 CI=[-4.239,-1.696]
  5s_arm05_.03     n= 395 $/tr=-1.048 t=-1.73 CI=[-2.277,+0.135]
  5s_arm05_.05     n= 395 $/tr=-1.756 t=-2.81 CI=[-2.981,-0.531]
  5s_peak          n= 395 $/tr=+15.031 t=+31.77 CI=[+14.085,+15.944]
  1s_.03           n= 395 $/tr=-5.212 t=-7.22 CI=[-6.624,-3.807]
  1s_.05           n= 395 $/tr=-6.851 t=-9.06 CI=[-8.343,-5.360]
  1s_arm05_.05     n= 395 $/tr=-6.022 t=-7.94 CI=[-7.495,-4.569]
  1s_peak          n= 395 $/tr=+15.780 t=+33.67 CI=[+14.860,+16.666]

===== per coin-tf: best 5s-grid trailing vs f60 =====
  BTC 15m: f60 n=  32 $/tr=+3.982 t=+3.68 CI=[+1.833,+5.996] | 5s_.05 n=  32 $/tr=-1.488 t=-0.70 CI=[-5.651,+2.315] | 5s_arm05_.05 n=  32 $/tr=-1.833 t=-0.81 CI=[-6.516,+2.319]
  BTC 5m: f60 n=  49 $/tr=+1.407 t=+1.08 CI=[-1.229,+3.927] | 5s_.05 n=  49 $/tr=+0.552 t=+0.37 CI=[-2.401,+3.460] | 5s_arm05_.05 n=  49 $/tr=+1.649 t=+1.12 CI=[-1.311,+4.323]
  ETH 15m: f60 n=  60 $/tr=+0.670 t=+0.89 CI=[-0.836,+2.087] | 5s_.05 n=  60 $/tr=-4.324 t=-2.87 CI=[-7.299,-1.553] | 5s_arm05_.05 n=  60 $/tr=-5.986 t=-3.30 CI=[-9.502,-2.571]
  ETH 5m: f60 n=  82 $/tr=+2.252 t=+2.10 CI=[+0.123,+4.381] | 5s_.05 n=  82 $/tr=+0.401 t=+0.33 CI=[-1.985,+2.699] | 5s_arm05_.05 n=  82 $/tr=+0.738 t=+0.61 CI=[-1.574,+2.986]
  SOL 15m: f60 n=  67 $/tr=+1.978 t=+2.97 CI=[+0.693,+3.239] | 5s_.05 n=  67 $/tr=-0.753 t=-0.64 CI=[-3.195,+1.483] | 5s_arm05_.05 n=  67 $/tr=-0.270 t=-0.20 CI=[-2.966,+2.273]
  SOL 5m: f60 n= 105 $/tr=+1.964 t=+2.35 CI=[+0.279,+3.629] | 5s_.05 n= 105 $/tr=+3.242 t=+3.25 CI=[+1.300,+5.213] | 5s_arm05_.05 n= 105 $/tr=+3.438 t=+3.16 CI=[+1.357,+5.508]

READ: a trailing exit is deployable only if (policy - f60) paired CI>0 on a 5s grid (live polls 5s).
peak = untradeable oracle upper bound. CAVEAT: BBO top-of-book; confirm on native-10Hz L25 if a 5s policy wins.
