resolutions: 51031  tfs={'5m': 37934, '15m': 13097}
btc: 37607557 usable trades
eth: 10036202 usable trades
sol: 4301175 usable trades
TOTAL trades: 51944934

===== CALIBRATION: price bin vs realized WR (pooled, by tf) =====

-- 5m --   (mispricing = wr - p; >0 means underpriced)
  p=0.080  wr=0.066  mis=-0.014  n=1094393
  p=0.130  wr=0.119  mis=-0.011  n=1053249
  p=0.181  wr=0.169  mis=-0.012  n=1159358
  p=0.230  wr=0.221  mis=-0.009  n=1310408
  p=0.281  wr=0.295  mis=+0.014  n=1510822
  p=0.330  wr=0.329  mis=-0.002  n=1684465
  p=0.380  wr=0.384  mis=+0.004  n=1920707
  p=0.431  wr=0.435  mis=+0.004  n=2160654
  p=0.482  wr=0.494  mis=+0.013  n=2768412
  p=0.529  wr=0.537  mis=+0.007  n=2787624
  p=0.580  wr=0.585  mis=+0.005  n=2496947
  p=0.630  wr=0.635  mis=+0.005  n=2323328
  p=0.680  wr=0.688  mis=+0.008  n=2200576
  p=0.730  wr=0.744  mis=+0.013  n=2018523
  p=0.781  wr=0.796  mis=+0.015  n=1971824
  p=0.831  wr=0.845  mis=+0.014  n=1930720
  p=0.882  wr=0.896  mis=+0.014  n=2199440
  p=0.933  wr=0.945  mis=+0.012  n=3054809

-- 15m --   (mispricing = wr - p; >0 means underpriced)
  p=0.080  wr=0.068  mis=-0.012  n=361632
  p=0.130  wr=0.119  mis=-0.011  n=367127
  p=0.180  wr=0.174  mis=-0.006  n=420610
  p=0.230  wr=0.229  mis=-0.002  n=467978
  p=0.281  wr=0.287  mis=+0.006  n=520957
  p=0.330  wr=0.327  mis=-0.003  n=579842
  p=0.380  wr=0.376  mis=-0.004  n=637265
  p=0.431  wr=0.432  mis=+0.001  n=765090
  p=0.481  wr=0.496  mis=+0.015  n=930470
  p=0.530  wr=0.537  mis=+0.008  n=913214
  p=0.580  wr=0.589  mis=+0.009  n=819671
  p=0.630  wr=0.642  mis=+0.013  n=741806
  p=0.680  wr=0.691  mis=+0.011  n=697737
  p=0.730  wr=0.741  mis=+0.011  n=634654
  p=0.780  wr=0.791  mis=+0.011  n=601129
  p=0.830  wr=0.842  mis=+0.012  n=578190
  p=0.881  wr=0.896  mis=+0.016  n=569534
  p=0.932  wr=0.941  mis=+0.009  n=672185

===== PROBIT (a,b) fits: won ~ Phi(a + b*Phi^-1(p)) =====
  b=1,a=0 => perfectly calibrated. lam (Wang) = a at b=1. b<1 => longshots overpriced/favorites underpriced.
  ALL          a=+0.0131 b=1.0467  n=51944934
  BTC          a=+0.0138 b=1.0696  n=37607557
  ETH          a=+0.0211 b=0.9969  n=10036202
  SOL          a=+0.0246 b=0.9649  n=4301175
  5m           a=+0.0127 b=1.0503  n=39818659
  15m          a=+0.0179 b=1.0398  n=12126275
  early t<1/3  a=+0.0067 b=1.0293  n=18237410
  mid          a=+0.0088 b=1.0470  n=16202556
  late t>2/3   a=+0.0329 b=1.0444  n=17504968

===== Wang fair value (early-window fit a=+0.0067 b=1.0293) for entry asks =====
  ask=0.30 -> fair=0.297  residual=-0.003
  ask=0.40 -> fair=0.400  residual=-0.000
  ask=0.45 -> fair=0.451  residual=+0.001
  ask=0.50 -> fair=0.503  residual=+0.003
  ask=0.55 -> fair=0.554  residual=+0.004
  ask=0.60 -> fair=0.605  residual=+0.005
  ask=0.70 -> fair=0.708  residual=+0.008

===== GATE TEST on corrected scalp fires (gated <0.55, n=1074) — Wang residual terciles =====
  LOW resid  n= 427 $/tr=+2.912 t=+5.72 CI=[+1.907,+3.876]
  MID        n= 362 $/tr=+1.553 t=+2.48 CI=[+0.376,+2.817]
  HIGH resid n= 285 $/tr=+0.638 t=+0.95 CI=[-0.663,+1.915]
  (HIGH residual = Wang says most underpriced. If HIGH >> LOW with CI>0 on both, the lens adds signal.)

saved results txt
