
=== ETH 15m: 1113 windows ===
  [ckpt] ETH 15m rows so far=3127

=== ETH 5m: 3350 windows ===
  [ckpt] ETH 5m rows so far=11851

=== SOL 15m: 1082 windows ===
  [ckpt] SOL 15m rows so far=14925

=== SOL 5m: 3335 windows ===
  [ckpt] SOL 5m rows so far=23544

saved 23544 rows

===== VARIANT x OFFSET (cheap ev<0.55, |signal|>=3) =====

## ETH 15m
  OWN      +  5s  n=  65 $/tr=+0.884 t=+1.05 CI=[-0.770,+2.553] won=0.54
  OWN      + 15s  n=  79 $/tr=-0.839 t=-1.12 CI=[-2.351,+0.585] won=0.44
  OWN      + 30s  n=  74 $/tr=+0.332 t=+0.44 CI=[-1.076,+1.832] won=0.50
  OWN      + 45s  n=  72 $/tr=-0.293 t=-0.33 CI=[-2.086,+1.437] won=0.39
  OWN      + 60s  n=  63 $/tr=+1.355 t=+1.93 CI=[-0.013,+2.707] won=0.52

  BTC      +  5s  n=  34 $/tr=+2.034 t=+1.75 CI=[-0.115,+4.382] won=0.53
  BTC      + 15s  n=  61 $/tr=-1.134 t=-1.31 CI=[-2.883,+0.423] won=0.41
  BTC      + 30s  n=  63 $/tr=+0.398 t=+0.53 CI=[-1.099,+1.907] won=0.49
  BTC      + 45s  n=  71 $/tr=-0.317 t=-0.46 CI=[-1.616,+1.001] won=0.38
  BTC      + 60s  n=  75 $/tr=-0.740 t=-1.01 CI=[-2.155,+0.599] won=0.37

  CONFL    +  5s  n=  27 $/tr=+0.670 t=+0.61 CI=[-1.420,+2.738] won=0.44
  CONFL    + 15s  n=  44 $/tr=-0.419 t=-0.48 CI=[-2.147,+1.228] won=0.45
  CONFL    + 30s  n=  40 $/tr=+0.579 t=+0.57 CI=[-1.276,+2.618] won=0.50
  CONFL    + 45s  n=  44 $/tr=-0.134 t=-0.15 CI=[-1.878,+1.669] won=0.36
  CONFL    + 60s  n=  40 $/tr=+1.283 t=+1.44 CI=[-0.449,+3.020] won=0.47

  BTCLEAD  + 15s  n=   9 $/tr=-5.077 t=-1.29 CI=[-12.519,+1.650] won=0.22
  BTCLEAD  + 30s  n=  10 $/tr=-1.184 t=-0.56 CI=[-5.290,+2.594] won=0.40
  BTCLEAD  + 45s  n=  17 $/tr=+0.697 t=+0.60 CI=[-1.431,+2.949] won=0.47
  BTCLEAD  + 60s  n=  19 $/tr=-4.521 t=-2.90 CI=[-7.691,-1.796] won=0.21


## ETH 5m
  OWN      +  5s  n=  80 $/tr=+1.887 t=+1.74 CI=[-0.248,+4.017] won=0.53
  OWN      + 15s  n=  90 $/tr=+0.192 t=+0.19 CI=[-1.860,+2.145] won=0.39
  OWN      + 30s  n= 104 $/tr=+1.312 t=+1.42 CI=[-0.433,+3.191] won=0.38
  OWN      + 45s  n=  85 $/tr=+1.245 t=+1.25 CI=[-0.686,+3.180] won=0.31
  OWN      + 60s  n=  74 $/tr=+2.500 t=+2.57 CI=[+0.623,+4.378] won=0.41

  BTC      +  5s  n=  61 $/tr=+2.257 t=+1.81 CI=[-0.308,+4.660] won=0.57
  BTC      + 15s  n=  87 $/tr=+0.582 t=+0.59 CI=[-1.318,+2.474] won=0.44
  BTC      + 30s  n= 101 $/tr=+0.133 t=+0.13 CI=[-1.881,+2.150] won=0.37
  BTC      + 45s  n= 100 $/tr=+0.222 t=+0.24 CI=[-1.642,+2.049] won=0.34
  BTC      + 60s  n= 106 $/tr=-0.039 t=-0.05 CI=[-1.671,+1.627] won=0.35

  CONFL    +  5s  n=  43 $/tr=+2.189 t=+1.65 CI=[-0.395,+4.676] won=0.53
  CONFL    + 15s  n=  46 $/tr=+1.084 t=+0.92 CI=[-1.113,+3.387] won=0.33
  CONFL    + 30s  n=  57 $/tr=+2.722 t=+2.19 CI=[+0.316,+5.134] won=0.40
  CONFL    + 45s  n=  49 $/tr=+1.315 t=+1.05 CI=[-0.988,+3.874] won=0.29
  CONFL    + 60s  n=  42 $/tr=+2.947 t=+2.38 CI=[+0.720,+5.388] won=0.38

  BTCLEAD  +  5s  n=   8 $/tr=-4.392 t=-0.81 CI=[-14.053,+5.898] won=0.38
  BTCLEAD  + 15s  n=  24 $/tr=+3.859 t=+1.94 CI=[-0.102,+7.437] won=0.75
  BTCLEAD  + 30s  n=  28 $/tr=-2.695 t=-1.14 CI=[-7.270,+1.695] won=0.39
  BTCLEAD  + 45s  n=  34 $/tr=-2.122 t=-1.15 CI=[-5.767,+1.399] won=0.38
  BTCLEAD  + 60s  n=  42 $/tr=-2.905 t=-2.06 CI=[-5.820,-0.288] won=0.33


## SOL 15m
  OWN      +  5s  n=  71 $/tr=+1.550 t=+2.07 CI=[-0.036,+2.969] won=0.59
  OWN      + 15s  n=  79 $/tr=-0.894 t=-1.60 CI=[-1.974,+0.162] won=0.43
  OWN      + 30s  n=  69 $/tr=+0.121 t=+0.16 CI=[-1.312,+1.528] won=0.48
  OWN      + 45s  n=  63 $/tr=+0.280 t=+0.47 CI=[-0.875,+1.451] won=0.40
  OWN      + 60s  n=  57 $/tr=+1.373 t=+1.87 CI=[-0.011,+2.837] won=0.61

  BTC      +  5s  n=  35 $/tr=+1.148 t=+1.38 CI=[-0.374,+2.762] won=0.49
  BTC      + 15s  n=  58 $/tr=-1.220 t=-2.04 CI=[-2.434,-0.086] won=0.36
  BTC      + 30s  n=  73 $/tr=-0.859 t=-1.06 CI=[-2.460,+0.717] won=0.38
  BTC      + 45s  n=  86 $/tr=-0.996 t=-1.60 CI=[-2.185,+0.173] won=0.42
  BTC      + 60s  n=  74 $/tr=+0.188 t=+0.35 CI=[-0.840,+1.201] won=0.49

  CONFL    +  5s  n=  24 $/tr=+2.191 t=+2.00 CI=[+0.184,+4.374] won=0.58
  CONFL    + 15s  n=  31 $/tr=-1.429 t=-1.83 CI=[-3.088,-0.027] won=0.32
  CONFL    + 30s  n=  36 $/tr=+0.381 t=+0.31 CI=[-2.062,+2.717] won=0.47
  CONFL    + 45s  n=  27 $/tr=+1.055 t=+1.14 CI=[-0.587,+2.870] won=0.44
  CONFL    + 60s  n=  27 $/tr=+0.999 t=+1.13 CI=[-0.660,+2.775] won=0.56

  BTCLEAD  + 15s  n=  14 $/tr=-1.122 t=-1.00 CI=[-3.161,+1.091] won=0.29
  BTCLEAD  + 30s  n=  26 $/tr=-1.042 t=-1.03 CI=[-2.912,+0.939] won=0.35
  BTCLEAD  + 45s  n=  38 $/tr=-3.045 t=-3.07 CI=[-5.006,-1.184] won=0.37
  BTCLEAD  + 60s  n=  32 $/tr=-0.871 t=-1.10 CI=[-2.299,+0.745] won=0.38


## SOL 5m
  OWN      +  5s  n= 110 $/tr=+2.349 t=+2.89 CI=[+0.711,+3.964] won=0.49
  OWN      + 15s  n= 104 $/tr=+0.778 t=+1.06 CI=[-0.667,+2.250] won=0.33
  OWN      + 30s  n= 112 $/tr=+0.613 t=+0.77 CI=[-1.000,+2.152] won=0.27
  OWN      + 45s  n= 110 $/tr=+0.415 t=+0.55 CI=[-1.006,+1.893] won=0.32
  OWN      + 60s  n= 100 $/tr=+1.480 t=+1.97 CI=[+0.053,+2.904] won=0.36

  BTC      +  5s  n=  61 $/tr=+1.542 t=+1.36 CI=[-0.582,+3.879] won=0.43
  BTC      + 15s  n=  99 $/tr=+0.130 t=+0.17 CI=[-1.276,+1.588] won=0.34
  BTC      + 30s  n= 128 $/tr=+0.138 t=+0.17 CI=[-1.392,+1.699] won=0.37
  BTC      + 45s  n= 133 $/tr=-1.374 t=-1.61 CI=[-2.993,+0.316] won=0.35
  BTC      + 60s  n= 148 $/tr=+0.709 t=+0.96 CI=[-0.728,+2.138] won=0.42

  CONFL    +  5s  n=  36 $/tr=+1.889 t=+1.26 CI=[-0.919,+4.712] won=0.39
  CONFL    + 15s  n=  39 $/tr=+0.053 t=+0.06 CI=[-1.713,+1.882] won=0.26
  CONFL    + 30s  n=  57 $/tr=+1.652 t=+1.58 CI=[-0.316,+3.719] won=0.30
  CONFL    + 45s  n=  56 $/tr=+1.238 t=+1.10 CI=[-0.921,+3.429] won=0.34
  CONFL    + 60s  n=  52 $/tr=+2.253 t=+2.23 CI=[+0.388,+4.256] won=0.31

  BTCLEAD  +  5s  n=  13 $/tr=+3.462 t=+1.17 CI=[-1.999,+9.050] won=0.62
  BTCLEAD  + 15s  n=  37 $/tr=+1.065 t=+0.71 CI=[-1.777,+4.038] won=0.43
  BTCLEAD  + 30s  n=  44 $/tr=-0.617 t=-0.42 CI=[-3.406,+2.253] won=0.39
  BTCLEAD  + 45s  n=  49 $/tr=-2.209 t=-1.51 CI=[-5.072,+0.650] won=0.37
  BTCLEAD  + 60s  n=  67 $/tr=-0.485 t=-0.44 CI=[-2.653,+1.697] won=0.48

READ: BTC/CONFL/BTCLEAD only beats OWN if a cell's $/tr exceeds the OWN cell at same off AND CI>0.
CAVEAT: BBO top-of-book (optimistic); SEARCH window. OOS on L25 if a variant wins.
