
=== ETH 15m: 1113 windows ===
  [ckpt] ETH 15m rows so far=5845

=== ETH 5m: 3350 windows ===
  [ckpt] ETH 5m rows so far=22059

=== SOL 15m: 1082 windows ===
  [ckpt] SOL 15m rows so far=27713

=== SOL 5m: 3335 windows ===
  [ckpt] SOL 5m rows so far=43683

saved 43683 rows

===== VARIANT x OFFSET (cheap ev<0.55, |signal|>=3) =====

## ETH 15m
  OWN      +  5s  ALL n= 112 $/tr=+1.402 t=+1.36 CI=[-0.673,+3.401] | CLEAN n= 101 $/tr=+1.245 t=+1.60 CI=[-0.324,+2.743]
  OWN      + 15s  ALL n= 139 $/tr=+0.517 t=+0.62 CI=[-1.104,+2.099] | CLEAN n= 128 $/tr=-0.876 t=-1.47 CI=[-2.119,+0.276]
  OWN      + 30s  ALL n= 139 $/tr=+0.867 t=+1.01 CI=[-0.800,+2.574] | CLEAN n= 125 $/tr=+0.117 t=+0.20 CI=[-1.033,+1.203]
  OWN      + 45s  ALL n= 136 $/tr=+0.269 t=+0.30 CI=[-1.430,+1.948] | CLEAN n= 126 $/tr=-0.178 t=-0.26 CI=[-1.488,+1.097]
  OWN      + 60s  ALL n= 122 $/tr=+0.956 t=+0.94 CI=[-1.062,+2.957] | CLEAN n= 106 $/tr=+0.923 t=+1.48 CI=[-0.294,+2.164]

  BTC      +  5s  ALL n=  64 $/tr=+2.839 t=+1.91 CI=[-0.082,+5.707] | CLEAN n=  56 $/tr=+2.242 t=+2.03 CI=[+0.096,+4.360]
  BTC      + 15s  ALL n= 102 $/tr=+0.567 t=+0.59 CI=[-1.324,+2.543] | CLEAN n=  94 $/tr=-1.047 t=-1.56 CI=[-2.376,+0.255]
  BTC      + 30s  ALL n= 127 $/tr=+1.260 t=+1.32 CI=[-0.560,+3.128] | CLEAN n= 113 $/tr=+0.432 t=+0.66 CI=[-0.810,+1.695]
  BTC      + 45s  ALL n= 141 $/tr=+0.271 t=+0.32 CI=[-1.334,+1.935] | CLEAN n= 128 $/tr=+0.024 t=+0.04 CI=[-1.104,+1.156]
  BTC      + 60s  ALL n= 124 $/tr=+0.400 t=+0.43 CI=[-1.365,+2.258] | CLEAN n= 112 $/tr=-0.095 t=-0.15 CI=[-1.356,+1.104]

  CONFL    +  5s  ALL n=  50 $/tr=+2.871 t=+1.60 CI=[-0.602,+6.247] | CLEAN n=  42 $/tr=+2.082 t=+1.64 CI=[-0.524,+4.452]
  CONFL    + 15s  ALL n=  68 $/tr=+1.426 t=+1.18 CI=[-0.878,+3.872] | CLEAN n=  61 $/tr=-0.543 t=-0.71 CI=[-1.985,+0.949]
  CONFL    + 30s  ALL n=  78 $/tr=+1.320 t=+1.01 CI=[-1.199,+3.839] | CLEAN n=  67 $/tr=+0.318 t=+0.38 CI=[-1.352,+1.903]
  CONFL    + 45s  ALL n=  83 $/tr=+1.294 t=+1.09 CI=[-0.995,+3.599] | CLEAN n=  74 $/tr=+0.316 t=+0.39 CI=[-1.293,+1.936]
  CONFL    + 60s  ALL n=  74 $/tr=+2.473 t=+1.85 CI=[-0.032,+5.182] | CLEAN n=  63 $/tr=+1.552 t=+1.92 CI=[-0.034,+3.094]

  BTCLEAD  + 15s  ALL n=  17 $/tr=-2.253 t=-1.00 CI=[-6.940,+1.692] | CLEAN n=  17 $/tr=-2.253 t=-1.00 CI=[-6.884,+1.611]
  BTCLEAD  + 30s  ALL n=  26 $/tr=-2.138 t=-1.22 CI=[-5.588,+1.234] | CLEAN n=  25 $/tr=-1.223 t=-0.78 CI=[-4.250,+1.677]
  BTCLEAD  + 45s  ALL n=  36 $/tr=-0.138 t=-0.12 CI=[-2.197,+2.320] | CLEAN n=  35 $/tr=-0.889 t=-0.99 CI=[-2.564,+0.843]
  BTCLEAD  + 60s  ALL n=  27 $/tr=-2.839 t=-2.07 CI=[-5.455,-0.250] | CLEAN n=  27 $/tr=-2.839 t=-2.07 CI=[-5.606,-0.247]


## ETH 5m
  OWN      +  5s  ALL n= 160 $/tr=+1.379 t=+1.39 CI=[-0.523,+3.372] | CLEAN n= 144 $/tr=+1.542 t=+1.80 CI=[-0.200,+3.202]
  OWN      + 15s  ALL n= 165 $/tr=+2.023 t=+1.84 CI=[-0.122,+4.191] | CLEAN n= 129 $/tr=-0.319 t=-0.37 CI=[-2.032,+1.330]
  OWN      + 30s  ALL n= 177 $/tr=+3.227 t=+2.70 CI=[+0.904,+5.462] | CLEAN n= 120 $/tr=+1.178 t=+1.26 CI=[-0.692,+3.002]
  OWN      + 45s  ALL n= 166 $/tr=+5.480 t=+4.40 CI=[+3.069,+7.823] | CLEAN n= 105 $/tr=+2.834 t=+2.78 CI=[+0.878,+4.844]
  OWN      + 60s  ALL n= 154 $/tr=+6.321 t=+4.85 CI=[+3.719,+8.925] | CLEAN n=  92 $/tr=+2.759 t=+2.48 CI=[+0.558,+4.918]

  BTC      +  5s  ALL n= 108 $/tr=+1.251 t=+1.06 CI=[-1.089,+3.536] | CLEAN n=  97 $/tr=+1.176 t=+1.16 CI=[-0.798,+3.197]
  BTC      + 15s  ALL n= 149 $/tr=+0.923 t=+0.90 CI=[-1.099,+2.902] | CLEAN n= 130 $/tr=-0.245 t=-0.29 CI=[-1.870,+1.394]
  BTC      + 30s  ALL n= 196 $/tr=+3.210 t=+2.96 CI=[+1.145,+5.399] | CLEAN n= 150 $/tr=+1.488 t=+1.58 CI=[-0.382,+3.327]
  BTC      + 45s  ALL n= 202 $/tr=+3.897 t=+3.82 CI=[+1.844,+5.850] | CLEAN n= 152 $/tr=+0.967 t=+1.13 CI=[-0.689,+2.633]
  BTC      + 60s  ALL n= 222 $/tr=+3.818 t=+3.80 CI=[+1.840,+5.809] | CLEAN n= 164 $/tr=+0.709 t=+0.83 CI=[-0.960,+2.394]

  CONFL    +  5s  ALL n=  77 $/tr=+1.048 t=+0.74 CI=[-1.693,+3.718] | CLEAN n=  67 $/tr=+1.222 t=+1.08 CI=[-0.919,+3.390]
  CONFL    + 15s  ALL n=  80 $/tr=+1.414 t=+0.96 CI=[-1.582,+4.325] | CLEAN n=  65 $/tr=-0.071 t=-0.07 CI=[-2.102,+1.959]
  CONFL    + 30s  ALL n= 105 $/tr=+5.281 t=+3.34 CI=[+2.103,+8.508] | CLEAN n=  66 $/tr=+2.639 t=+2.00 CI=[+0.050,+5.202]
  CONFL    + 45s  ALL n= 102 $/tr=+7.247 t=+4.71 CI=[+4.199,+10.212] | CLEAN n=  62 $/tr=+3.161 t=+2.37 CI=[+0.532,+5.731]
  CONFL    + 60s  ALL n=  93 $/tr=+9.371 t=+5.94 CI=[+6.251,+12.247] | CLEAN n=  52 $/tr=+3.897 t=+2.66 CI=[+1.019,+6.693]

  BTCLEAD  +  5s  ALL n=  12 $/tr=+2.288 t=+0.50 CI=[-7.014,+10.623] | CLEAN n=  11 $/tr=+0.474 t=+0.10 CI=[-7.954,+9.022]
  BTCLEAD  + 15s  ALL n=  44 $/tr=+2.533 t=+1.54 CI=[-0.768,+5.629] | CLEAN n=  43 $/tr=+2.053 t=+1.28 CI=[-1.121,+5.094]
  BTCLEAD  + 30s  ALL n=  51 $/tr=+0.645 t=+0.32 CI=[-3.249,+4.425] | CLEAN n=  48 $/tr=+0.158 t=+0.08 CI=[-3.641,+3.910]
  BTCLEAD  + 45s  ALL n=  66 $/tr=-0.229 t=-0.15 CI=[-3.385,+2.892] | CLEAN n=  59 $/tr=-1.508 t=-1.12 CI=[-4.120,+1.135]
  BTCLEAD  + 60s  ALL n=  90 $/tr=-2.219 t=-1.75 CI=[-4.668,+0.226] | CLEAN n=  83 $/tr=-2.098 t=-1.87 CI=[-4.248,+0.099]


## SOL 15m
  OWN      +  5s  ALL n= 133 $/tr=+3.026 t=+3.82 CI=[+1.463,+4.596] | CLEAN n= 123 $/tr=+2.834 t=+5.03 CI=[+1.734,+3.941]
  OWN      + 15s  ALL n= 144 $/tr=+1.102 t=+1.46 CI=[-0.346,+2.643] | CLEAN n= 132 $/tr=+0.379 t=+0.80 CI=[-0.575,+1.323]
  OWN      + 30s  ALL n= 122 $/tr=+0.068 t=+0.08 CI=[-1.706,+1.791] | CLEAN n= 109 $/tr=+0.292 t=+0.51 CI=[-0.820,+1.459]
  OWN      + 45s  ALL n= 123 $/tr=-0.201 t=-0.22 CI=[-1.976,+1.587] | CLEAN n= 109 $/tr=+0.200 t=+0.38 CI=[-0.834,+1.222]
  OWN      + 60s  ALL n= 108 $/tr=+0.588 t=+0.52 CI=[-1.579,+2.813] | CLEAN n=  89 $/tr=+0.949 t=+1.59 CI=[-0.217,+2.103]

  BTC      +  5s  ALL n=  66 $/tr=+3.172 t=+2.43 CI=[+0.586,+5.694] | CLEAN n=  60 $/tr=+3.425 t=+3.54 CI=[+1.539,+5.242]
  BTC      + 15s  ALL n=  93 $/tr=+0.960 t=+1.04 CI=[-0.808,+2.881] | CLEAN n=  86 $/tr=-0.592 t=-1.08 CI=[-1.637,+0.502]
  BTC      + 30s  ALL n= 129 $/tr=+0.082 t=+0.09 CI=[-1.711,+1.925] | CLEAN n= 116 $/tr=-0.690 t=-1.12 CI=[-1.890,+0.484]
  BTC      + 45s  ALL n= 137 $/tr=-0.899 t=-1.09 CI=[-2.515,+0.670] | CLEAN n= 124 $/tr=-0.863 t=-1.69 CI=[-1.874,+0.114]
  BTC      + 60s  ALL n= 144 $/tr=-0.851 t=-1.10 CI=[-2.326,+0.695] | CLEAN n= 131 $/tr=-0.779 t=-1.62 CI=[-1.751,+0.168]

  CONFL    +  5s  ALL n=  47 $/tr=+4.957 t=+3.31 CI=[+2.028,+7.812] | CLEAN n=  42 $/tr=+4.861 t=+4.92 CI=[+2.962,+6.806]
  CONFL    + 15s  ALL n=  50 $/tr=+2.417 t=+1.63 CI=[-0.416,+5.435] | CLEAN n=  44 $/tr=+0.205 t=+0.25 CI=[-1.423,+1.804]
  CONFL    + 30s  ALL n=  57 $/tr=+0.520 t=+0.33 CI=[-2.513,+3.410] | CLEAN n=  49 $/tr=+0.540 t=+0.51 CI=[-1.491,+2.609]
  CONFL    + 45s  ALL n=  48 $/tr=+1.184 t=+0.70 CI=[-2.107,+4.433] | CLEAN n=  40 $/tr=+1.239 t=+1.50 CI=[-0.292,+2.899]
  CONFL    + 60s  ALL n=  55 $/tr=+0.025 t=+0.01 CI=[-3.271,+3.373] | CLEAN n=  43 $/tr=+1.047 t=+1.40 CI=[-0.386,+2.526]

  BTCLEAD  +  5s  ALL n=   7 $/tr=-0.638 t=-0.12 CI=[-10.638,+9.097] | CLEAN n=   7 $/tr=-0.638 t=-0.12 CI=[-10.865,+8.923]
  BTCLEAD  + 15s  ALL n=  26 $/tr=-0.632 t=-0.45 CI=[-2.998,+2.422] | CLEAN n=  25 $/tr=-1.793 t=-2.21 CI=[-3.314,-0.201]
  BTCLEAD  + 30s  ALL n=  45 $/tr=-0.677 t=-0.59 CI=[-2.847,+1.624] | CLEAN n=  43 $/tr=-0.787 t=-0.98 CI=[-2.324,+0.838]
  BTCLEAD  + 45s  ALL n=  56 $/tr=-2.930 t=-2.78 CI=[-5.040,-0.904] | CLEAN n=  53 $/tr=-2.590 t=-3.23 CI=[-4.203,-1.058]
  BTCLEAD  + 60s  ALL n=  57 $/tr=-1.052 t=-1.43 CI=[-2.366,+0.449] | CLEAN n=  56 $/tr=-1.484 t=-2.44 CI=[-2.679,-0.288]


## SOL 5m
  OWN      +  5s  ALL n= 191 $/tr=+1.755 t=+1.90 CI=[-0.087,+3.555] | CLEAN n= 162 $/tr=+1.434 t=+1.94 CI=[-0.044,+2.921]
  OWN      + 15s  ALL n= 197 $/tr=+2.523 t=+2.54 CI=[+0.631,+4.430] | CLEAN n= 150 $/tr=+1.401 t=+1.94 CI=[+0.037,+2.786]
  OWN      + 30s  ALL n= 202 $/tr=+3.893 t=+3.68 CI=[+1.812,+5.949] | CLEAN n= 138 $/tr=+1.850 t=+2.39 CI=[+0.350,+3.371]
  OWN      + 45s  ALL n= 192 $/tr=+4.399 t=+3.78 CI=[+2.052,+6.636] | CLEAN n= 120 $/tr=+1.878 t=+2.07 CI=[+0.111,+3.685]
  OWN      + 60s  ALL n= 191 $/tr=+4.889 t=+4.02 CI=[+2.564,+7.216] | CLEAN n= 114 $/tr=+2.619 t=+2.54 CI=[+0.598,+4.598]

  BTC      +  5s  ALL n= 112 $/tr=+1.775 t=+1.58 CI=[-0.442,+3.975] | CLEAN n=  99 $/tr=+1.350 t=+1.46 CI=[-0.396,+3.129]
  BTC      + 15s  ALL n= 177 $/tr=+0.227 t=+0.26 CI=[-1.491,+1.959] | CLEAN n= 157 $/tr=+0.065 t=+0.09 CI=[-1.320,+1.498]
  BTC      + 30s  ALL n= 234 $/tr=+2.689 t=+2.95 CI=[+0.906,+4.463] | CLEAN n= 189 $/tr=+1.062 t=+1.39 CI=[-0.417,+2.600]
  BTC      + 45s  ALL n= 243 $/tr=+1.542 t=+1.70 CI=[-0.255,+3.311] | CLEAN n= 196 $/tr=-0.482 t=-0.63 CI=[-1.958,+1.005]
  BTC      + 60s  ALL n= 284 $/tr=+2.509 t=+2.95 CI=[+0.837,+4.144] | CLEAN n= 224 $/tr=+0.587 t=+0.82 CI=[-0.798,+2.000]

  CONFL    +  5s  ALL n=  65 $/tr=+2.146 t=+1.30 CI=[-1.025,+5.352] | CLEAN n=  54 $/tr=+1.343 t=+1.01 CI=[-1.242,+3.999]
  CONFL    + 15s  ALL n=  76 $/tr=+1.973 t=+1.28 CI=[-1.009,+4.873] | CLEAN n=  59 $/tr=+2.396 t=+2.34 CI=[+0.407,+4.425]
  CONFL    + 30s  ALL n= 103 $/tr=+5.994 t=+4.15 CI=[+3.069,+8.852] | CLEAN n=  70 $/tr=+3.283 t=+2.95 CI=[+1.188,+5.498]
  CONFL    + 45s  ALL n=  95 $/tr=+6.077 t=+3.85 CI=[+2.918,+9.155] | CLEAN n=  61 $/tr=+2.749 t=+2.16 CI=[+0.252,+5.197]
  CONFL    + 60s  ALL n=  92 $/tr=+7.436 t=+4.21 CI=[+3.962,+10.870] | CLEAN n=  46 $/tr=+3.162 t=+2.06 CI=[+0.279,+6.154]

  BTCLEAD  +  5s  ALL n=  29 $/tr=+3.196 t=+1.68 CI=[-0.557,+6.881] | CLEAN n=  28 $/tr=+2.483 t=+1.36 CI=[-1.104,+5.929]
  BTCLEAD  + 15s  ALL n=  67 $/tr=+0.072 t=+0.06 CI=[-2.463,+2.647] | CLEAN n=  65 $/tr=-0.640 t=-0.51 CI=[-2.994,+1.864]
  BTCLEAD  + 30s  ALL n=  85 $/tr=+0.448 t=+0.34 CI=[-2.120,+2.944] | CLEAN n=  79 $/tr=-0.094 t=-0.08 CI=[-2.346,+2.266]
  BTCLEAD  + 45s  ALL n=  90 $/tr=-1.378 t=-1.03 CI=[-3.983,+1.241] | CLEAN n=  80 $/tr=-2.051 t=-1.78 CI=[-4.365,+0.119]
  BTCLEAD  + 60s  ALL n= 124 $/tr=-0.689 t=-0.68 CI=[-2.700,+1.351] | CLEAN n= 116 $/tr=-0.708 t=-0.78 CI=[-2.421,+1.087]

READ: BTC/CONFL/BTCLEAD beats OWN only if a cell's $/tr exceeds the OWN cell at same off AND CI>0.
CAVEAT: BBO top-of-book (optimistic); SEARCH window. OOS on L25 if a variant wins.
