[1/5] Loading enriched universe (v8) ...
  v8 enriched BTC 5m: 155,370 fires (already passed spread=0.020)
[1b] Loading v7 universe for g_slot_end_ofi_with ...
  v7 BTC 5m: 33,646 fires
  After merge: 155,370 fires with g_slot_end_ofi_with
[2/5] Building raw fire grid ...
  BTC 5m resolutions: 12,347
  Raw fire candidates: 222,246
  Rejected at spread=0.020: 78,185 candidates
[3/5] Checking spread for rejected fires (loading L25 books) ...
  Unique slugs to load: 9,992
  batch 500/9992 done | borderline so far: 330 | 13s
  batch 1000/9992 done | borderline so far: 668 | 26s
  batch 1500/9992 done | borderline so far: 973 | 39s
  batch 2000/9992 done | borderline so far: 1,318 | 52s
  batch 2500/9992 done | borderline so far: 1,713 | 65s
  batch 3000/9992 done | borderline so far: 2,049 | 78s
  batch 3500/9992 done | borderline so far: 2,174 | 91s
  batch 4000/9992 done | borderline so far: 2,247 | 105s
  batch 4500/9992 done | borderline so far: 2,326 | 119s
  batch 5000/9992 done | borderline so far: 2,463 | 133s
  batch 5500/9992 done | borderline so far: 2,586 | 147s
  batch 6000/9992 done | borderline so far: 2,698 | 161s
  batch 6500/9992 done | borderline so far: 2,812 | 175s
  batch 7000/9992 done | borderline so far: 2,919 | 190s
  batch 7500/9992 done | borderline so far: 3,030 | 203s
  batch 8000/9992 done | borderline so far: 3,212 | 217s
  batch 8500/9992 done | borderline so far: 3,295 | 230s
  batch 9000/9992 done | borderline so far: 3,445 | 244s
  batch 9500/9992 done | borderline so far: 3,489 | 257s
  batch 10000/9992 done | borderline so far: 3,596 | 270s

  Borderline fires (0.020, 0.025]: 3,596 total
[4/5] Enriching borderline fires with gate columns ...
  Borderline fires with gate info: 3,596
  Gate match rate: 100.00%
[5/5] Computing per-sleeve metrics ...
  ts_mpskew_s6_0_60: n_020=6291 -> n_025=6291 (+0) | WR: 0.506 -> 0.506 | dpt: -1.168 -> -1.168
  ts_mpskew_any_off30: n_020=2455 -> n_025=2455 (+0) | WR: 0.508 -> 0.508 | dpt: -1.926 -> -1.926
  poly_sniper_v5_btc_5m_parent15m_slope_ts_mpnx_v7: MISSING gates ['g_parent_15m_slope_with'] - skipping
  slotend_ofi_ts_v7: n_020=568 -> n_025=568 (+0) | WR: 0.947 -> 0.947 | dpt: 2.168 -> 2.168
  poly_sniper_v5_btc_5m_parent15m_notrang_ts_mpskew_v7: MISSING gates ['g_parent_15m_not_ranging'] - skipping
  poly_sniper_v5_btc_5m_l_1hrf_imb5_rf_v8: MISSING gates ['g_1h_rf_with'] - skipping
  poly_sniper_v5_btc_5m_l_1hrf_imb5_ribbon_v8: MISSING gates ['g_1h_rf_with'] - skipping
  poly_sniper_v5_btc_5m_q_parent15mslope_ts_imb5_v8: MISSING gates ['g_parent_15m_slope_with'] - skipping

Results saved to C:\Users\alexandre bandarra\Desktop\global\strategy_lab\reports\SPREAD_LOOSEN_SIM_BTC_5M_2026_05_27.csv
                                   sleeve_id                                          gates  n_020  wr_020  mean_dpt_020  total_pnl_020  max_dd_020  t_stat_020  n_025  wr_025  mean_dpt_025  total_pnl_025  max_dd_025  t_stat_025  d_n  d_n_pct  d_wr  d_dpt  d_total_pnl  n_borderline_added
0    poly_sniper_v5_btc_5m_ts_mpskew_s6_0_60                                 g_mp_skew_with   6291  0.5064       -1.1682       -7349.15     7686.54      -3.203   6291  0.5064       -1.1682       -7349.15     7686.54      -3.203    0      0.0   0.0    0.0          0.0                   0
1  poly_sniper_v5_btc_5m_ts_mpskew_any_off30                                 g_mp_skew_with   2455  0.5079       -1.9261       -4728.64     5966.46      -3.661   2455  0.5079       -1.9261       -4728.64     5966.46      -3.661    0      0.0   0.0    0.0          0.0                   0
2    poly_sniper_v5_btc_5m_slotend_ofi_ts_v7  g_slot_end_ofi_with+g_trend_slope_strong_with    568  0.9472        2.1679        1231.38       78.01       3.829    568  0.9472        2.1679        1231.38       78.01       3.829    0      0.0   0.0    0.0          0.0                   0

=== DONE ===
