[1/5] Loading enriched universe (v8) ...
  v8 enriched BTC 5m: 155,370 fires (already passed spread=0.020)
[1a] Loading v8 sandbox universe for extra gate columns ...
  Extra gate cols from v8 sandbox: ['g_2asset_btc_eth_with', 'g_2asset_btc_sol_with', 'g_2asset_eth_sol_with', 'g_3asset_unanimity_with', 'g_xa_majority_with', 'g_parent_15m_regime_with', 'g_parent_15m_slope_with', 'g_parent_15m_not_ranging', 'g_1h_rf_with', 'g_tod_asia', 'g_tod_eu_morning', 'g_tod_us_afternoon', 'g_tod_us_evening', 'g_hl_funding_extreme_with', 'g_hl_funding_with', 'g_hl_oi_rising_with']
  After merge: 155,370
[1b] Loading v7 universe for g_slot_end_ofi_with ...
  v7 BTC 5m: 33,646 fires
  After merge: 155,370 fires with g_slot_end_ofi_with
[2/5] Building raw fire grid ...
  BTC 5m resolutions: 12,347
  Raw fire candidates: 222,246
  Rejected at spread=0.020: 78,185 candidates
[3/5] Checking spread for rejected fires (loading L25 books) ...
  Unique slugs to load: 9,992
  batch 500/9992 done | borderline so far: 330 | 13s
  batch 1000/9992 done | borderline so far: 668 | 25s
  batch 1500/9992 done | borderline so far: 973 | 38s
  batch 2000/9992 done | borderline so far: 1,318 | 51s
  batch 2500/9992 done | borderline so far: 1,713 | 65s
  batch 3000/9992 done | borderline so far: 2,049 | 77s
  batch 3500/9992 done | borderline so far: 2,174 | 91s
  batch 4000/9992 done | borderline so far: 2,247 | 104s
  batch 4500/9992 done | borderline so far: 2,326 | 118s
  batch 5000/9992 done | borderline so far: 2,463 | 130s
  batch 5500/9992 done | borderline so far: 2,586 | 144s
  batch 6000/9992 done | borderline so far: 2,698 | 158s
  batch 6500/9992 done | borderline so far: 2,812 | 172s
  batch 7000/9992 done | borderline so far: 2,919 | 185s
  batch 7500/9992 done | borderline so far: 3,030 | 199s
  batch 8000/9992 done | borderline so far: 3,212 | 212s
  batch 8500/9992 done | borderline so far: 3,295 | 226s
  batch 9000/9992 done | borderline so far: 3,445 | 239s
  batch 9500/9992 done | borderline so far: 3,489 | 252s
  batch 10000/9992 done | borderline so far: 3,596 | 265s

  Borderline fires (0.020, 0.025]: 3,596 total
  Saved borderline cache to C:\Users\alexandre bandarra\Desktop\global\data\v4\canonical\_results\_spread_loosen_borderline_btc5m.parquet
[4/5] Enriching borderline fires with gate columns ...
  Borderline fires with gate info: 3,596
  Slug match rate vs enriched: 39.5%
  Borderline WR: 0.468
  Borderline mean dpt ($5): -0.385
[5/5] Computing per-sleeve metrics ...
  ts_mpskew_s6_0_60: n_020=6291 -> n_025=6334 (+43) | WR: 0.506 -> 0.505 | dpt: -1.168 -> -1.173
  ts_mpskew_any_off30: n_020=2455 -> n_025=2482 (+27) | WR: 0.508 -> 0.507 | dpt: -1.926 -> -1.920
  parent15m_slope_ts_mpnx_v7: n_020=441 -> n_025=442 (+1) | WR: 0.714 -> 0.713 | dpt: 4.992 -> 4.970
  slotend_ofi_ts_v7: n_020=568 -> n_025=568 (+0) | WR: 0.947 -> 0.947 | dpt: 2.168 -> 2.168
  parent15m_notrang_ts_mpskew_v7: n_020=561 -> n_025=562 (+1) | WR: 0.519 -> 0.518 | dpt: -5.335 -> -5.334
  l_1hrf_imb5_rf_v8: n_020=1509 -> n_025=1518 (+9) | WR: 0.737 -> 0.737 | dpt: 4.655 -> 4.628
  l_1hrf_imb5_ribbon_v8: n_020=1509 -> n_025=1518 (+9) | WR: 0.789 -> 0.788 | dpt: 4.257 -> 4.230
  q_parent15mslope_ts_imb5_v8: n_020=657 -> n_025=660 (+3) | WR: 0.723 -> 0.723 | dpt: 6.200 -> 6.166

Results saved to C:\Users\alexandre bandarra\Desktop\global\strategy_lab\reports\SPREAD_LOOSEN_SIM_BTC_5M_2026_05_27.csv
                                              sleeve_id                                                                 gates  n_020  wr_020  mean_dpt_020  total_pnl_020  max_dd_020  t_stat_020  n_025  wr_025  mean_dpt_025  total_pnl_025  max_dd_025  t_stat_025  d_n  d_n_pct    d_wr   d_dpt  d_total_pnl  n_borderline_added
0               poly_sniper_v5_btc_5m_ts_mpskew_s6_0_60                                                        g_mp_skew_with   6291  0.5064       -1.1682       -7349.15     7686.54      -3.203   6334  0.5054       -1.1731       -7430.12     7686.54      -3.238   43    0.007 -0.0010 -0.0049       -80.97                  43
1             poly_sniper_v5_btc_5m_ts_mpskew_any_off30                                                        g_mp_skew_with   2455  0.5079       -1.9261       -4728.64     5966.46      -3.661   2482  0.5073       -1.9204       -4766.50     5966.46      -3.690   27    0.011 -0.0006  0.0057       -37.86                  27
2      poly_sniper_v5_btc_5m_parent15m_slope_ts_mpnx_v7     g_parent_15m_slope_with+g_trend_slope_strong_with+g_mp_no_extreme    441  0.7143        4.9921        2201.50      222.28       3.774    442  0.7127        4.9695        2196.50      222.28       3.765    1    0.002 -0.0016 -0.0226        -5.00                   1
3               poly_sniper_v5_btc_5m_slotend_ofi_ts_v7                         g_slot_end_ofi_with+g_trend_slope_strong_with    568  0.9472        2.1679        1231.38       78.01       3.829    568  0.9472        2.1679        1231.38       78.01       3.829    0    0.000  0.0000  0.0000         0.00                   0
4  poly_sniper_v5_btc_5m_parent15m_notrang_ts_mpskew_v7     g_parent_15m_not_ranging+g_trend_slope_strong_with+g_mp_skew_with    561  0.5187       -5.3346       -2992.73     3187.12      -5.133    562  0.5178       -5.3340       -2997.73     3187.12      -5.142    1    0.002 -0.0009  0.0006        -5.00                   1
5               poly_sniper_v5_btc_5m_l_1hrf_imb5_rf_v8                             g_1h_rf_with+g_imb5_strong_with+g_rf_with   1509  0.7369        4.6555        7025.09      805.31       4.658   1518  0.7365        4.6277        7024.88      805.31       4.657    9    0.006 -0.0004 -0.0278        -0.21                   9
6           poly_sniper_v5_btc_5m_l_1hrf_imb5_ribbon_v8                       g_1h_rf_with+g_imb5_strong_with+g_ribbon_agrees   1509  0.7886        4.2568        6423.56      425.00       7.556   1518  0.7879        4.2301        6421.31      425.00       7.552    9    0.006 -0.0007 -0.0267        -2.25                   9
7     poly_sniper_v5_btc_5m_q_parent15mslope_ts_imb5_v8  g_parent_15m_slope_with+g_trend_slope_strong_with+g_imb5_strong_with    657  0.7230        6.1999        4073.31      913.37       4.669    660  0.7227        6.1656        4069.33      913.37       4.664    3    0.005 -0.0003 -0.0343        -3.98                   3

=== DONE ===
